Archive member included to satisfy reference by file (symbol)

C:/PROGRA~2/ARMGNU~1/133167~1.3RE/bin/../lib/gcc/arm-none-eabi/13.3.1/thumb/v7-m/nofp\libg.a(libc_a-exit.o)
                              C:/PROGRA~2/ARMGNU~1/133167~1.3RE/bin/../lib/gcc/arm-none-eabi/13.3.1/thumb/v7-m/nofp/crt0.o (exit)
C:/PROGRA~2/ARMGNU~1/133167~1.3RE/bin/../lib/gcc/arm-none-eabi/13.3.1/thumb/v7-m/nofp\libg.a(libc_a-findfp.o)
                              C:/PROGRA~2/ARMGNU~1/133167~1.3RE/bin/../lib/gcc/arm-none-eabi/13.3.1/thumb/v7-m/nofp\libg.a(libc_a-exit.o) (__stdio_exit_handler)
C:/PROGRA~2/ARMGNU~1/133167~1.3RE/bin/../lib/gcc/arm-none-eabi/13.3.1/thumb/v7-m/nofp\libg.a(libc_a-fwalk.o)
                              C:/PROGRA~2/ARMGNU~1/133167~1.3RE/bin/../lib/gcc/arm-none-eabi/13.3.1/thumb/v7-m/nofp\libg.a(libc_a-findfp.o) (_fwalk_sglue)
C:/PROGRA~2/ARMGNU~1/133167~1.3RE/bin/../lib/gcc/arm-none-eabi/13.3.1/thumb/v7-m/nofp\libg.a(libc_a-printf.o)
                              CMakeFiles/i2c_rm3100.elf.dir/Core/Src/rm3100.c.obj (printf)
C:/PROGRA~2/ARMGNU~1/133167~1.3RE/bin/../lib/gcc/arm-none-eabi/13.3.1/thumb/v7-m/nofp\libg.a(libc_a-puts.o)
                              CMakeFiles/i2c_rm3100.elf.dir/Core/Src/rm3100.c.obj (puts)
C:/PROGRA~2/ARMGNU~1/133167~1.3RE/bin/../lib/gcc/arm-none-eabi/13.3.1/thumb/v7-m/nofp\libg.a(libc_a-snprintf.o)
                              CMakeFiles/i2c_rm3100.elf.dir/Core/Src/main.c.obj (snprintf)
C:/PROGRA~2/ARMGNU~1/133167~1.3RE/bin/../lib/gcc/arm-none-eabi/13.3.1/thumb/v7-m/nofp\libg.a(libc_a-stdio.o)
                              C:/PROGRA~2/ARMGNU~1/133167~1.3RE/bin/../lib/gcc/arm-none-eabi/13.3.1/thumb/v7-m/nofp\libg.a(libc_a-findfp.o) (__sread)
C:/PROGRA~2/ARMGNU~1/133167~1.3RE/bin/../lib/gcc/arm-none-eabi/13.3.1/thumb/v7-m/nofp\libg.a(libc_a-memset.o)
                              C:/PROGRA~2/ARMGNU~1/133167~1.3RE/bin/../lib/gcc/arm-none-eabi/13.3.1/thumb/v7-m/nofp/crt0.o (memset)
C:/PROGRA~2/ARMGNU~1/133167~1.3RE/bin/../lib/gcc/arm-none-eabi/13.3.1/thumb/v7-m/nofp\libg.a(libc_a-closer.o)
                              C:/PROGRA~2/ARMGNU~1/133167~1.3RE/bin/../lib/gcc/arm-none-eabi/13.3.1/thumb/v7-m/nofp\libg.a(libc_a-stdio.o) (_close_r)
C:/PROGRA~2/ARMGNU~1/133167~1.3RE/bin/../lib/gcc/arm-none-eabi/13.3.1/thumb/v7-m/nofp\libg.a(libc_a-reent.o)
                              C:/PROGRA~2/ARMGNU~1/133167~1.3RE/bin/../lib/gcc/arm-none-eabi/13.3.1/thumb/v7-m/nofp\libg.a(libc_a-closer.o) (errno)
C:/PROGRA~2/ARMGNU~1/133167~1.3RE/bin/../lib/gcc/arm-none-eabi/13.3.1/thumb/v7-m/nofp\libg.a(libc_a-impure.o)
                              C:/PROGRA~2/ARMGNU~1/133167~1.3RE/bin/../lib/gcc/arm-none-eabi/13.3.1/thumb/v7-m/nofp\libg.a(libc_a-printf.o) (_impure_ptr)
C:/PROGRA~2/ARMGNU~1/133167~1.3RE/bin/../lib/gcc/arm-none-eabi/13.3.1/thumb/v7-m/nofp\libg.a(libc_a-lseekr.o)
                              C:/PROGRA~2/ARMGNU~1/133167~1.3RE/bin/../lib/gcc/arm-none-eabi/13.3.1/thumb/v7-m/nofp\libg.a(libc_a-stdio.o) (_lseek_r)
C:/PROGRA~2/ARMGNU~1/133167~1.3RE/bin/../lib/gcc/arm-none-eabi/13.3.1/thumb/v7-m/nofp\libg.a(libc_a-readr.o)
                              C:/PROGRA~2/ARMGNU~1/133167~1.3RE/bin/../lib/gcc/arm-none-eabi/13.3.1/thumb/v7-m/nofp\libg.a(libc_a-stdio.o) (_read_r)
C:/PROGRA~2/ARMGNU~1/133167~1.3RE/bin/../lib/gcc/arm-none-eabi/13.3.1/thumb/v7-m/nofp\libg.a(libc_a-writer.o)
                              C:/PROGRA~2/ARMGNU~1/133167~1.3RE/bin/../lib/gcc/arm-none-eabi/13.3.1/thumb/v7-m/nofp\libg.a(libc_a-stdio.o) (_write_r)
C:/PROGRA~2/ARMGNU~1/133167~1.3RE/bin/../lib/gcc/arm-none-eabi/13.3.1/thumb/v7-m/nofp\libg.a(libc_a-errno.o)
                              CMakeFiles/i2c_rm3100.elf.dir/Core/Src/syscalls.c.obj (__errno)
C:/PROGRA~2/ARMGNU~1/133167~1.3RE/bin/../lib/gcc/arm-none-eabi/13.3.1/thumb/v7-m/nofp\libg.a(libc_a-init.o)
                              C:/PROGRA~2/ARMGNU~1/133167~1.3RE/bin/../lib/gcc/arm-none-eabi/13.3.1/thumb/v7-m/nofp/crt0.o (__libc_init_array)
C:/PROGRA~2/ARMGNU~1/133167~1.3RE/bin/../lib/gcc/arm-none-eabi/13.3.1/thumb/v7-m/nofp\libg.a(libc_a-lock.o)
                              C:/PROGRA~2/ARMGNU~1/133167~1.3RE/bin/../lib/gcc/arm-none-eabi/13.3.1/thumb/v7-m/nofp\libg.a(libc_a-findfp.o) (__retarget_lock_init_recursive)
C:/PROGRA~2/ARMGNU~1/133167~1.3RE/bin/../lib/gcc/arm-none-eabi/13.3.1/thumb/v7-m/nofp\libg.a(libc_a-memcpy.o)
                              CMakeFiles/i2c_rm3100.elf.dir/Core/Src/main.c.obj (memcpy)
C:/PROGRA~2/ARMGNU~1/133167~1.3RE/bin/../lib/gcc/arm-none-eabi/13.3.1/thumb/v7-m/nofp\libg.a(libc_a-strlen-stub.o)
                              CMakeFiles/i2c_rm3100.elf.dir/Core/Src/main.c.obj (strlen)
C:/PROGRA~2/ARMGNU~1/133167~1.3RE/bin/../lib/gcc/arm-none-eabi/13.3.1/thumb/v7-m/nofp\libg.a(libc_a-__call_atexit.o)
                              C:/PROGRA~2/ARMGNU~1/133167~1.3RE/bin/../lib/gcc/arm-none-eabi/13.3.1/thumb/v7-m/nofp\libg.a(libc_a-exit.o) (__call_exitprocs)
[...]
Memory Configuration

Name             Origin             Length             Attributes
RAM              0x20000000         0x00005000         xrw
FLASH            0x08000000         0x00010000         xr
*default*        0x00000000         0xffffffff

Linker script and memory map

LOAD C:/PROGRA~2/ARMGNU~1/133167~1.3RE/bin/../lib/gcc/arm-none-eabi/13.3.1/thumb/v7-m/nofp/crti.o
LOAD C:/PROGRA~2/ARMGNU~1/133167~1.3RE/bin/../lib/gcc/arm-none-eabi/13.3.1/thumb/v7-m/nofp/crtbegin.o
LOAD C:/PROGRA~2/ARMGNU~1/133167~1.3RE/bin/../lib/gcc/arm-none-eabi/13.3.1/thumb/v7-m/nofp/crt0.o
LOAD CMakeFiles/i2c_rm3100.elf.dir/Core/Src/main.c.obj
LOAD CMakeFiles/i2c_rm3100.elf.dir/Core/Src/rm3100.c.obj
LOAD CMakeFiles/i2c_rm3100.elf.dir/Core/Src/stm32f1xx_hal_msp.c.obj
LOAD CMakeFiles/i2c_rm3100.elf.dir/Core/Src/stm32f1xx_it.c.obj
LOAD CMakeFiles/i2c_rm3100.elf.dir/Core/Src/syscalls.c.obj
LOAD CMakeFiles/i2c_rm3100.elf.dir/Core/Src/sysmem.c.obj
LOAD CMakeFiles/i2c_rm3100.elf.dir/Core/Src/system_stm32f1xx.c.obj
LOAD CMakeFiles/i2c_rm3100.elf.dir/Core/Startup/startup_stm32f103c8tx.s.obj
LOAD CMakeFiles/i2c_rm3100.elf.dir/Drivers/STM32F1xx_HAL_Driver/Src/stm32f1xx_hal.c.obj
LOAD CMakeFiles/i2c_rm3100.elf.dir/Drivers/STM32F1xx_HAL_Driver/Src/stm32f1xx_hal_cortex.c.obj
LOAD CMakeFiles/i2c_rm3100.elf.dir/Drivers/STM32F1xx_HAL_Driver/Src/stm32f1xx_hal_dma.c.obj
LOAD CMakeFiles/i2c_rm3100.elf.dir/Drivers/STM32F1xx_HAL_Driver/Src/stm32f1xx_hal_exti.c.obj
LOAD CMakeFiles/i2c_rm3100.elf.dir/Drivers/STM32F1xx_HAL_Driver/Src/stm32f1xx_hal_flash.c.obj
LOAD CMakeFiles/i2c_rm3100.elf.dir/Drivers/STM32F1xx_HAL_Driver/Src/stm32f1xx_hal_flash_ex.c.obj
LOAD CMakeFiles/i2c_rm3100.elf.dir/Drivers/STM32F1xx_HAL_Driver/Src/stm32f1xx_hal_gpio.c.obj
LOAD CMakeFiles/i2c_rm3100.elf.dir/Drivers/STM32F1xx_HAL_Driver/Src/stm32f1xx_hal_gpio_ex.c.obj
LOAD CMakeFiles/i2c_rm3100.elf.dir/Drivers/STM32F1xx_HAL_Driver/Src/stm32f1xx_hal_i2c.c.obj
LOAD CMakeFiles/i2c_rm3100.elf.dir/Drivers/STM32F1xx_HAL_Driver/Src/stm32f1xx_hal_pwr.c.obj
LOAD CMakeFiles/i2c_rm3100.elf.dir/Drivers/STM32F1xx_HAL_Driver/Src/stm32f1xx_hal_rcc.c.obj
LOAD CMakeFiles/i2c_rm3100.elf.dir/Drivers/STM32F1xx_HAL_Driver/Src/stm32f1xx_hal_rcc_ex.c.obj
LOAD CMakeFiles/i2c_rm3100.elf.dir/Drivers/STM32F1xx_HAL_Driver/Src/stm32f1xx_hal_tim.c.obj
LOAD CMakeFiles/i2c_rm3100.elf.dir/Drivers/STM32F1xx_HAL_Driver/Src/stm32f1xx_hal_tim_ex.c.obj
LOAD CMakeFiles/i2c_rm3100.elf.dir/Drivers/STM32F1xx_HAL_Driver/Src/stm32f1xx_hal_uart.c.obj
START GROUP
LOAD C:/PROGRA~2/ARMGNU~1/133167~1.3RE/bin/../lib/gcc/arm-none-eabi/13.3.1/thumb/v7-m/nofp\libgcc.a
LOAD C:/PROGRA~2/ARMGNU~1/133167~1.3RE/bin/../lib/gcc/arm-none-eabi/13.3.1/thumb/v7-m/nofp\libg.a
LOAD C:/PROGRA~2/ARMGNU~1/133167~1.3RE/bin/../lib/gcc/arm-none-eabi/13.3.1/thumb/v7-m/nofp\libc.a
END GROUP
LOAD C:/PROGRA~2/ARMGNU~1/133167~1.3RE/bin/../lib/gcc/arm-none-eabi/13.3.1/thumb/v7-m/nofp/crtend.o
LOAD C:/PROGRA~2/ARMGNU~1/133167~1.3RE/bin/../lib/gcc/arm-none-eabi/13.3.1/thumb/v7-m/nofp/crtn.o
                0x20005000                        _estack = (ORIGIN (RAM) + LENGTH (RAM))
                0x00000200                        _Min_Heap_Size = 0x200
                0x00000400                        _Min_Stack_Size = 0x400

.isr_vector     0x08000000      0x10c
                0x08000000                        . = ALIGN (0x4)
 *(.isr_vector)
 .isr_vector    0x08000000      0x10c CMakeFiles/i2c_rm3100.elf.dir/Core/Startup/startup_stm32f103c8tx.s.obj
                0x08000000                g_pfnVectors
                0x0800010c                        . = ALIGN (0x4)

.text           0x08000110     0xb07c
                0x08000110                        . = ALIGN (0x4)
 *(.text)
 .text          0x08000110       0xec C:/PROGRA~2/ARMGNU~1/133167~1.3RE/bin/../lib/gcc/arm-none-eabi/13.3.1/thumb/v7-m/nofp\libg.a(libc_a-memcpy.o)
                0x08000110                memcpy
 .text          0x080001fc      0x378 C:/PROGRA~2/ARMGNU~1/133167~1.3RE/bin/../lib/gcc/arm-none-eabi/13.3.1/thumb/v7-m/nofp\libgcc.a(_arm_addsubdf3.o)
                0x080001fc                __aeabi_drsub
                0x08000204                __aeabi_dsub
                0x08000204                __subdf3
                0x08000208                __aeabi_dadd
                0x08000208                __adddf3
                0x08000480                __floatunsidf
                0x08000480                __aeabi_ui2d
                0x080004a0                __floatsidf
                0x080004a0                __aeabi_i2d
                0x080004c4                __aeabi_f2d
                0x080004c4                __extendsfdf2
                0x08000508                __floatundidf
                0x08000508                __aeabi_ul2d
                0x08000518                __floatdidf
                0x08000518                __aeabi_l2d
 .text          0x08000574      0x424 C:/PROGRA~2/ARMGNU~1/133167~1.3RE/bin/../lib/gcc/arm-none-eabi/13.3.1/thumb/v7-m/nofp\libgcc.a(_arm_muldivdf3.o)
                0x08000574                __aeabi_dmul
                0x08000574                __muldf3
                0x080007c8                __divdf3
                0x080007c8                __aeabi_ddiv
 .text          0x08000998      0x110 C:/PROGRA~2/ARMGNU~1/133167~1.3RE/bin/../lib/gcc/arm-none-eabi/13.3.1/thumb/v7-m/nofp\libgcc.a(_arm_cmpdf2.o)
                0x08000998                __gtdf2
                0x08000998                __gedf2
                0x080009a0                __ltdf2
                0x080009a0                __ledf2
                0x080009a8                __nedf2
                0x080009a8                __eqdf2
                0x080009a8                __cmpdf2
                0x08000a24                __aeabi_cdrcmple
                0x08000a34                __aeabi_cdcmpeq
                0x08000a34                __aeabi_cdcmple
                0x08000a44                __aeabi_dcmpeq
                0x08000a58                __aeabi_dcmplt
                0x08000a6c                __aeabi_dcmple
                0x08000a80                __aeabi_dcmpge
                0x08000a94                __aeabi_dcmpgt
 .text          0x08000aa8       0x2c C:/PROGRA~2/ARMGNU~1/133167~1.3RE/bin/../lib/gcc/arm-none-eabi/13.3.1/thumb/v7-m/nofp\libgcc.a(_arm_unorddf2.o)
                0x08000aa8                __unorddf2
                0x08000aa8                __aeabi_dcmpun
 .text          0x08000ad4       0x50 C:/PROGRA~2/ARMGNU~1/133167~1.3RE/bin/../lib/gcc/arm-none-eabi/13.3.1/thumb/v7-m/nofp\libgcc.a(_arm_fixdfsi.o)
                0x08000ad4                __aeabi_d2iz
                0x08000ad4                __fixdfsi
 *(.text*)
 .text.deregister_tm_clones
                0x08000b24       0x1c C:/PROGRA~2/ARMGNU~1/133167~1.3RE/bin/../lib/gcc/arm-none-eabi/13.3.1/thumb/v7-m/nofp/crtbegin.o
 .text.register_tm_clones
                0x08000b40       0x24 C:/PROGRA~2/ARMGNU~1/133167~1.3RE/bin/../lib/gcc/arm-none-eabi/13.3.1/thumb/v7-m/nofp/crtbegin.o
 .text.__do_global_dtors_aux
                0x08000b64       0x28 C:/PROGRA~2/ARMGNU~1/133167~1.3RE/bin/../lib/gcc/arm-none-eabi/13.3.1/thumb/v7-m/nofp/crtbegin.o
 .text.frame_dummy
                0x08000b8c       0x24 C:/PROGRA~2/ARMGNU~1/133167~1.3RE/bin/../lib/gcc/arm-none-eabi/13.3.1/thumb/v7-m/nofp/crtbegin.o
 .text.MX_GPIO_Init
                0x08000bb0       0x30 CMakeFiles/i2c_rm3100.elf.dir/Core/Src/main.c.obj
 .text.Error_Handler
                0x08000be0        0x4 CMakeFiles/i2c_rm3100.elf.dir/Core/Src/main.c.obj
                0x08000be0                Error_Handler
 .text.MX_I2C1_Init
                0x08000be4       0x38 CMakeFiles/i2c_rm3100.elf.dir/Core/Src/main.c.obj
 .text.MX_USART1_UART_Init
                0x08000c1c       0x34 CMakeFiles/i2c_rm3100.elf.dir/Core/Src/main.c.obj
 .text.MX_I2C2_Init
                0x08000c50       0x38 CMakeFiles/i2c_rm3100.elf.dir/Core/Src/main.c.obj
 .text.SystemClock_Config
                0x08000c88       0x52 CMakeFiles/i2c_rm3100.elf.dir/Core/Src/main.c.obj
                0x08000c88                SystemClock_Config
 *fill*         0x08000cda        0x2 
 .text.main     0x08000cdc      0x1e8 CMakeFiles/i2c_rm3100.elf.dir/Core/Src/main.c.obj
                0x08000cdc                main
 .text.RM3100_CheckDataReady
                0x08000ec4       0x3c CMakeFiles/i2c_rm3100.elf.dir/Core/Src/rm3100.c.obj
                0x08000ec4                RM3100_CheckDataReady
 .text.RM3100_GetData
                0x08000f00      0x14c CMakeFiles/i2c_rm3100.elf.dir/Core/Src/rm3100.c.obj
                0x08000f00                RM3100_GetData
 .text.PrintI2CError
                0x0800104c       0xb0 CMakeFiles/i2c_rm3100.elf.dir/Core/Src/rm3100.c.obj
                0x0800104c                PrintI2CError
 .text.RM3100ReadID
                0x080010fc       0x7c CMakeFiles/i2c_rm3100.elf.dir/Core/Src/rm3100.c.obj
                0x080010fc                RM3100ReadID
 .text.RM3100_Init
                0x08001178       0x90 CMakeFiles/i2c_rm3100.elf.dir/Core/Src/rm3100.c.obj
                0x08001178                RM3100_Init
 .text.HAL_MspInit
                0x08001208       0x44 CMakeFiles/i2c_rm3100.elf.dir/Core/Src/stm32f1xx_hal_msp.c.obj
                0x08001208                HAL_MspInit
 .text.HAL_I2C_MspInit
                0x0800124c       0xac CMakeFiles/i2c_rm3100.elf.dir/Core/Src/stm32f1xx_hal_msp.c.obj
                0x0800124c                HAL_I2C_MspInit
 .text.HAL_UART_MspInit
                0x080012f8       0x78 CMakeFiles/i2c_rm3100.elf.dir/Core/Src/stm32f1xx_hal_msp.c.obj
                0x080012f8                HAL_UART_MspInit
 .text.NMI_Handler
                0x08001370        0x2 CMakeFiles/i2c_rm3100.elf.dir/Core/Src/stm32f1xx_it.c.obj
                0x08001370                NMI_Handler
 .text.HardFault_Handler
                0x08001372        0x2 CMakeFiles/i2c_rm3100.elf.dir/Core/Src/stm32f1xx_it.c.obj
                0x08001372                HardFault_Handler
 .text.MemManage_Handler
                0x08001374        0x2 CMakeFiles/i2c_rm3100.elf.dir/Core/Src/stm32f1xx_it.c.obj
                0x08001374                MemManage_Handler
 .text.BusFault_Handler
                0x08001376        0x2 CMakeFiles/i2c_rm3100.elf.dir/Core/Src/stm32f1xx_it.c.obj
                0x08001376                BusFault_Handler
 .text.UsageFault_Handler
                0x08001378        0x2 CMakeFiles/i2c_rm3100.elf.dir/Core/Src/stm32f1xx_it.c.obj
                0x08001378                UsageFault_Handler
 .text.SVC_Handler
                0x0800137a        0x2 CMakeFiles/i2c_rm3100.elf.dir/Core/Src/stm32f1xx_it.c.obj
                0x0800137a                SVC_Handler
 .text.DebugMon_Handler
                0x0800137c        0x2 CMakeFiles/i2c_rm3100.elf.dir/Core/Src/stm32f1xx_it.c.obj
                0x0800137c                DebugMon_Handler
 .text.PendSV_Handler
                0x0800137e        0x2 CMakeFiles/i2c_rm3100.elf.dir/Core/Src/stm32f1xx_it.c.obj
                0x0800137e                PendSV_Handler
 .text.SysTick_Handler
                0x08001380        0x8 CMakeFiles/i2c_rm3100.elf.dir/Core/Src/stm32f1xx_it.c.obj
                0x08001380                SysTick_Handler
 .text._getpid  0x08001388        0x4 CMakeFiles/i2c_rm3100.elf.dir/Core/Src/syscalls.c.obj
                0x08001388                _getpid
 .text._kill    0x0800138c       0x10 CMakeFiles/i2c_rm3100.elf.dir/Core/Src/syscalls.c.obj
                0x0800138c                _kill
 .text._exit    0x0800139c        0xc CMakeFiles/i2c_rm3100.elf.dir/Core/Src/syscalls.c.obj
                0x0800139c                _exit
 .text._read    0x080013a8       0x20 CMakeFiles/i2c_rm3100.elf.dir/Core/Src/syscalls.c.obj
                0x080013a8                _read
 .text._write   0x080013c8       0x1c CMakeFiles/i2c_rm3100.elf.dir/Core/Src/syscalls.c.obj
                0x080013c8                _write
 .text._close   0x080013e4        0x6 CMakeFiles/i2c_rm3100.elf.dir/Core/Src/syscalls.c.obj
                0x080013e4                _close
 .text._fstat   0x080013ea        0xa CMakeFiles/i2c_rm3100.elf.dir/Core/Src/syscalls.c.obj
                0x080013ea                _fstat
 .text._isatty  0x080013f4        0x4 CMakeFiles/i2c_rm3100.elf.dir/Core/Src/syscalls.c.obj
                0x080013f4                _isatty
 .text._lseek   0x080013f8        0x4 CMakeFiles/i2c_rm3100.elf.dir/Core/Src/syscalls.c.obj
                0x080013f8                _lseek
 .text._sbrk    0x080013fc       0x48 CMakeFiles/i2c_rm3100.elf.dir/Core/Src/sysmem.c.obj
                0x080013fc                _sbrk
 .text.SystemInit
                0x08001444        0x2 CMakeFiles/i2c_rm3100.elf.dir/Core/Src/system_stm32f1xx.c.obj
                0x08001444                SystemInit
 *fill*         0x08001446        0x2 
 .text.Reset_Handler
                0x08001448       0x48 CMakeFiles/i2c_rm3100.elf.dir/Core/Startup/startup_stm32f103c8tx.s.obj
                0x08001448                Reset_Handler
 .text.Default_Handler
                0x08001490        0x2 CMakeFiles/i2c_rm3100.elf.dir/Core/Startup/startup_stm32f103c8tx.s.obj
                0x08001490                RTC_Alarm_IRQHandler
                0x08001490                EXTI2_IRQHandler
                0x08001490                TIM1_CC_IRQHandler
                0x08001490                PVD_IRQHandler
                0x08001490                EXTI3_IRQHandler
                0x08001490                EXTI0_IRQHandler
                0x08001490                I2C2_EV_IRQHandler
                0x08001490                ADC1_2_IRQHandler
                0x08001490                SPI1_IRQHandler
                0x08001490                TAMPER_IRQHandler
                0x08001490                DMA1_Channel4_IRQHandler
                0x08001490                USART3_IRQHandler
                0x08001490                RTC_IRQHandler
                0x08001490                DMA1_Channel7_IRQHandler
                0x08001490                CAN1_RX1_IRQHandler
                0x08001490                TIM4_IRQHandler
                0x08001490                I2C1_EV_IRQHandler
                0x08001490                DMA1_Channel6_IRQHandler
                0x08001490                TIM3_IRQHandler
                0x08001490                RCC_IRQHandler
                0x08001490                TIM1_TRG_COM_IRQHandler
                0x08001490                DMA1_Channel1_IRQHandler
                0x08001490                Default_Handler
                0x08001490                EXTI15_10_IRQHandler
                0x08001490                EXTI9_5_IRQHandler
                0x08001490                SPI2_IRQHandler
                0x08001490                DMA1_Channel5_IRQHandler
                0x08001490                EXTI4_IRQHandler
                0x08001490                USB_LP_CAN1_RX0_IRQHandler
                0x08001490                USB_HP_CAN1_TX_IRQHandler
                0x08001490                DMA1_Channel3_IRQHandler
                0x08001490                TIM1_UP_IRQHandler
                0x08001490                WWDG_IRQHandler
                0x08001490                TIM2_IRQHandler
                0x08001490                TIM1_BRK_IRQHandler
                0x08001490                EXTI1_IRQHandler
                0x08001490                USART2_IRQHandler
                0x08001490                I2C2_ER_IRQHandler
                0x08001490                DMA1_Channel2_IRQHandler
                0x08001490                CAN1_SCE_IRQHandler
                0x08001490                FLASH_IRQHandler
                0x08001490                USART1_IRQHandler
                0x08001490                I2C1_ER_IRQHandler
                0x08001490                USBWakeUp_IRQHandler
 *fill*         0x08001492        0x2 
 .text.HAL_InitTick
                0x08001494       0x4c CMakeFiles/i2c_rm3100.elf.dir/Drivers/STM32F1xx_HAL_Driver/Src/stm32f1xx_hal.c.obj
                0x08001494                HAL_InitTick
 .text.HAL_Init
                0x080014e0       0x24 CMakeFiles/i2c_rm3100.elf.dir/Drivers/STM32F1xx_HAL_Driver/Src/stm32f1xx_hal.c.obj
                0x080014e0                HAL_Init
 .text.HAL_IncTick
                0x08001504       0x18 CMakeFiles/i2c_rm3100.elf.dir/Drivers/STM32F1xx_HAL_Driver/Src/stm32f1xx_hal.c.obj
                0x08001504                HAL_IncTick
 .text.HAL_GetTick
                0x0800151c        0xc CMakeFiles/i2c_rm3100.elf.dir/Drivers/STM32F1xx_HAL_Driver/Src/stm32f1xx_hal.c.obj
                0x0800151c                HAL_GetTick
 .text.HAL_Delay
                0x08001528       0x28 CMakeFiles/i2c_rm3100.elf.dir/Drivers/STM32F1xx_HAL_Driver/Src/stm32f1xx_hal.c.obj
                0x08001528                HAL_Delay
 .text.__NVIC_SetPriority
                0x08001550       0x28 CMakeFiles/i2c_rm3100.elf.dir/Drivers/STM32F1xx_HAL_Driver/Src/stm32f1xx_hal_cortex.c.obj
 .text.NVIC_EncodePriority
                0x08001578       0x3e CMakeFiles/i2c_rm3100.elf.dir/Drivers/STM32F1xx_HAL_Driver/Src/stm32f1xx_hal_cortex.c.obj
 *fill*         0x080015b6        0x2 
 .text.HAL_NVIC_SetPriorityGrouping
                0x080015b8       0x24 CMakeFiles/i2c_rm3100.elf.dir/Drivers/STM32F1xx_HAL_Driver/Src/stm32f1xx_hal_cortex.c.obj
                0x080015b8                HAL_NVIC_SetPriorityGrouping
 .text.HAL_NVIC_SetPriority
                0x080015dc       0x20 CMakeFiles/i2c_rm3100.elf.dir/Drivers/STM32F1xx_HAL_Driver/Src/stm32f1xx_hal_cortex.c.obj
                0x080015dc                HAL_NVIC_SetPriority
 .text.HAL_SYSTICK_Config
                0x080015fc       0x28 CMakeFiles/i2c_rm3100.elf.dir/Drivers/STM32F1xx_HAL_Driver/Src/stm32f1xx_hal_cortex.c.obj
                0x080015fc                HAL_SYSTICK_Config
 .text.HAL_GPIO_Init
                0x08001624      0x21c CMakeFiles/i2c_rm3100.elf.dir/Drivers/STM32F1xx_HAL_Driver/Src/stm32f1xx_hal_gpio.c.obj
                0x08001624                HAL_GPIO_Init
 .text.I2C_IsAcknowledgeFailed
                0x08001840       0x32 CMakeFiles/i2c_rm3100.elf.dir/Drivers/STM32F1xx_HAL_Driver/Src/stm32f1xx_hal_i2c.c.obj
 .text.I2C_WaitOnFlagUntilTimeout
                0x08001872       0xaa CMakeFiles/i2c_rm3100.elf.dir/Drivers/STM32F1xx_HAL_Driver/Src/stm32f1xx_hal_i2c.c.obj
 .text.I2C_WaitOnMasterAddressFlagUntilTimeout
                0x0800191c       0xd6 CMakeFiles/i2c_rm3100.elf.dir/Drivers/STM32F1xx_HAL_Driver/Src/stm32f1xx_hal_i2c.c.obj
 *fill*         0x080019f2        0x2 
 .text.I2C_MasterRequestWrite
                0x080019f4       0xb4 CMakeFiles/i2c_rm3100.elf.dir/Drivers/STM32F1xx_HAL_Driver/Src/stm32f1xx_hal_i2c.c.obj
 .text.I2C_MasterRequestRead
                0x08001aa8      0x120 CMakeFiles/i2c_rm3100.elf.dir/Drivers/STM32F1xx_HAL_Driver/Src/stm32f1xx_hal_i2c.c.obj
 .text.I2C_WaitOnTXEFlagUntilTimeout
                0x08001bc8       0x5e CMakeFiles/i2c_rm3100.elf.dir/Drivers/STM32F1xx_HAL_Driver/Src/stm32f1xx_hal_i2c.c.obj
 *fill*         0x08001c26        0x2 
 .text.I2C_RequestMemoryWrite
                0x08001c28       0xd8 CMakeFiles/i2c_rm3100.elf.dir/Drivers/STM32F1xx_HAL_Driver/Src/stm32f1xx_hal_i2c.c.obj
 .text.I2C_RequestMemoryRead
                0x08001d00      0x154 CMakeFiles/i2c_rm3100.elf.dir/Drivers/STM32F1xx_HAL_Driver/Src/stm32f1xx_hal_i2c.c.obj
 .text.I2C_WaitOnBTFFlagUntilTimeout
                0x08001e54       0x5e CMakeFiles/i2c_rm3100.elf.dir/Drivers/STM32F1xx_HAL_Driver/Src/stm32f1xx_hal_i2c.c.obj
 .text.I2C_WaitOnRXNEFlagUntilTimeout
                0x08001eb2       0x78 CMakeFiles/i2c_rm3100.elf.dir/Drivers/STM32F1xx_HAL_Driver/Src/stm32f1xx_hal_i2c.c.obj
 *fill*         0x08001f2a        0x2 
 .text.HAL_I2C_Init
                0x08001f2c      0x1bc CMakeFiles/i2c_rm3100.elf.dir/Drivers/STM32F1xx_HAL_Driver/Src/stm32f1xx_hal_i2c.c.obj
                0x08001f2c                HAL_I2C_Init
 .text.HAL_I2C_Master_Transmit
                0x080020e8      0x178 CMakeFiles/i2c_rm3100.elf.dir/Drivers/STM32F1xx_HAL_Driver/Src/stm32f1xx_hal_i2c.c.obj
                0x080020e8                HAL_I2C_Master_Transmit
 .text.HAL_I2C_Master_Receive
                0x08002260      0x358 CMakeFiles/i2c_rm3100.elf.dir/Drivers/STM32F1xx_HAL_Driver/Src/stm32f1xx_hal_i2c.c.obj
                0x08002260                HAL_I2C_Master_Receive
 .text.HAL_I2C_Mem_Write
                0x080025b8      0x164 CMakeFiles/i2c_rm3100.elf.dir/Drivers/STM32F1xx_HAL_Driver/Src/stm32f1xx_hal_i2c.c.obj
                0x080025b8                HAL_I2C_Mem_Write
 .text.HAL_I2C_Mem_Read
                0x0800271c      0x348 CMakeFiles/i2c_rm3100.elf.dir/Drivers/STM32F1xx_HAL_Driver/Src/stm32f1xx_hal_i2c.c.obj
                0x0800271c                HAL_I2C_Mem_Read
 .text.RCC_Delay
                0x08002a64       0x2c CMakeFiles/i2c_rm3100.elf.dir/Drivers/STM32F1xx_HAL_Driver/Src/stm32f1xx_hal_rcc.c.obj
 .text.HAL_RCC_OscConfig
                0x08002a90      0x410 CMakeFiles/i2c_rm3100.elf.dir/Drivers/STM32F1xx_HAL_Driver/Src/stm32f1xx_hal_rcc.c.obj
                0x08002a90                HAL_RCC_OscConfig
 .text.HAL_RCC_GetSysClockFreq
                0x08002ea0       0x54 CMakeFiles/i2c_rm3100.elf.dir/Drivers/STM32F1xx_HAL_Driver/Src/stm32f1xx_hal_rcc.c.obj
                0x08002ea0                HAL_RCC_GetSysClockFreq
 .text.HAL_RCC_ClockConfig
                0x08002ef4      0x16c CMakeFiles/i2c_rm3100.elf.dir/Drivers/STM32F1xx_HAL_Driver/Src/stm32f1xx_hal_rcc.c.obj
                0x08002ef4                HAL_RCC_ClockConfig
 .text.HAL_RCC_GetHCLKFreq
                0x08003060        0xc CMakeFiles/i2c_rm3100.elf.dir/Drivers/STM32F1xx_HAL_Driver/Src/stm32f1xx_hal_rcc.c.obj
                0x08003060                HAL_RCC_GetHCLKFreq
 .text.HAL_RCC_GetPCLK1Freq
                0x0800306c       0x20 CMakeFiles/i2c_rm3100.elf.dir/Drivers/STM32F1xx_HAL_Driver/Src/stm32f1xx_hal_rcc.c.obj
                0x0800306c                HAL_RCC_GetPCLK1Freq
 .text.HAL_RCC_GetPCLK2Freq
                0x0800308c       0x20 CMakeFiles/i2c_rm3100.elf.dir/Drivers/STM32F1xx_HAL_Driver/Src/stm32f1xx_hal_rcc.c.obj
                0x0800308c                HAL_RCC_GetPCLK2Freq
 .text.UART_SetConfig
                0x080030ac       0x94 CMakeFiles/i2c_rm3100.elf.dir/Drivers/STM32F1xx_HAL_Driver/Src/stm32f1xx_hal_uart.c.obj
 .text.UART_WaitOnFlagUntilTimeout
                0x08003140       0x84 CMakeFiles/i2c_rm3100.elf.dir/Drivers/STM32F1xx_HAL_Driver/Src/stm32f1xx_hal_uart.c.obj
 .text.HAL_UART_Init
                0x080031c4       0x60 CMakeFiles/i2c_rm3100.elf.dir/Drivers/STM32F1xx_HAL_Driver/Src/stm32f1xx_hal_uart.c.obj
                0x080031c4                HAL_UART_Init
 .text.HAL_UART_Transmit
                0x08003224       0xbe CMakeFiles/i2c_rm3100.elf.dir/Drivers/STM32F1xx_HAL_Driver/Src/stm32f1xx_hal_uart.c.obj
                0x08003224                HAL_UART_Transmit
 *fill*         0x080032e2        0x2 
 .text.stdio_exit_handler
                0x080032e4       0x18 C:/PROGRA~2/ARMGNU~1/133167~1.3RE/bin/../lib/gcc/arm-none-eabi/13.3.1/thumb/v7-m/nofp\libg.a(libc_a-findfp.o)
 .text.cleanup_stdio
                0x080032fc       0x40 C:/PROGRA~2/ARMGNU~1/133167~1.3RE/bin/../lib/gcc/arm-none-eabi/13.3.1/thumb/v7-m/nofp\libg.a(libc_a-findfp.o)
 .text.global_stdio_init.part.0
                0x0800333c       0xf0 C:/PROGRA~2/ARMGNU~1/133167~1.3RE/bin/../lib/gcc/arm-none-eabi/13.3.1/thumb/v7-m/nofp\libg.a(libc_a-findfp.o)
 .text.__sinit  0x0800342c       0x3c C:/PROGRA~2/ARMGNU~1/133167~1.3RE/bin/../lib/gcc/arm-none-eabi/13.3.1/thumb/v7-m/nofp\libg.a(libc_a-findfp.o)
                0x0800342c                __sinit
 .text.__sfp_lock_acquire
                0x08003468        0xc C:/PROGRA~2/ARMGNU~1/133167~1.3RE/bin/../lib/gcc/arm-none-eabi/13.3.1/thumb/v7-m/nofp\libg.a(libc_a-findfp.o)
                0x08003468                __sfp_lock_acquire
 .text.__sfp_lock_release
                0x08003474        0xc C:/PROGRA~2/ARMGNU~1/133167~1.3RE/bin/../lib/gcc/arm-none-eabi/13.3.1/thumb/v7-m/nofp\libg.a(libc_a-findfp.o)
                0x08003474                __sfp_lock_release
 .text._fwalk_sglue
                0x08003480       0x44 C:/PROGRA~2/ARMGNU~1/133167~1.3RE/bin/../lib/gcc/arm-none-eabi/13.3.1/thumb/v7-m/nofp\libg.a(libc_a-fwalk.o)
                0x08003480                _fwalk_sglue
 .text.printf   0x080034c4       0x28 C:/PROGRA~2/ARMGNU~1/133167~1.3RE/bin/../lib/gcc/arm-none-eabi/13.3.1/thumb/v7-m/nofp\libg.a(libc_a-printf.o)
                0x080034c4                printf
 .text._puts_r  0x080034ec       0xa4 C:/PROGRA~2/ARMGNU~1/133167~1.3RE/bin/../lib/gcc/arm-none-eabi/13.3.1/thumb/v7-m/nofp\libg.a(libc_a-puts.o)
                0x080034ec                _puts_r
 .text.puts     0x08003590       0x10 C:/PROGRA~2/ARMGNU~1/133167~1.3RE/bin/../lib/gcc/arm-none-eabi/13.3.1/thumb/v7-m/nofp\libg.a(libc_a-puts.o)
                0x08003590                puts
 .text.snprintf
                0x080035a0       0x8c C:/PROGRA~2/ARMGNU~1/133167~1.3RE/bin/../lib/gcc/arm-none-eabi/13.3.1/thumb/v7-m/nofp\libg.a(libc_a-snprintf.o)
                0x080035a0                snprintf
 .text.__sread  0x0800362c       0x24 C:/PROGRA~2/ARMGNU~1/133167~1.3RE/bin/../lib/gcc/arm-none-eabi/13.3.1/thumb/v7-m/nofp\libg.a(libc_a-stdio.o)
                0x0800362c                __sread
 .text.__swrite
                0x08003650       0x40 C:/PROGRA~2/ARMGNU~1/133167~1.3RE/bin/../lib/gcc/arm-none-eabi/13.3.1/thumb/v7-m/nofp\libg.a(libc_a-stdio.o)
                0x08003650                __swrite
 .text.__sseek  0x08003690       0x24 C:/PROGRA~2/ARMGNU~1/133167~1.3RE/bin/../lib/gcc/arm-none-eabi/13.3.1/thumb/v7-m/nofp\libg.a(libc_a-stdio.o)
                0x08003690                __sseek
 .text.__sclose
                0x080036b4        0x8 C:/PROGRA~2/ARMGNU~1/133167~1.3RE/bin/../lib/gcc/arm-none-eabi/13.3.1/thumb/v7-m/nofp\libg.a(libc_a-stdio.o)
                0x080036b4                __sclose
 .text.memset   0x080036bc       0xa0 C:/PROGRA~2/ARMGNU~1/133167~1.3RE/bin/../lib/gcc/arm-none-eabi/13.3.1/thumb/v7-m/nofp\libg.a(libc_a-memset.o)
                0x080036bc                memset
 .text._close_r
                0x0800375c       0x24 C:/PROGRA~2/ARMGNU~1/133167~1.3RE/bin/../lib/gcc/arm-none-eabi/13.3.1/thumb/v7-m/nofp\libg.a(libc_a-closer.o)
                0x0800375c                _close_r
 .text._lseek_r
                0x08003780       0x2c C:/PROGRA~2/ARMGNU~1/133167~1.3RE/bin/../lib/gcc/arm-none-eabi/13.3.1/thumb/v7-m/nofp\libg.a(libc_a-lseekr.o)
                0x08003780                _lseek_r
 .text._read_r  0x080037ac       0x2c C:/PROGRA~2/ARMGNU~1/133167~1.3RE/bin/../lib/gcc/arm-none-eabi/13.3.1/thumb/v7-m/nofp\libg.a(libc_a-readr.o)
                0x080037ac                _read_r
 .text._write_r
                0x080037d8       0x2c C:/PROGRA~2/ARMGNU~1/133167~1.3RE/bin/../lib/gcc/arm-none-eabi/13.3.1/thumb/v7-m/nofp\libg.a(libc_a-writer.o)
                0x080037d8                _write_r
 .text.__errno  0x08003804        0xc C:/PROGRA~2/ARMGNU~1/133167~1.3RE/bin/../lib/gcc/arm-none-eabi/13.3.1/thumb/v7-m/nofp\libg.a(libc_a-errno.o)
                0x08003804                __errno
 .text.__libc_init_array
                0x08003810       0x50 C:/PROGRA~2/ARMGNU~1/133167~1.3RE/bin/../lib/gcc/arm-none-eabi/13.3.1/thumb/v7-m/nofp\libg.a(libc_a-init.o)
                0x08003810                __libc_init_array
 .text.__retarget_lock_init_recursive
                0x08003860        0x4 C:/PROGRA~2/ARMGNU~1/133167~1.3RE/bin/../lib/gcc/arm-none-eabi/13.3.1/thumb/v7-m/nofp\libg.a(libc_a-lock.o)
                0x08003860                __retarget_lock_init_recursive
 .text.__retarget_lock_close_recursive
                0x08003864        0x4 C:/PROGRA~2/ARMGNU~1/133167~1.3RE/bin/../lib/gcc/arm-none-eabi/13.3.1/thumb/v7-m/nofp\libg.a(libc_a-lock.o)
                0x08003864                __retarget_lock_close_recursive
 .text.__retarget_lock_acquire_recursive
                0x08003868        0x4 C:/PROGRA~2/ARMGNU~1/133167~1.3RE/bin/../lib/gcc/arm-none-eabi/13.3.1/thumb/v7-m/nofp\libg.a(libc_a-lock.o)
                0x08003868                __retarget_lock_acquire_recursive
 .text.__retarget_lock_release_recursive
                0x0800386c        0x4 C:/PROGRA~2/ARMGNU~1/133167~1.3RE/bin/../lib/gcc/arm-none-eabi/13.3.1/thumb/v7-m/nofp\libg.a(libc_a-lock.o)
                0x0800386c                __retarget_lock_release_recursive
 .text.strlen   0x08003870       0x5c C:/PROGRA~2/ARMGNU~1/133167~1.3RE/bin/../lib/gcc/arm-none-eabi/13.3.1/thumb/v7-m/nofp\libg.a(libc_a-strlen-stub.o)
                0x08003870                strlen
 .text.startup.register_fini
                0x080038cc       0x14 C:/PROGRA~2/ARMGNU~1/133167~1.3RE/bin/../lib/gcc/arm-none-eabi/13.3.1/thumb/v7-m/nofp\libg.a(libc_a-__call_atexit.o)
 .text.atexit   0x080038e0        0xc C:/PROGRA~2/ARMGNU~1/133167~1.3RE/bin/../lib/gcc/arm-none-eabi/13.3.1/thumb/v7-m/nofp\libg.a(libc_a-atexit.o)
                0x080038e0                atexit
 .text._malloc_trim_r
                0x080038ec       0xb8 C:/PROGRA~2/ARMGNU~1/133167~1.3RE/bin/../lib/gcc/arm-none-eabi/13.3.1/thumb/v7-m/nofp\libg.a(libc_a-freer.o)
                0x080038ec                _malloc_trim_r
 .text._free_r  0x080039a4      0x1f8 C:/PROGRA~2/ARMGNU~1/133167~1.3RE/bin/../lib/gcc/arm-none-eabi/13.3.1/thumb/v7-m/nofp\libg.a(libc_a-freer.o)
                0x080039a4                _free_r
 .text._malloc_r
                0x08003b9c      0x568 C:/PROGRA~2/ARMGNU~1/133167~1.3RE/bin/../lib/gcc/arm-none-eabi/13.3.1/thumb/v7-m/nofp\libg.a(libc_a-mallocr.o)
                0x08003b9c                _malloc_r
 .text.__malloc_lock
                0x08004104        0xc C:/PROGRA~2/ARMGNU~1/133167~1.3RE/bin/../lib/gcc/arm-none-eabi/13.3.1/thumb/v7-m/nofp\libg.a(libc_a-mlock.o)
                0x08004104                __malloc_lock
 .text.__malloc_unlock
                0x08004110        0xc C:/PROGRA~2/ARMGNU~1/133167~1.3RE/bin/../lib/gcc/arm-none-eabi/13.3.1/thumb/v7-m/nofp\libg.a(libc_a-mlock.o)
                0x08004110                __malloc_unlock
 .text._svfprintf_r
                0x0800411c     0x1b2c C:/PROGRA~2/ARMGNU~1/133167~1.3RE/bin/../lib/gcc/arm-none-eabi/13.3.1/thumb/v7-m/nofp\libg.a(libc_a-svfprintf.o)
                0x0800411c                _svfprintf_r
 .text._vfprintf_r
                0x08005c48     0x1c04 C:/PROGRA~2/ARMGNU~1/133167~1.3RE/bin/../lib/gcc/arm-none-eabi/13.3.1/thumb/v7-m/nofp\libg.a(libc_a-vfprintf.o)
                0x08005c48                _vfprintf_r
 .text.__sbprintf
                0x0800784c       0x80 C:/PROGRA~2/ARMGNU~1/133167~1.3RE/bin/../lib/gcc/arm-none-eabi/13.3.1/thumb/v7-m/nofp\libg.a(libc_a-vfprintf.o)
 .text.__sprint_r
                0x080078cc       0x20 C:/PROGRA~2/ARMGNU~1/133167~1.3RE/bin/../lib/gcc/arm-none-eabi/13.3.1/thumb/v7-m/nofp\libg.a(libc_a-sprint_r.o)
                0x080078cc                __sprint_r
 .text.__ssprint_r
                0x080078ec       0x58 C:/PROGRA~2/ARMGNU~1/133167~1.3RE/bin/../lib/gcc/arm-none-eabi/13.3.1/thumb/v7-m/nofp\libg.a(libc_a-ssprint_r.o)
                0x080078ec                __ssprint_r
 .text._fclose_r
                0x08007944       0xc0 C:/PROGRA~2/ARMGNU~1/133167~1.3RE/bin/../lib/gcc/arm-none-eabi/13.3.1/thumb/v7-m/nofp\libg.a(libc_a-fclose.o)
                0x08007944                _fclose_r
 .text.__sflush_r
                0x08007a04      0x128 C:/PROGRA~2/ARMGNU~1/133167~1.3RE/bin/../lib/gcc/arm-none-eabi/13.3.1/thumb/v7-m/nofp\libg.a(libc_a-fflush.o)
                0x08007a04                __sflush_r
 .text._fflush_r
                0x08007b2c       0x54 C:/PROGRA~2/ARMGNU~1/133167~1.3RE/bin/../lib/gcc/arm-none-eabi/13.3.1/thumb/v7-m/nofp\libg.a(libc_a-fflush.o)
                0x08007b2c                _fflush_r
 .text.__sfvwrite_r
                0x08007b80      0x2ec C:/PROGRA~2/ARMGNU~1/133167~1.3RE/bin/../lib/gcc/arm-none-eabi/13.3.1/thumb/v7-m/nofp\libg.a(libc_a-fvwrite.o)
                0x08007b80                __sfvwrite_r
 .text.__swsetup_r
                0x08007e6c       0xc4 C:/PROGRA~2/ARMGNU~1/133167~1.3RE/bin/../lib/gcc/arm-none-eabi/13.3.1/thumb/v7-m/nofp\libg.a(libc_a-wsetup.o)
                0x08007e6c                __swsetup_r
 .text.memmove  0x08007f30       0xfc C:/PROGRA~2/ARMGNU~1/133167~1.3RE/bin/../lib/gcc/arm-none-eabi/13.3.1/thumb/v7-m/nofp\libg.a(libc_a-memmove.o)
                0x08007f30                memmove
 .text.strncpy  0x0800802c       0x6c C:/PROGRA~2/ARMGNU~1/133167~1.3RE/bin/../lib/gcc/arm-none-eabi/13.3.1/thumb/v7-m/nofp\libg.a(libc_a-strncpy.o)
                0x0800802c                strncpy
 .text.__locale_mb_cur_max
                0x08008098        0xc C:/PROGRA~2/ARMGNU~1/133167~1.3RE/bin/../lib/gcc/arm-none-eabi/13.3.1/thumb/v7-m/nofp\libg.a(libc_a-locale.o)
                0x08008098                __locale_mb_cur_max
 .text._localeconv_r
                0x080080a4        0x8 C:/PROGRA~2/ARMGNU~1/133167~1.3RE/bin/../lib/gcc/arm-none-eabi/13.3.1/thumb/v7-m/nofp\libg.a(libc_a-localeconv.o)
                0x080080a4                _localeconv_r
 .text._sbrk_r  0x080080ac       0x24 C:/PROGRA~2/ARMGNU~1/133167~1.3RE/bin/../lib/gcc/arm-none-eabi/13.3.1/thumb/v7-m/nofp\libg.a(libc_a-sbrkr.o)
                0x080080ac                _sbrk_r
 .text.__libc_fini_array
                0x080080d0       0x28 C:/PROGRA~2/ARMGNU~1/133167~1.3RE/bin/../lib/gcc/arm-none-eabi/13.3.1/thumb/v7-m/nofp\libg.a(libc_a-fini.o)
                0x080080d0                __libc_fini_array
 .text.sysconf  0x080080f8       0x1c C:/PROGRA~2/ARMGNU~1/133167~1.3RE/bin/../lib/gcc/arm-none-eabi/13.3.1/thumb/v7-m/nofp\libg.a(libc_a-sysconf.o)
                0x080080f8                sysconf
 .text.memchr   0x08008114       0x98 C:/PROGRA~2/ARMGNU~1/133167~1.3RE/bin/../lib/gcc/arm-none-eabi/13.3.1/thumb/v7-m/nofp\libg.a(libc_a-memchr-stub.o)
                0x08008114                memchr
 .text.frexp    0x080081ac       0x6c C:/PROGRA~2/ARMGNU~1/133167~1.3RE/bin/../lib/gcc/arm-none-eabi/13.3.1/thumb/v7-m/nofp\libg.a(libm_a-s_frexp.o)
                0x080081ac                frexp
 .text.__register_exitproc
                0x08008218       0x80 C:/PROGRA~2/ARMGNU~1/133167~1.3RE/bin/../lib/gcc/arm-none-eabi/13.3.1/thumb/v7-m/nofp\libg.a(libc_a-__atexit.o)
                0x08008218                __register_exitproc
 .text.quorem   0x08008298      0x13c C:/PROGRA~2/ARMGNU~1/133167~1.3RE/bin/../lib/gcc/arm-none-eabi/13.3.1/thumb/v7-m/nofp\libg.a(libc_a-dtoa.o)
 *fill*         0x080083d4        0x4 
 .text._dtoa_r  0x080083d8      0xe94 C:/PROGRA~2/ARMGNU~1/133167~1.3RE/bin/../lib/gcc/arm-none-eabi/13.3.1/thumb/v7-m/nofp\libg.a(libc_a-dtoa.o)
                0x080083d8                _dtoa_r
 .text.__ascii_mbtowc
                0x0800926c       0x2c C:/PROGRA~2/ARMGNU~1/133167~1.3RE/bin/../lib/gcc/arm-none-eabi/13.3.1/thumb/v7-m/nofp\libg.a(libc_a-mbtowc_r.o)
                0x0800926c                __ascii_mbtowc
 .text._Balloc  0x08009298       0x4c C:/PROGRA~2/ARMGNU~1/133167~1.3RE/bin/../lib/gcc/arm-none-eabi/13.3.1/thumb/v7-m/nofp\libg.a(libc_a-mprec.o)
                0x08009298                _Balloc
 .text._Bfree   0x080092e4       0x14 C:/PROGRA~2/ARMGNU~1/133167~1.3RE/bin/../lib/gcc/arm-none-eabi/13.3.1/thumb/v7-m/nofp\libg.a(libc_a-mprec.o)
                0x080092e4                _Bfree
 .text.__multadd
                0x080092f8       0xa4 C:/PROGRA~2/ARMGNU~1/133167~1.3RE/bin/../lib/gcc/arm-none-eabi/13.3.1/thumb/v7-m/nofp\libg.a(libc_a-mprec.o)
                0x080092f8                __multadd
 .text.__hi0bits
                0x0800939c       0x44 C:/PROGRA~2/ARMGNU~1/133167~1.3RE/bin/../lib/gcc/arm-none-eabi/13.3.1/thumb/v7-m/nofp\libg.a(libc_a-mprec.o)
                0x0800939c                __hi0bits
 .text.__lo0bits
                0x080093e0       0x5c C:/PROGRA~2/ARMGNU~1/133167~1.3RE/bin/../lib/gcc/arm-none-eabi/13.3.1/thumb/v7-m/nofp\libg.a(libc_a-mprec.o)
                0x080093e0                __lo0bits
 .text.__i2b    0x0800943c       0x5c C:/PROGRA~2/ARMGNU~1/133167~1.3RE/bin/../lib/gcc/arm-none-eabi/13.3.1/thumb/v7-m/nofp\libg.a(libc_a-mprec.o)
                0x0800943c                __i2b
 .text.__multiply
                0x08009498      0x164 C:/PROGRA~2/ARMGNU~1/133167~1.3RE/bin/../lib/gcc/arm-none-eabi/13.3.1/thumb/v7-m/nofp\libg.a(libc_a-mprec.o)
                0x08009498                __multiply
 .text.__pow5mult
                0x080095fc       0xb4 C:/PROGRA~2/ARMGNU~1/133167~1.3RE/bin/../lib/gcc/arm-none-eabi/13.3.1/thumb/v7-m/nofp\libg.a(libc_a-mprec.o)
                0x080095fc                __pow5mult
 .text.__lshift
                0x080096b0       0xec C:/PROGRA~2/ARMGNU~1/133167~1.3RE/bin/../lib/gcc/arm-none-eabi/13.3.1/thumb/v7-m/nofp\libg.a(libc_a-mprec.o)
                0x080096b0                __lshift
 .text.__mcmp   0x0800979c       0x40 C:/PROGRA~2/ARMGNU~1/133167~1.3RE/bin/../lib/gcc/arm-none-eabi/13.3.1/thumb/v7-m/nofp\libg.a(libc_a-mprec.o)
                0x0800979c                __mcmp
 .text.__mdiff  0x080097dc      0x178 C:/PROGRA~2/ARMGNU~1/133167~1.3RE/bin/../lib/gcc/arm-none-eabi/13.3.1/thumb/v7-m/nofp\libg.a(libc_a-mprec.o)
                0x080097dc                __mdiff
 .text.__d2b    0x08009954       0xbc C:/PROGRA~2/ARMGNU~1/133167~1.3RE/bin/../lib/gcc/arm-none-eabi/13.3.1/thumb/v7-m/nofp\libg.a(libc_a-mprec.o)
                0x08009954                __d2b
 .text._realloc_r
                0x08009a10      0x34c C:/PROGRA~2/ARMGNU~1/133167~1.3RE/bin/../lib/gcc/arm-none-eabi/13.3.1/thumb/v7-m/nofp\libg.a(libc_a-reallocr.o)
                0x08009a10                _realloc_r
 .text.__ascii_wctomb
                0x08009d5c       0x1c C:/PROGRA~2/ARMGNU~1/133167~1.3RE/bin/../lib/gcc/arm-none-eabi/13.3.1/thumb/v7-m/nofp\libg.a(libc_a-wctomb_r.o)
                0x08009d5c                __ascii_wctomb
 .text._wcrtomb_r
                0x08009d78       0x4c C:/PROGRA~2/ARMGNU~1/133167~1.3RE/bin/../lib/gcc/arm-none-eabi/13.3.1/thumb/v7-m/nofp\libg.a(libc_a-wcrtomb.o)
                0x08009d78                _wcrtomb_r
 .text._wcsrtombs_r
                0x08009dc4       0x18 C:/PROGRA~2/ARMGNU~1/133167~1.3RE/bin/../lib/gcc/arm-none-eabi/13.3.1/thumb/v7-m/nofp\libg.a(libc_a-wcsrtombs.o)
                0x08009dc4                _wcsrtombs_r
 .text.__ssputs_r
                0x08009ddc       0xc0 C:/PROGRA~2/ARMGNU~1/133167~1.3RE/bin/../lib/gcc/arm-none-eabi/13.3.1/thumb/v7-m/nofp\libg.a(libc_a-ssputs_r.o)
                0x08009ddc                __ssputs_r
 .text.__smakebuf_r
                0x08009e9c       0xdc C:/PROGRA~2/ARMGNU~1/133167~1.3RE/bin/../lib/gcc/arm-none-eabi/13.3.1/thumb/v7-m/nofp\libg.a(libc_a-makebuf.o)
                0x08009e9c                __smakebuf_r
 .text._fstat_r
                0x08009f78       0x28 C:/PROGRA~2/ARMGNU~1/133167~1.3RE/bin/../lib/gcc/arm-none-eabi/13.3.1/thumb/v7-m/nofp\libg.a(libc_a-fstatr.o)
                0x08009f78                _fstat_r
 .text._isatty_r
                0x08009fa0       0x24 C:/PROGRA~2/ARMGNU~1/133167~1.3RE/bin/../lib/gcc/arm-none-eabi/13.3.1/thumb/v7-m/nofp\libg.a(libc_a-isattyr.o)
                0x08009fa0                _isatty_r
 .text.__assert_func
                0x08009fc4       0x40 C:/PROGRA~2/ARMGNU~1/133167~1.3RE/bin/../lib/gcc/arm-none-eabi/13.3.1/thumb/v7-m/nofp\libg.a(libc_a-assert.o)
                0x08009fc4                __assert_func
 .text._calloc_r
                0x0800a004       0x6c C:/PROGRA~2/ARMGNU~1/133167~1.3RE/bin/../lib/gcc/arm-none-eabi/13.3.1/thumb/v7-m/nofp\libg.a(libc_a-callocr.o)
                0x0800a004                _calloc_r
 .text._wcsnrtombs_l
                0x0800a070       0xec C:/PROGRA~2/ARMGNU~1/133167~1.3RE/bin/../lib/gcc/arm-none-eabi/13.3.1/thumb/v7-m/nofp\libg.a(libc_a-wcsnrtombs.o)
                0x0800a070                _wcsnrtombs_l
 .text._wcsnrtombs_r
                0x0800a15c       0x24 C:/PROGRA~2/ARMGNU~1/133167~1.3RE/bin/../lib/gcc/arm-none-eabi/13.3.1/thumb/v7-m/nofp\libg.a(libc_a-wcsnrtombs.o)
                0x0800a15c                _wcsnrtombs_r
 .text.fiprintf
                0x0800a180       0x28 C:/PROGRA~2/ARMGNU~1/133167~1.3RE/bin/../lib/gcc/arm-none-eabi/13.3.1/thumb/v7-m/nofp\libg.a(libc_a-fiprintf.o)
                0x0800a180                fiprintf
 .text._vfiprintf_r
                0x0800a1a8      0xeb8 C:/PROGRA~2/ARMGNU~1/133167~1.3RE/bin/../lib/gcc/arm-none-eabi/13.3.1/thumb/v7-m/nofp\libg.a(libc_a-vfiprintf.o)
                0x0800a1a8                _vfiprintf_r
 .text.__sbprintf
                0x0800b060       0x80 C:/PROGRA~2/ARMGNU~1/133167~1.3RE/bin/../lib/gcc/arm-none-eabi/13.3.1/thumb/v7-m/nofp\libg.a(libc_a-vfiprintf.o)
 .text.abort    0x0800b0e0       0x10 C:/PROGRA~2/ARMGNU~1/133167~1.3RE/bin/../lib/gcc/arm-none-eabi/13.3.1/thumb/v7-m/nofp\libg.a(libc_a-abort.o)
                0x0800b0e0                abort
 .text.raise    0x0800b0f0       0x58 C:/PROGRA~2/ARMGNU~1/133167~1.3RE/bin/../lib/gcc/arm-none-eabi/13.3.1/thumb/v7-m/nofp\libg.a(libc_a-signal.o)
                0x0800b0f0                raise
 .text._kill_r  0x0800b148       0x28 C:/PROGRA~2/ARMGNU~1/133167~1.3RE/bin/../lib/gcc/arm-none-eabi/13.3.1/thumb/v7-m/nofp\libg.a(libc_a-signalr.o)
                0x0800b148                _kill_r
 .text._getpid_r
                0x0800b170        0x4 C:/PROGRA~2/ARMGNU~1/133167~1.3RE/bin/../lib/gcc/arm-none-eabi/13.3.1/thumb/v7-m/nofp\libg.a(libc_a-signalr.o)
                0x0800b170                _getpid_r
 *(.glue_7)
 .glue_7        0x0800b174        0x0 linker stubs
 *(.glue_7t)
 .glue_7t       0x0800b174        0x0 linker stubs
 *(.eh_frame)
 .eh_frame      0x0800b174        0x0 C:/PROGRA~2/ARMGNU~1/133167~1.3RE/bin/../lib/gcc/arm-none-eabi/13.3.1/thumb/v7-m/nofp/crtbegin.o
 *(.init)
 .init          0x0800b174        0x4 C:/PROGRA~2/ARMGNU~1/133167~1.3RE/bin/../lib/gcc/arm-none-eabi/13.3.1/thumb/v7-m/nofp/crti.o
                0x0800b174                _init
 .init          0x0800b178        0x8 C:/PROGRA~2/ARMGNU~1/133167~1.3RE/bin/../lib/gcc/arm-none-eabi/13.3.1/thumb/v7-m/nofp/crtn.o
 *(.fini)
 .fini          0x0800b180        0x4 C:/PROGRA~2/ARMGNU~1/133167~1.3RE/bin/../lib/gcc/arm-none-eabi/13.3.1/thumb/v7-m/nofp/crti.o
                0x0800b180                _fini
 .fini          0x0800b184        0x8 C:/PROGRA~2/ARMGNU~1/133167~1.3RE/bin/../lib/gcc/arm-none-eabi/13.3.1/thumb/v7-m/nofp/crtn.o
                0x0800b18c                        . = ALIGN (0x4)
                0x0800b18c                        _etext = .

.vfp11_veneer   0x0800b18c        0x0
 .vfp11_veneer  0x0800b18c        0x0 linker stubs

.v4_bx          0x0800b18c        0x0
 .v4_bx         0x0800b18c        0x0 linker stubs

.iplt           0x0800b18c        0x0
 .iplt          0x0800b18c        0x0 C:/PROGRA~2/ARMGNU~1/133167~1.3RE/bin/../lib/gcc/arm-none-eabi/13.3.1/thumb/v7-m/nofp/crtbegin.o

.rodata         0x0800b190      0x61c
                0x0800b190                        . = ALIGN (0x4)
 *(.rodata)
 .rodata        0x0800b190        0x6 CMakeFiles/i2c_rm3100.elf.dir/Core/Src/rm3100.c.obj
 *(.rodata*)
 *fill*         0x0800b196        0x2 
 .rodata.main.str1.4
                0x0800b198      0x387 CMakeFiles/i2c_rm3100.elf.dir/Core/Src/main.c.obj
                                 0xae (size before relaxing)
 .rodata.RM3100_GetData.str1.4
                0x0800b51f       0x31 CMakeFiles/i2c_rm3100.elf.dir/Core/Src/rm3100.c.obj
 .rodata.PrintI2CError.str1.4
                0x0800b51f       0xc9 CMakeFiles/i2c_rm3100.elf.dir/Core/Src/rm3100.c.obj
 .rodata.RM3100ReadID.str1.4
                0x0800b51f       0x32 CMakeFiles/i2c_rm3100.elf.dir/Core/Src/rm3100.c.obj
 *fill*         0x0800b51f        0x1 
 .rodata.APBPrescTable
                0x0800b520        0x8 CMakeFiles/i2c_rm3100.elf.dir/Core/Src/system_stm32f1xx.c.obj
                0x0800b520                APBPrescTable
 .rodata.AHBPrescTable
                0x0800b528       0x10 CMakeFiles/i2c_rm3100.elf.dir/Core/Src/system_stm32f1xx.c.obj
                0x0800b528                AHBPrescTable
 .rodata.aPredivFactorTable.0
                0x0800b538        0x2 CMakeFiles/i2c_rm3100.elf.dir/Drivers/STM32F1xx_HAL_Driver/Src/stm32f1xx_hal_rcc.c.obj
 *fill*         0x0800b53a        0x2 
 .rodata.aPLLMULFactorTable.1
                0x0800b53c       0x10 CMakeFiles/i2c_rm3100.elf.dir/Drivers/STM32F1xx_HAL_Driver/Src/stm32f1xx_hal_rcc.c.obj
 .rodata._puts_r.str1.4
                0x0800b54c        0x2 C:/PROGRA~2/ARMGNU~1/133167~1.3RE/bin/../lib/gcc/arm-none-eabi/13.3.1/thumb/v7-m/nofp\libg.a(libc_a-puts.o)
 .rodata._svfprintf_r.str1.4
                0x0800b54c       0x42 C:/PROGRA~2/ARMGNU~1/133167~1.3RE/bin/../lib/gcc/arm-none-eabi/13.3.1/thumb/v7-m/nofp\libg.a(libc_a-svfprintf.o)
 .rodata.zeroes.0
                0x0800b54c       0x10 C:/PROGRA~2/ARMGNU~1/133167~1.3RE/bin/../lib/gcc/arm-none-eabi/13.3.1/thumb/v7-m/nofp\libg.a(libc_a-svfprintf.o)
 .rodata.blanks.1
                0x0800b55c       0x10 C:/PROGRA~2/ARMGNU~1/133167~1.3RE/bin/../lib/gcc/arm-none-eabi/13.3.1/thumb/v7-m/nofp\libg.a(libc_a-svfprintf.o)
 .rodata._vfprintf_r.str1.4
                0x0800b56c       0x42 C:/PROGRA~2/ARMGNU~1/133167~1.3RE/bin/../lib/gcc/arm-none-eabi/13.3.1/thumb/v7-m/nofp\libg.a(libc_a-vfprintf.o)
 .rodata.zeroes.0
                0x0800b56c       0x10 C:/PROGRA~2/ARMGNU~1/133167~1.3RE/bin/../lib/gcc/arm-none-eabi/13.3.1/thumb/v7-m/nofp\libg.a(libc_a-vfprintf.o)
 .rodata.blanks.1
                0x0800b57c       0x10 C:/PROGRA~2/ARMGNU~1/133167~1.3RE/bin/../lib/gcc/arm-none-eabi/13.3.1/thumb/v7-m/nofp\libg.a(libc_a-vfprintf.o)
 .rodata.str1.4
                0x0800b58c       0x4c C:/PROGRA~2/ARMGNU~1/133167~1.3RE/bin/../lib/gcc/arm-none-eabi/13.3.1/thumb/v7-m/nofp\libg.a(libc_a-locale.o)
 .rodata._dtoa_r.str1.4
                0x0800b58c       0x81 C:/PROGRA~2/ARMGNU~1/133167~1.3RE/bin/../lib/gcc/arm-none-eabi/13.3.1/thumb/v7-m/nofp\libg.a(libc_a-dtoa.o)
 .rodata.__multadd.str1.4
                0x0800b58c       0x6e C:/PROGRA~2/ARMGNU~1/133167~1.3RE/bin/../lib/gcc/arm-none-eabi/13.3.1/thumb/v7-m/nofp\libg.a(libc_a-mprec.o)
 .rodata.p05.0  0x0800b58c        0xc C:/PROGRA~2/ARMGNU~1/133167~1.3RE/bin/../lib/gcc/arm-none-eabi/13.3.1/thumb/v7-m/nofp\libg.a(libc_a-mprec.o)
 .rodata.__mprec_bigtens
                0x0800b598       0x28 C:/PROGRA~2/ARMGNU~1/133167~1.3RE/bin/../lib/gcc/arm-none-eabi/13.3.1/thumb/v7-m/nofp\libg.a(libc_a-mprec.o)
                0x0800b598                __mprec_bigtens
 .rodata.__mprec_tens
                0x0800b5c0       0xc8 C:/PROGRA~2/ARMGNU~1/133167~1.3RE/bin/../lib/gcc/arm-none-eabi/13.3.1/thumb/v7-m/nofp\libg.a(libc_a-mprec.o)
                0x0800b5c0                __mprec_tens
 .rodata._ctype_
                0x0800b688      0x101 C:/PROGRA~2/ARMGNU~1/133167~1.3RE/bin/../lib/gcc/arm-none-eabi/13.3.1/thumb/v7-m/nofp\libg.a(libc_a-ctype_.o)
                0x0800b688                _ctype_
 .rodata.__assert_func.str1.4
                0x0800b789       0x43 C:/PROGRA~2/ARMGNU~1/133167~1.3RE/bin/../lib/gcc/arm-none-eabi/13.3.1/thumb/v7-m/nofp\libg.a(libc_a-assert.o)
 .rodata._vfiprintf_r.str1.4
                0x0800b789       0x2f C:/PROGRA~2/ARMGNU~1/133167~1.3RE/bin/../lib/gcc/arm-none-eabi/13.3.1/thumb/v7-m/nofp\libg.a(libc_a-vfiprintf.o)
 *fill*         0x0800b789        0x3 
 .rodata.zeroes.0
                0x0800b78c       0x10 C:/PROGRA~2/ARMGNU~1/133167~1.3RE/bin/../lib/gcc/arm-none-eabi/13.3.1/thumb/v7-m/nofp\libg.a(libc_a-vfiprintf.o)
 .rodata.blanks.1
                0x0800b79c       0x10 C:/PROGRA~2/ARMGNU~1/133167~1.3RE/bin/../lib/gcc/arm-none-eabi/13.3.1/thumb/v7-m/nofp\libg.a(libc_a-vfiprintf.o)
                0x0800b7ac                        . = ALIGN (0x4)

.ARM.extab      0x0800b7ac        0x0
                0x0800b7ac                        . = ALIGN (0x4)
 *(.ARM.extab* .gnu.linkonce.armextab.*)
                0x0800b7ac                        . = ALIGN (0x4)

.ARM            0x0800b7ac        0x8
                0x0800b7ac                        . = ALIGN (0x4)
                0x0800b7ac                        __exidx_start = .
 *(.ARM.exidx*)
 .ARM.exidx     0x0800b7ac        0x8 C:/PROGRA~2/ARMGNU~1/133167~1.3RE/bin/../lib/gcc/arm-none-eabi/13.3.1/thumb/v7-m/nofp\libg.a(libc_a-memcpy.o)
                0x0800b7b4                        __exidx_end = .
                0x0800b7b4                        . = ALIGN (0x4)

.preinit_array  0x0800b7b4        0x0
                0x0800b7b4                        . = ALIGN (0x4)
                0x0800b7b4                        PROVIDE (__preinit_array_start = .)
 *(.preinit_array*)
                0x0800b7b4                        PROVIDE (__preinit_array_end = .)
                0x0800b7b4                        . = ALIGN (0x4)

.init_array     0x0800b7b4        0x8
                0x0800b7b4                        . = ALIGN (0x4)
                0x0800b7b4                        PROVIDE (__init_array_start = .)
 *(SORT_BY_NAME(.init_array.*))
 .init_array.00000
                0x0800b7b4        0x4 C:/PROGRA~2/ARMGNU~1/133167~1.3RE/bin/../lib/gcc/arm-none-eabi/13.3.1/thumb/v7-m/nofp\libg.a(libc_a-__call_atexit.o)
 *(.init_array*)
 .init_array    0x0800b7b8        0x4 C:/PROGRA~2/ARMGNU~1/133167~1.3RE/bin/../lib/gcc/arm-none-eabi/13.3.1/thumb/v7-m/nofp/crtbegin.o
                0x0800b7bc                        PROVIDE (__init_array_end = .)
                0x0800b7bc                        . = ALIGN (0x4)

.fini_array     0x0800b7bc        0x4
                0x0800b7bc                        . = ALIGN (0x4)
                0x0800b7bc                        PROVIDE (__fini_array_start = .)
 *(SORT_BY_NAME(.fini_array.*))
 *(.fini_array*)
 .fini_array    0x0800b7bc        0x4 C:/PROGRA~2/ARMGNU~1/133167~1.3RE/bin/../lib/gcc/arm-none-eabi/13.3.1/thumb/v7-m/nofp/crtbegin.o
                0x0800b7c0                        PROVIDE (__fini_array_end = .)
                0x0800b7c0                        . = ALIGN (0x4)
                0x0800b7c0                        _sidata = LOADADDR (.data)

.rel.dyn        0x0800b7c0        0x0
 .rel.iplt      0x0800b7c0        0x0 C:/PROGRA~2/ARMGNU~1/133167~1.3RE/bin/../lib/gcc/arm-none-eabi/13.3.1/thumb/v7-m/nofp/crtbegin.o

.data           0x20000000      0x6e4 load address 0x0800b7c0
                0x20000000                        . = ALIGN (0x4)
                0x20000000                        _sdata = .
 *(.data)
 *(.data*)
 .data.SystemCoreClock
                0x20000000        0x4 CMakeFiles/i2c_rm3100.elf.dir/Core/Src/system_stm32f1xx.c.obj
                0x20000000                SystemCoreClock
 .data.uwTickFreq
                0x20000004        0x1 CMakeFiles/i2c_rm3100.elf.dir/Drivers/STM32F1xx_HAL_Driver/Src/stm32f1xx_hal.c.obj
                0x20000004                uwTickFreq
 *fill*         0x20000005        0x3 
 .data.uwTickPrio
                0x20000008        0x4 CMakeFiles/i2c_rm3100.elf.dir/Drivers/STM32F1xx_HAL_Driver/Src/stm32f1xx_hal.c.obj
                0x20000008                uwTickPrio
 .data.__sglue  0x2000000c        0xc C:/PROGRA~2/ARMGNU~1/133167~1.3RE/bin/../lib/gcc/arm-none-eabi/13.3.1/thumb/v7-m/nofp\libg.a(libc_a-findfp.o)
                0x2000000c                __sglue
 .data._impure_ptr
                0x20000018        0x4 C:/PROGRA~2/ARMGNU~1/133167~1.3RE/bin/../lib/gcc/arm-none-eabi/13.3.1/thumb/v7-m/nofp\libg.a(libc_a-impure.o)
                0x20000018                _impure_ptr
 *fill*         0x2000001c        0x4 
 .data._impure_data
                0x20000020      0x140 C:/PROGRA~2/ARMGNU~1/133167~1.3RE/bin/../lib/gcc/arm-none-eabi/13.3.1/thumb/v7-m/nofp\libg.a(libc_a-impure.o)
                0x20000020                _impure_data
 .data.__atexit_recursive_mutex
                0x20000160        0x4 C:/PROGRA~2/ARMGNU~1/133167~1.3RE/bin/../lib/gcc/arm-none-eabi/13.3.1/thumb/v7-m/nofp\libg.a(libc_a-__call_atexit.o)
                0x20000160                __atexit_recursive_mutex
 .data.__malloc_sbrk_base
                0x20000164        0x4 C:/PROGRA~2/ARMGNU~1/133167~1.3RE/bin/../lib/gcc/arm-none-eabi/13.3.1/thumb/v7-m/nofp\libg.a(libc_a-mallocr.o)
                0x20000164                __malloc_sbrk_base
 .data.__malloc_trim_threshold
                0x20000168        0x4 C:/PROGRA~2/ARMGNU~1/133167~1.3RE/bin/../lib/gcc/arm-none-eabi/13.3.1/thumb/v7-m/nofp\libg.a(libc_a-mallocr.o)
                0x20000168                __malloc_trim_threshold
 *fill*         0x2000016c        0x4 
 .data.__malloc_av_
                0x20000170      0x408 C:/PROGRA~2/ARMGNU~1/133167~1.3RE/bin/../lib/gcc/arm-none-eabi/13.3.1/thumb/v7-m/nofp\libg.a(libc_a-mallocr.o)
                0x20000170                __malloc_av_
 .data.__global_locale
                0x20000578      0x16c C:/PROGRA~2/ARMGNU~1/133167~1.3RE/bin/../lib/gcc/arm-none-eabi/13.3.1/thumb/v7-m/nofp\libg.a(libc_a-locale.o)
                0x20000578                __global_locale
 *(.RamFunc)
 *(.RamFunc*)
                0x200006e4                        . = ALIGN (0x4)
                0x200006e4                        _edata = .

.tm_clone_table
                0x200006e4        0x0 load address 0x0800bea4
 .tm_clone_table
                0x200006e4        0x0 C:/PROGRA~2/ARMGNU~1/133167~1.3RE/bin/../lib/gcc/arm-none-eabi/13.3.1/thumb/v7-m/nofp/crtbegin.o
 .tm_clone_table
                0x200006e4        0x0 C:/PROGRA~2/ARMGNU~1/133167~1.3RE/bin/../lib/gcc/arm-none-eabi/13.3.1/thumb/v7-m/nofp/crtend.o

.igot.plt       0x200006e4        0x0 load address 0x0800bea4
 .igot.plt      0x200006e4        0x0 C:/PROGRA~2/ARMGNU~1/133167~1.3RE/bin/../lib/gcc/arm-none-eabi/13.3.1/thumb/v7-m/nofp/crtbegin.o
                0x200006e4                        . = ALIGN (0x4)

.bss            0x200006e4      0x434 load address 0x0800bea4
                0x200006e4                        _sbss = .
                0x200006e4                        __bss_start__ = _sbss
 *(.bss)
 *(.bss*)
 .bss.completed.1
                0x200006e4        0x1 C:/PROGRA~2/ARMGNU~1/133167~1.3RE/bin/../lib/gcc/arm-none-eabi/13.3.1/thumb/v7-m/nofp/crtbegin.o
 *fill*         0x200006e5        0x3 
 .bss.object.0  0x200006e8       0x18 C:/PROGRA~2/ARMGNU~1/133167~1.3RE/bin/../lib/gcc/arm-none-eabi/13.3.1/thumb/v7-m/nofp/crtbegin.o
 .bss.huart1    0x20000700       0x48 CMakeFiles/i2c_rm3100.elf.dir/Core/Src/main.c.obj
                0x20000700                huart1
 .bss.hi2c2     0x20000748       0x54 CMakeFiles/i2c_rm3100.elf.dir/Core/Src/main.c.obj
                0x20000748                hi2c2
 .bss.hi2c1     0x2000079c       0x54 CMakeFiles/i2c_rm3100.elf.dir/Core/Src/main.c.obj
                0x2000079c                hi2c1
 .bss.Mag_Data.0
                0x200007f0        0xc CMakeFiles/i2c_rm3100.elf.dir/Core/Src/rm3100.c.obj
 .bss.__sbrk_heap_end
                0x200007fc        0x4 CMakeFiles/i2c_rm3100.elf.dir/Core/Src/sysmem.c.obj
 .bss.uwTick    0x20000800        0x4 CMakeFiles/i2c_rm3100.elf.dir/Drivers/STM32F1xx_HAL_Driver/Src/stm32f1xx_hal.c.obj
                0x20000800                uwTick
 .bss.__sf      0x20000804      0x138 C:/PROGRA~2/ARMGNU~1/133167~1.3RE/bin/../lib/gcc/arm-none-eabi/13.3.1/thumb/v7-m/nofp\libg.a(libc_a-findfp.o)
                0x20000804                __sf
 .bss.__stdio_exit_handler
                0x2000093c        0x4 C:/PROGRA~2/ARMGNU~1/133167~1.3RE/bin/../lib/gcc/arm-none-eabi/13.3.1/thumb/v7-m/nofp\libg.a(libc_a-findfp.o)
                0x2000093c                __stdio_exit_handler
 .bss.errno     0x20000940        0x4 C:/PROGRA~2/ARMGNU~1/133167~1.3RE/bin/../lib/gcc/arm-none-eabi/13.3.1/thumb/v7-m/nofp\libg.a(libc_a-reent.o)
                0x20000940                errno
 .bss.__lock___malloc_recursive_mutex
                0x20000944        0x1 C:/PROGRA~2/ARMGNU~1/133167~1.3RE/bin/../lib/gcc/arm-none-eabi/13.3.1/thumb/v7-m/nofp\libg.a(libc_a-lock.o)
                0x20000944                __lock___malloc_recursive_mutex
 *fill*         0x20000945        0x3 
 .bss.__lock___atexit_recursive_mutex
                0x20000948        0x1 C:/PROGRA~2/ARMGNU~1/133167~1.3RE/bin/../lib/gcc/arm-none-eabi/13.3.1/thumb/v7-m/nofp\libg.a(libc_a-lock.o)
                0x20000948                __lock___atexit_recursive_mutex
 *fill*         0x20000949        0x3 
 .bss.__lock___sfp_recursive_mutex
                0x2000094c        0x1 C:/PROGRA~2/ARMGNU~1/133167~1.3RE/bin/../lib/gcc/arm-none-eabi/13.3.1/thumb/v7-m/nofp\libg.a(libc_a-lock.o)
                0x2000094c                __lock___sfp_recursive_mutex
 *fill*         0x2000094d        0x3 
 .bss.__atexit  0x20000950        0x4 C:/PROGRA~2/ARMGNU~1/133167~1.3RE/bin/../lib/gcc/arm-none-eabi/13.3.1/thumb/v7-m/nofp\libg.a(libc_a-__call_atexit.o)
                0x20000950                __atexit
 .bss.__malloc_current_mallinfo
                0x20000954       0x28 C:/PROGRA~2/ARMGNU~1/133167~1.3RE/bin/../lib/gcc/arm-none-eabi/13.3.1/thumb/v7-m/nofp\libg.a(libc_a-mallocr.o)
                0x20000954                __malloc_current_mallinfo
 .bss.__malloc_max_total_mem
                0x2000097c        0x4 C:/PROGRA~2/ARMGNU~1/133167~1.3RE/bin/../lib/gcc/arm-none-eabi/13.3.1/thumb/v7-m/nofp\libg.a(libc_a-mallocr.o)
                0x2000097c                __malloc_max_total_mem
 .bss.__malloc_max_sbrked_mem
                0x20000980        0x4 C:/PROGRA~2/ARMGNU~1/133167~1.3RE/bin/../lib/gcc/arm-none-eabi/13.3.1/thumb/v7-m/nofp\libg.a(libc_a-mallocr.o)
                0x20000980                __malloc_max_sbrked_mem
 .bss.__malloc_top_pad
                0x20000984        0x4 C:/PROGRA~2/ARMGNU~1/133167~1.3RE/bin/../lib/gcc/arm-none-eabi/13.3.1/thumb/v7-m/nofp\libg.a(libc_a-mallocr.o)
                0x20000984                __malloc_top_pad
 .bss.__atexit0
                0x20000988      0x190 C:/PROGRA~2/ARMGNU~1/133167~1.3RE/bin/../lib/gcc/arm-none-eabi/13.3.1/thumb/v7-m/nofp\libg.a(libc_a-__atexit.o)
                0x20000988                __atexit0
 *(COMMON)
                0x20000b18                        . = ALIGN (0x4)
                0x20000b18                        _ebss = .
                0x20000b18                        __bss_end__ = _ebss

._user_heap_stack
                0x20000b18      0x600 load address 0x0800bea4
                0x20000b18                        . = ALIGN (0x8)
                [!provide]                        PROVIDE (end = .)
                0x20000b18                        PROVIDE (_end = .)
                0x20000d18                        . = (. + _Min_Heap_Size)
 *fill*         0x20000b18      0x200 
                0x20001118                        . = (. + _Min_Stack_Size)
 *fill*         0x20000d18      0x400 
                0x20001118                        . = ALIGN (0x8)

/DISCARD/
 libc.a(*)
 libm.a(*)
 libgcc.a(*)

.ARM.attributes
                0x00000000       0x29
 *(.ARM.attributes)
 .ARM.attributes
                0x00000000       0x1d C:/PROGRA~2/ARMGNU~1/133167~1.3RE/bin/../lib/gcc/arm-none-eabi/13.3.1/thumb/v7-m/nofp/crti.o
 .ARM.attributes
                0x0000001d       0x2d C:/PROGRA~2/ARMGNU~1/133167~1.3RE/bin/../lib/gcc/arm-none-eabi/13.3.1/thumb/v7-m/nofp/crtbegin.o
 .ARM.attributes
                0x0000004a       0x2d CMakeFiles/i2c_rm3100.elf.dir/Core/Src/main.c.obj
 .ARM.attributes
                0x00000077       0x2d CMakeFiles/i2c_rm3100.elf.dir/Core/Src/rm3100.c.obj
 .ARM.attributes
                0x000000a4       0x2d CMakeFiles/i2c_rm3100.elf.dir/Core/Src/stm32f1xx_hal_msp.c.obj
 .ARM.attributes
                0x000000d1       0x2d CMakeFiles/i2c_rm3100.elf.dir/Core/Src/stm32f1xx_it.c.obj
 .ARM.attributes
                0x000000fe       0x2d CMakeFiles/i2c_rm3100.elf.dir/Core/Src/syscalls.c.obj
 .ARM.attributes
                0x0000012b       0x2d CMakeFiles/i2c_rm3100.elf.dir/Core/Src/sysmem.c.obj
 .ARM.attributes
                0x00000158       0x2d CMakeFiles/i2c_rm3100.elf.dir/Core/Src/system_stm32f1xx.c.obj
 .ARM.attributes
                0x00000185       0x21 CMakeFiles/i2c_rm3100.elf.dir/Core/Startup/startup_stm32f103c8tx.s.obj
 .ARM.attributes
                0x000001a6       0x2d CMakeFiles/i2c_rm3100.elf.dir/Drivers/STM32F1xx_HAL_Driver/Src/stm32f1xx_hal.c.obj
 .ARM.attributes
                0x000001d3       0x2d CMakeFiles/i2c_rm3100.elf.dir/Drivers/STM32F1xx_HAL_Driver/Src/stm32f1xx_hal_cortex.c.obj
 .ARM.attributes
                0x00000200       0x2d CMakeFiles/i2c_rm3100.elf.dir/Drivers/STM32F1xx_HAL_Driver/Src/stm32f1xx_hal_gpio.c.obj
 .ARM.attributes
                0x0000022d       0x2d CMakeFiles/i2c_rm3100.elf.dir/Drivers/STM32F1xx_HAL_Driver/Src/stm32f1xx_hal_i2c.c.obj
 .ARM.attributes
                0x0000025a       0x2d CMakeFiles/i2c_rm3100.elf.dir/Drivers/STM32F1xx_HAL_Driver/Src/stm32f1xx_hal_rcc.c.obj
 .ARM.attributes
                0x00000287       0x2d CMakeFiles/i2c_rm3100.elf.dir/Drivers/STM32F1xx_HAL_Driver/Src/stm32f1xx_hal_uart.c.obj
 .ARM.attributes
                0x000002b4       0x2d C:/PROGRA~2/ARMGNU~1/133167~1.3RE/bin/../lib/gcc/arm-none-eabi/13.3.1/thumb/v7-m/nofp\libg.a(libc_a-findfp.o)
 .ARM.attributes
                0x000002e1       0x2d C:/PROGRA~2/ARMGNU~1/133167~1.3RE/bin/../lib/gcc/arm-none-eabi/13.3.1/thumb/v7-m/nofp\libg.a(libc_a-fwalk.o)
 .ARM.attributes
                0x0000030e       0x2d C:/PROGRA~2/ARMGNU~1/133167~1.3RE/bin/../lib/gcc/arm-none-eabi/13.3.1/thumb/v7-m/nofp\libg.a(libc_a-printf.o)
 .ARM.attributes
                0x0000033b       0x2d C:/PROGRA~2/ARMGNU~1/133167~1.3RE/bin/../lib/gcc/arm-none-eabi/13.3.1/thumb/v7-m/nofp\libg.a(libc_a-puts.o)
 .ARM.attributes
                0x00000368       0x2d C:/PROGRA~2/ARMGNU~1/133167~1.3RE/bin/../lib/gcc/arm-none-eabi/13.3.1/thumb/v7-m/nofp\libg.a(libc_a-snprintf.o)
 .ARM.attributes
                0x00000395       0x2d C:/PROGRA~2/ARMGNU~1/133167~1.3RE/bin/../lib/gcc/arm-none-eabi/13.3.1/thumb/v7-m/nofp\libg.a(libc_a-stdio.o)
 .ARM.attributes
                0x000003c2       0x2d C:/PROGRA~2/ARMGNU~1/133167~1.3RE/bin/../lib/gcc/arm-none-eabi/13.3.1/thumb/v7-m/nofp\libg.a(libc_a-memset.o)
 .ARM.attributes
                0x000003ef       0x2d C:/PROGRA~2/ARMGNU~1/133167~1.3RE/bin/../lib/gcc/arm-none-eabi/13.3.1/thumb/v7-m/nofp\libg.a(libc_a-closer.o)
 .ARM.attributes
                0x0000041c       0x2d C:/PROGRA~2/ARMGNU~1/133167~1.3RE/bin/../lib/gcc/arm-none-eabi/13.3.1/thumb/v7-m/nofp\libg.a(libc_a-reent.o)
 .ARM.attributes
                0x00000449       0x2d C:/PROGRA~2/ARMGNU~1/133167~1.3RE/bin/../lib/gcc/arm-none-eabi/13.3.1/thumb/v7-m/nofp\libg.a(libc_a-impure.o)
 .ARM.attributes
                0x00000476       0x2d C:/PROGRA~2/ARMGNU~1/133167~1.3RE/bin/../lib/gcc/arm-none-eabi/13.3.1/thumb/v7-m/nofp\libg.a(libc_a-lseekr.o)
 .ARM.attributes
                0x000004a3       0x2d C:/PROGRA~2/ARMGNU~1/133167~1.3RE/bin/../lib/gcc/arm-none-eabi/13.3.1/thumb/v7-m/nofp\libg.a(libc_a-readr.o)
 .ARM.attributes
                0x000004d0       0x2d C:/PROGRA~2/ARMGNU~1/133167~1.3RE/bin/../lib/gcc/arm-none-eabi/13.3.1/thumb/v7-m/nofp\libg.a(libc_a-writer.o)
 .ARM.attributes
                0x000004fd       0x2d C:/PROGRA~2/ARMGNU~1/133167~1.3RE/bin/../lib/gcc/arm-none-eabi/13.3.1/thumb/v7-m/nofp\libg.a(libc_a-errno.o)
 .ARM.attributes
                0x0000052a       0x2d C:/PROGRA~2/ARMGNU~1/133167~1.3RE/bin/../lib/gcc/arm-none-eabi/13.3.1/thumb/v7-m/nofp\libg.a(libc_a-init.o)
 .ARM.attributes
                0x00000557       0x2d C:/PROGRA~2/ARMGNU~1/133167~1.3RE/bin/../lib/gcc/arm-none-eabi/13.3.1/thumb/v7-m/nofp\libg.a(libc_a-lock.o)
 .ARM.attributes
                0x00000584       0x1b C:/PROGRA~2/ARMGNU~1/133167~1.3RE/bin/../lib/gcc/arm-none-eabi/13.3.1/thumb/v7-m/nofp\libg.a(libc_a-memcpy.o)
 .ARM.attributes
                0x0000059f       0x2d C:/PROGRA~2/ARMGNU~1/133167~1.3RE/bin/../lib/gcc/arm-none-eabi/13.3.1/thumb/v7-m/nofp\libg.a(libc_a-strlen-stub.o)
 .ARM.attributes
                0x000005cc       0x2d C:/PROGRA~2/ARMGNU~1/133167~1.3RE/bin/../lib/gcc/arm-none-eabi/13.3.1/thumb/v7-m/nofp\libg.a(libc_a-__call_atexit.o)
 .ARM.attributes
                0x000005f9       0x2d C:/PROGRA~2/ARMGNU~1/133167~1.3RE/bin/../lib/gcc/arm-none-eabi/13.3.1/thumb/v7-m/nofp\libg.a(libc_a-atexit.o)
 .ARM.attributes
                0x00000626       0x2d C:/PROGRA~2/ARMGNU~1/133167~1.3RE/bin/../lib/gcc/arm-none-eabi/13.3.1/thumb/v7-m/nofp\libg.a(libc_a-freer.o)
 .ARM.attributes
                0x00000653       0x2d C:/PROGRA~2/ARMGNU~1/133167~1.3RE/bin/../lib/gcc/arm-none-eabi/13.3.1/thumb/v7-m/nofp\libg.a(libc_a-mallocr.o)
 .ARM.attributes
                0x00000680       0x2d C:/PROGRA~2/ARMGNU~1/133167~1.3RE/bin/../lib/gcc/arm-none-eabi/13.3.1/thumb/v7-m/nofp\libg.a(libc_a-mlock.o)
 .ARM.attributes
                0x000006ad       0x2d C:/PROGRA~2/ARMGNU~1/133167~1.3RE/bin/../lib/gcc/arm-none-eabi/13.3.1/thumb/v7-m/nofp\libg.a(libc_a-svfprintf.o)
 .ARM.attributes
                0x000006da       0x2d C:/PROGRA~2/ARMGNU~1/133167~1.3RE/bin/../lib/gcc/arm-none-eabi/13.3.1/thumb/v7-m/nofp\libg.a(libc_a-vfprintf.o)
 .ARM.attributes
                0x00000707       0x2d C:/PROGRA~2/ARMGNU~1/133167~1.3RE/bin/../lib/gcc/arm-none-eabi/13.3.1/thumb/v7-m/nofp\libg.a(libc_a-sprint_r.o)
 .ARM.attributes
                0x00000734       0x2d C:/PROGRA~2/ARMGNU~1/133167~1.3RE/bin/../lib/gcc/arm-none-eabi/13.3.1/thumb/v7-m/nofp\libg.a(libc_a-ssprint_r.o)
 .ARM.attributes
                0x00000761       0x2d C:/PROGRA~2/ARMGNU~1/133167~1.3RE/bin/../lib/gcc/arm-none-eabi/13.3.1/thumb/v7-m/nofp\libg.a(libc_a-fclose.o)
 .ARM.attributes
                0x0000078e       0x2d C:/PROGRA~2/ARMGNU~1/133167~1.3RE/bin/../lib/gcc/arm-none-eabi/13.3.1/thumb/v7-m/nofp\libg.a(libc_a-fflush.o)
 .ARM.attributes
                0x000007bb       0x2d C:/PROGRA~2/ARMGNU~1/133167~1.3RE/bin/../lib/gcc/arm-none-eabi/13.3.1/thumb/v7-m/nofp\libg.a(libc_a-fvwrite.o)
 .ARM.attributes
                0x000007e8       0x2d C:/PROGRA~2/ARMGNU~1/133167~1.3RE/bin/../lib/gcc/arm-none-eabi/13.3.1/thumb/v7-m/nofp\libg.a(libc_a-wsetup.o)
 .ARM.attributes
                0x00000815       0x2d C:/PROGRA~2/ARMGNU~1/133167~1.3RE/bin/../lib/gcc/arm-none-eabi/13.3.1/thumb/v7-m/nofp\libg.a(libc_a-memmove.o)
 .ARM.attributes
                0x00000842       0x2d C:/PROGRA~2/ARMGNU~1/133167~1.3RE/bin/../lib/gcc/arm-none-eabi/13.3.1/thumb/v7-m/nofp\libg.a(libc_a-strncpy.o)
 .ARM.attributes
                0x0000086f       0x2d C:/PROGRA~2/ARMGNU~1/133167~1.3RE/bin/../lib/gcc/arm-none-eabi/13.3.1/thumb/v7-m/nofp\libg.a(libc_a-locale.o)
 .ARM.attributes
                0x0000089c       0x2d C:/PROGRA~2/ARMGNU~1/133167~1.3RE/bin/../lib/gcc/arm-none-eabi/13.3.1/thumb/v7-m/nofp\libg.a(libc_a-localeconv.o)
 .ARM.attributes
                0x000008c9       0x2d C:/PROGRA~2/ARMGNU~1/133167~1.3RE/bin/../lib/gcc/arm-none-eabi/13.3.1/thumb/v7-m/nofp\libg.a(libc_a-sbrkr.o)
 .ARM.attributes
                0x000008f6       0x2d C:/PROGRA~2/ARMGNU~1/133167~1.3RE/bin/../lib/gcc/arm-none-eabi/13.3.1/thumb/v7-m/nofp\libg.a(libc_a-fini.o)
 .ARM.attributes
                0x00000923       0x2d C:/PROGRA~2/ARMGNU~1/133167~1.3RE/bin/../lib/gcc/arm-none-eabi/13.3.1/thumb/v7-m/nofp\libg.a(libc_a-sysconf.o)
 .ARM.attributes
                0x00000950       0x2d C:/PROGRA~2/ARMGNU~1/133167~1.3RE/bin/../lib/gcc/arm-none-eabi/13.3.1/thumb/v7-m/nofp\libg.a(libc_a-memchr-stub.o)
 .ARM.attributes
                0x0000097d       0x2d C:/PROGRA~2/ARMGNU~1/133167~1.3RE/bin/../lib/gcc/arm-none-eabi/13.3.1/thumb/v7-m/nofp\libg.a(libm_a-s_frexp.o)
 .ARM.attributes
                0x000009aa       0x2d C:/PROGRA~2/ARMGNU~1/133167~1.3RE/bin/../lib/gcc/arm-none-eabi/13.3.1/thumb/v7-m/nofp\libg.a(libc_a-__atexit.o)
 .ARM.attributes
                0x000009d7       0x2d C:/PROGRA~2/ARMGNU~1/133167~1.3RE/bin/../lib/gcc/arm-none-eabi/13.3.1/thumb/v7-m/nofp\libg.a(libc_a-dtoa.o)
 .ARM.attributes
                0x00000a04       0x2d C:/PROGRA~2/ARMGNU~1/133167~1.3RE/bin/../lib/gcc/arm-none-eabi/13.3.1/thumb/v7-m/nofp\libg.a(libc_a-mbtowc_r.o)
 .ARM.attributes
                0x00000a31       0x2d C:/PROGRA~2/ARMGNU~1/133167~1.3RE/bin/../lib/gcc/arm-none-eabi/13.3.1/thumb/v7-m/nofp\libg.a(libc_a-mprec.o)
 .ARM.attributes
                0x00000a5e       0x2d C:/PROGRA~2/ARMGNU~1/133167~1.3RE/bin/../lib/gcc/arm-none-eabi/13.3.1/thumb/v7-m/nofp\libg.a(libc_a-reallocr.o)
 .ARM.attributes
                0x00000a8b       0x2d C:/PROGRA~2/ARMGNU~1/133167~1.3RE/bin/../lib/gcc/arm-none-eabi/13.3.1/thumb/v7-m/nofp\libg.a(libc_a-wctomb_r.o)
 .ARM.attributes
                0x00000ab8       0x2d C:/PROGRA~2/ARMGNU~1/133167~1.3RE/bin/../lib/gcc/arm-none-eabi/13.3.1/thumb/v7-m/nofp\libg.a(libc_a-wcrtomb.o)
 .ARM.attributes
                0x00000ae5       0x2d C:/PROGRA~2/ARMGNU~1/133167~1.3RE/bin/../lib/gcc/arm-none-eabi/13.3.1/thumb/v7-m/nofp\libg.a(libc_a-wcsrtombs.o)
 .ARM.attributes
                0x00000b12       0x2d C:/PROGRA~2/ARMGNU~1/133167~1.3RE/bin/../lib/gcc/arm-none-eabi/13.3.1/thumb/v7-m/nofp\libg.a(libc_a-ctype_.o)
 .ARM.attributes
                0x00000b3f       0x2d C:/PROGRA~2/ARMGNU~1/133167~1.3RE/bin/../lib/gcc/arm-none-eabi/13.3.1/thumb/v7-m/nofp\libg.a(libc_a-ssputs_r.o)
 .ARM.attributes
                0x00000b6c       0x2d C:/PROGRA~2/ARMGNU~1/133167~1.3RE/bin/../lib/gcc/arm-none-eabi/13.3.1/thumb/v7-m/nofp\libg.a(libc_a-makebuf.o)
 .ARM.attributes
                0x00000b99       0x2d C:/PROGRA~2/ARMGNU~1/133167~1.3RE/bin/../lib/gcc/arm-none-eabi/13.3.1/thumb/v7-m/nofp\libg.a(libc_a-fstatr.o)
 .ARM.attributes
                0x00000bc6       0x2d C:/PROGRA~2/ARMGNU~1/133167~1.3RE/bin/../lib/gcc/arm-none-eabi/13.3.1/thumb/v7-m/nofp\libg.a(libc_a-isattyr.o)
 .ARM.attributes
                0x00000bf3       0x2d C:/PROGRA~2/ARMGNU~1/133167~1.3RE/bin/../lib/gcc/arm-none-eabi/13.3.1/thumb/v7-m/nofp\libg.a(libc_a-assert.o)
 .ARM.attributes
                0x00000c20       0x2d C:/PROGRA~2/ARMGNU~1/133167~1.3RE/bin/../lib/gcc/arm-none-eabi/13.3.1/thumb/v7-m/nofp\libg.a(libc_a-callocr.o)
 .ARM.attributes
                0x00000c4d       0x2d C:/PROGRA~2/ARMGNU~1/133167~1.3RE/bin/../lib/gcc/arm-none-eabi/13.3.1/thumb/v7-m/nofp\libg.a(libc_a-wcsnrtombs.o)
 .ARM.attributes
                0x00000c7a       0x2d C:/PROGRA~2/ARMGNU~1/133167~1.3RE/bin/../lib/gcc/arm-none-eabi/13.3.1/thumb/v7-m/nofp\libg.a(libc_a-fiprintf.o)
 .ARM.attributes
                0x00000ca7       0x2d C:/PROGRA~2/ARMGNU~1/133167~1.3RE/bin/../lib/gcc/arm-none-eabi/13.3.1/thumb/v7-m/nofp\libg.a(libc_a-vfiprintf.o)
 .ARM.attributes
                0x00000cd4       0x2d C:/PROGRA~2/ARMGNU~1/133167~1.3RE/bin/../lib/gcc/arm-none-eabi/13.3.1/thumb/v7-m/nofp\libg.a(libc_a-abort.o)
 .ARM.attributes
                0x00000d01       0x2d C:/PROGRA~2/ARMGNU~1/133167~1.3RE/bin/../lib/gcc/arm-none-eabi/13.3.1/thumb/v7-m/nofp\libg.a(libc_a-signal.o)
 .ARM.attributes
                0x00000d2e       0x2d C:/PROGRA~2/ARMGNU~1/133167~1.3RE/bin/../lib/gcc/arm-none-eabi/13.3.1/thumb/v7-m/nofp\libg.a(libc_a-signalr.o)
 .ARM.attributes
                0x00000d5b       0x1d C:/PROGRA~2/ARMGNU~1/133167~1.3RE/bin/../lib/gcc/arm-none-eabi/13.3.1/thumb/v7-m/nofp\libgcc.a(_arm_addsubdf3.o)
 .ARM.attributes
                0x00000d78       0x1d C:/PROGRA~2/ARMGNU~1/133167~1.3RE/bin/../lib/gcc/arm-none-eabi/13.3.1/thumb/v7-m/nofp\libgcc.a(_arm_muldivdf3.o)
 .ARM.attributes
                0x00000d95       0x1d C:/PROGRA~2/ARMGNU~1/133167~1.3RE/bin/../lib/gcc/arm-none-eabi/13.3.1/thumb/v7-m/nofp\libgcc.a(_arm_cmpdf2.o)
 .ARM.attributes
                0x00000db2       0x1d C:/PROGRA~2/ARMGNU~1/133167~1.3RE/bin/../lib/gcc/arm-none-eabi/13.3.1/thumb/v7-m/nofp\libgcc.a(_arm_unorddf2.o)
 .ARM.attributes
                0x00000dcf       0x1d C:/PROGRA~2/ARMGNU~1/133167~1.3RE/bin/../lib/gcc/arm-none-eabi/13.3.1/thumb/v7-m/nofp\libgcc.a(_arm_fixdfsi.o)
 .ARM.attributes
                0x00000dec       0x2d C:/PROGRA~2/ARMGNU~1/133167~1.3RE/bin/../lib/gcc/arm-none-eabi/13.3.1/thumb/v7-m/nofp/crtend.o
 .ARM.attributes
                0x00000e19       0x1d C:/PROGRA~2/ARMGNU~1/133167~1.3RE/bin/../lib/gcc/arm-none-eabi/13.3.1/thumb/v7-m/nofp/crtn.o
OUTPUT(i2c_rm3100.elf elf32-littlearm)
LOAD linker stubs
LOAD C:/PROGRA~2/ARMGNU~1/133167~1.3RE/bin/../lib/gcc/arm-none-eabi/13.3.1/thumb/v7-m/nofp\libc.a
LOAD C:/PROGRA~2/ARMGNU~1/133167~1.3RE/bin/../lib/gcc/arm-none-eabi/13.3.1/thumb/v7-m/nofp\libm.a
LOAD C:/PROGRA~2/ARMGNU~1/133167~1.3RE/bin/../lib/gcc/arm-none-eabi/13.3.1/thumb/v7-m/nofp\libgcc.a

.debug_info     0x00000000     0xd4b3
 .debug_info    0x00000000     0x11cb CMakeFiles/i2c_rm3100.elf.dir/Core/Src/main.c.obj
 .debug_info    0x000011cb      0xc61 CMakeFiles/i2c_rm3100.elf.dir/Core/Src/rm3100.c.obj
 .debug_info    0x00001e2c      0xc4b CMakeFiles/i2c_rm3100.elf.dir/Core/Src/stm32f1xx_hal_msp.c.obj
 .debug_info    0x00002a77      0x11d CMakeFiles/i2c_rm3100.elf.dir/Core/Src/stm32f1xx_it.c.obj
 .debug_info    0x00002b94      0x789 CMakeFiles/i2c_rm3100.elf.dir/Core/Src/syscalls.c.obj
 .debug_info    0x0000331d      0x171 CMakeFiles/i2c_rm3100.elf.dir/Core/Src/sysmem.c.obj
 .debug_info    0x0000348e      0x22d CMakeFiles/i2c_rm3100.elf.dir/Core/Src/system_stm32f1xx.c.obj
 .debug_info    0x000036bb       0x30 CMakeFiles/i2c_rm3100.elf.dir/Core/Startup/startup_stm32f103c8tx.s.obj
 .debug_info    0x000036eb      0x7a2 CMakeFiles/i2c_rm3100.elf.dir/Drivers/STM32F1xx_HAL_Driver/Src/stm32f1xx_hal.c.obj
 .debug_info    0x00003e8d      0xcd9 CMakeFiles/i2c_rm3100.elf.dir/Drivers/STM32F1xx_HAL_Driver/Src/stm32f1xx_hal_cortex.c.obj
 .debug_info    0x00004b66      0x604 CMakeFiles/i2c_rm3100.elf.dir/Drivers/STM32F1xx_HAL_Driver/Src/stm32f1xx_hal_gpio.c.obj
 .debug_info    0x0000516a     0x3905 CMakeFiles/i2c_rm3100.elf.dir/Drivers/STM32F1xx_HAL_Driver/Src/stm32f1xx_hal_i2c.c.obj
 .debug_info    0x00008a6f      0x9c7 CMakeFiles/i2c_rm3100.elf.dir/Drivers/STM32F1xx_HAL_Driver/Src/stm32f1xx_hal_rcc.c.obj
 .debug_info    0x00009436     0x407d CMakeFiles/i2c_rm3100.elf.dir/Drivers/STM32F1xx_HAL_Driver/Src/stm32f1xx_hal_uart.c.obj

.debug_abbrev   0x00000000     0x1bb2
 .debug_abbrev  0x00000000      0x2fa CMakeFiles/i2c_rm3100.elf.dir/Core/Src/main.c.obj
 .debug_abbrev  0x000002fa      0x242 CMakeFiles/i2c_rm3100.elf.dir/Core/Src/rm3100.c.obj
 .debug_abbrev  0x0000053c      0x1dd CMakeFiles/i2c_rm3100.elf.dir/Core/Src/stm32f1xx_hal_msp.c.obj
 .debug_abbrev  0x00000719       0x7c CMakeFiles/i2c_rm3100.elf.dir/Core/Src/stm32f1xx_it.c.obj
 .debug_abbrev  0x00000795      0x1c1 CMakeFiles/i2c_rm3100.elf.dir/Core/Src/syscalls.c.obj
 .debug_abbrev  0x00000956       0xea CMakeFiles/i2c_rm3100.elf.dir/Core/Src/sysmem.c.obj
 .debug_abbrev  0x00000a40      0x143 CMakeFiles/i2c_rm3100.elf.dir/Core/Src/system_stm32f1xx.c.obj
 .debug_abbrev  0x00000b83       0x24 CMakeFiles/i2c_rm3100.elf.dir/Core/Startup/startup_stm32f103c8tx.s.obj
 .debug_abbrev  0x00000ba7      0x22d CMakeFiles/i2c_rm3100.elf.dir/Drivers/STM32F1xx_HAL_Driver/Src/stm32f1xx_hal.c.obj
 .debug_abbrev  0x00000dd4      0x36d CMakeFiles/i2c_rm3100.elf.dir/Drivers/STM32F1xx_HAL_Driver/Src/stm32f1xx_hal_cortex.c.obj
 .debug_abbrev  0x00001141      0x1f7 CMakeFiles/i2c_rm3100.elf.dir/Drivers/STM32F1xx_HAL_Driver/Src/stm32f1xx_hal_gpio.c.obj
 .debug_abbrev  0x00001338      0x2be CMakeFiles/i2c_rm3100.elf.dir/Drivers/STM32F1xx_HAL_Driver/Src/stm32f1xx_hal_i2c.c.obj
 .debug_abbrev  0x000015f6      0x2a0 CMakeFiles/i2c_rm3100.elf.dir/Drivers/STM32F1xx_HAL_Driver/Src/stm32f1xx_hal_rcc.c.obj
 .debug_abbrev  0x00001896      0x31c CMakeFiles/i2c_rm3100.elf.dir/Drivers/STM32F1xx_HAL_Driver/Src/stm32f1xx_hal_uart.c.obj

.debug_aranges  0x00000000      0x980
 .debug_aranges
                0x00000000       0x50 CMakeFiles/i2c_rm3100.elf.dir/Core/Src/main.c.obj
 .debug_aranges
                0x00000050       0x40 CMakeFiles/i2c_rm3100.elf.dir/Core/Src/rm3100.c.obj
 .debug_aranges
                0x00000090       0x40 CMakeFiles/i2c_rm3100.elf.dir/Core/Src/stm32f1xx_hal_msp.c.obj
 .debug_aranges
                0x000000d0       0x60 CMakeFiles/i2c_rm3100.elf.dir/Core/Src/stm32f1xx_it.c.obj
 .debug_aranges
                0x00000130       0xa8 CMakeFiles/i2c_rm3100.elf.dir/Core/Src/syscalls.c.obj
 .debug_aranges
                0x000001d8       0x20 CMakeFiles/i2c_rm3100.elf.dir/Core/Src/sysmem.c.obj
 .debug_aranges
                0x000001f8       0x28 CMakeFiles/i2c_rm3100.elf.dir/Core/Src/system_stm32f1xx.c.obj
 .debug_aranges
                0x00000220       0x28 CMakeFiles/i2c_rm3100.elf.dir/Core/Startup/startup_stm32f103c8tx.s.obj
 .debug_aranges
                0x00000248       0xe0 CMakeFiles/i2c_rm3100.elf.dir/Drivers/STM32F1xx_HAL_Driver/Src/stm32f1xx_hal.c.obj
 .debug_aranges
                0x00000328       0xc0 CMakeFiles/i2c_rm3100.elf.dir/Drivers/STM32F1xx_HAL_Driver/Src/stm32f1xx_hal_cortex.c.obj
 .debug_aranges
                0x000003e8       0x58 CMakeFiles/i2c_rm3100.elf.dir/Drivers/STM32F1xx_HAL_Driver/Src/stm32f1xx_hal_gpio.c.obj
 .debug_aranges
                0x00000440      0x2a8 CMakeFiles/i2c_rm3100.elf.dir/Drivers/STM32F1xx_HAL_Driver/Src/stm32f1xx_hal_i2c.c.obj
 .debug_aranges
                0x000006e8       0x90 CMakeFiles/i2c_rm3100.elf.dir/Drivers/STM32F1xx_HAL_Driver/Src/stm32f1xx_hal_rcc.c.obj
 .debug_aranges
                0x00000778      0x208 CMakeFiles/i2c_rm3100.elf.dir/Drivers/STM32F1xx_HAL_Driver/Src/stm32f1xx_hal_uart.c.obj

.debug_rnglists
                0x00000000      0x755
 .debug_rnglists
                0x00000000       0x38 CMakeFiles/i2c_rm3100.elf.dir/Core/Src/main.c.obj
 .debug_rnglists
                0x00000038       0x2e CMakeFiles/i2c_rm3100.elf.dir/Core/Src/rm3100.c.obj
 .debug_rnglists
                0x00000066       0x2c CMakeFiles/i2c_rm3100.elf.dir/Core/Src/stm32f1xx_hal_msp.c.obj
 .debug_rnglists
                0x00000092       0x43 CMakeFiles/i2c_rm3100.elf.dir/Core/Src/stm32f1xx_it.c.obj
 .debug_rnglists
                0x000000d5       0x79 CMakeFiles/i2c_rm3100.elf.dir/Core/Src/syscalls.c.obj
 .debug_rnglists
                0x0000014e       0x13 CMakeFiles/i2c_rm3100.elf.dir/Core/Src/sysmem.c.obj
 .debug_rnglists
                0x00000161       0x1a CMakeFiles/i2c_rm3100.elf.dir/Core/Src/system_stm32f1xx.c.obj
 .debug_rnglists
                0x0000017b       0x19 CMakeFiles/i2c_rm3100.elf.dir/Core/Startup/startup_stm32f103c8tx.s.obj
 .debug_rnglists
                0x00000194       0xa3 CMakeFiles/i2c_rm3100.elf.dir/Drivers/STM32F1xx_HAL_Driver/Src/stm32f1xx_hal.c.obj
 .debug_rnglists
                0x00000237       0x8b CMakeFiles/i2c_rm3100.elf.dir/Drivers/STM32F1xx_HAL_Driver/Src/stm32f1xx_hal_cortex.c.obj
 .debug_rnglists
                0x000002c2       0x3f CMakeFiles/i2c_rm3100.elf.dir/Drivers/STM32F1xx_HAL_Driver/Src/stm32f1xx_hal_gpio.c.obj
 .debug_rnglists
                0x00000301      0x236 CMakeFiles/i2c_rm3100.elf.dir/Drivers/STM32F1xx_HAL_Driver/Src/stm32f1xx_hal_i2c.c.obj
 .debug_rnglists
                0x00000537       0x7d CMakeFiles/i2c_rm3100.elf.dir/Drivers/STM32F1xx_HAL_Driver/Src/stm32f1xx_hal_rcc.c.obj
 .debug_rnglists
                0x000005b4      0x1a1 CMakeFiles/i2c_rm3100.elf.dir/Drivers/STM32F1xx_HAL_Driver/Src/stm32f1xx_hal_uart.c.obj

.debug_line     0x00000000     0xc422
 .debug_line    0x00000000      0x63c CMakeFiles/i2c_rm3100.elf.dir/Core/Src/main.c.obj
 .debug_line    0x0000063c      0x501 CMakeFiles/i2c_rm3100.elf.dir/Core/Src/rm3100.c.obj
 .debug_line    0x00000b3d      0x3cd CMakeFiles/i2c_rm3100.elf.dir/Core/Src/stm32f1xx_hal_msp.c.obj
 .debug_line    0x00000f0a      0x18d CMakeFiles/i2c_rm3100.elf.dir/Core/Src/stm32f1xx_it.c.obj
 .debug_line    0x00001097      0x3e2 CMakeFiles/i2c_rm3100.elf.dir/Core/Src/syscalls.c.obj
 .debug_line    0x00001479      0x1bb CMakeFiles/i2c_rm3100.elf.dir/Core/Src/sysmem.c.obj
 .debug_line    0x00001634      0x257 CMakeFiles/i2c_rm3100.elf.dir/Core/Src/system_stm32f1xx.c.obj
 .debug_line    0x0000188b       0x78 CMakeFiles/i2c_rm3100.elf.dir/Core/Startup/startup_stm32f103c8tx.s.obj
 .debug_line    0x00001903      0x590 CMakeFiles/i2c_rm3100.elf.dir/Drivers/STM32F1xx_HAL_Driver/Src/stm32f1xx_hal.c.obj
 .debug_line    0x00001e93      0x6e1 CMakeFiles/i2c_rm3100.elf.dir/Drivers/STM32F1xx_HAL_Driver/Src/stm32f1xx_hal_cortex.c.obj
 .debug_line    0x00002574      0x60a CMakeFiles/i2c_rm3100.elf.dir/Drivers/STM32F1xx_HAL_Driver/Src/stm32f1xx_hal_gpio.c.obj
 .debug_line    0x00002b7e     0x5643 CMakeFiles/i2c_rm3100.elf.dir/Drivers/STM32F1xx_HAL_Driver/Src/stm32f1xx_hal_i2c.c.obj
 .debug_line    0x000081c1      0xce4 CMakeFiles/i2c_rm3100.elf.dir/Drivers/STM32F1xx_HAL_Driver/Src/stm32f1xx_hal_rcc.c.obj
 .debug_line    0x00008ea5     0x357d CMakeFiles/i2c_rm3100.elf.dir/Drivers/STM32F1xx_HAL_Driver/Src/stm32f1xx_hal_uart.c.obj

.debug_str      0x00000000     0x2dd2
 .debug_str     0x00000000     0x2dd2 CMakeFiles/i2c_rm3100.elf.dir/Core/Src/main.c.obj
                                0xb59 (size before relaxing)
 .debug_str     0x00002dd2      0x7b7 CMakeFiles/i2c_rm3100.elf.dir/Core/Src/rm3100.c.obj
 .debug_str     0x00002dd2      0x97a CMakeFiles/i2c_rm3100.elf.dir/Core/Src/stm32f1xx_hal_msp.c.obj
 .debug_str     0x00002dd2      0x260 CMakeFiles/i2c_rm3100.elf.dir/Core/Src/stm32f1xx_it.c.obj
 .debug_str     0x00002dd2      0x42a CMakeFiles/i2c_rm3100.elf.dir/Core/Src/syscalls.c.obj
 .debug_str     0x00002dd2      0x256 CMakeFiles/i2c_rm3100.elf.dir/Core/Src/sysmem.c.obj
 .debug_str     0x00002dd2      0x292 CMakeFiles/i2c_rm3100.elf.dir/Core/Src/system_stm32f1xx.c.obj
 .debug_str     0x00002dd2       0xa3 CMakeFiles/i2c_rm3100.elf.dir/Core/Startup/startup_stm32f103c8tx.s.obj
 .debug_str     0x00002dd2      0x86c CMakeFiles/i2c_rm3100.elf.dir/Drivers/STM32F1xx_HAL_Driver/Src/stm32f1xx_hal.c.obj
 .debug_str     0x00002dd2      0x911 CMakeFiles/i2c_rm3100.elf.dir/Drivers/STM32F1xx_HAL_Driver/Src/stm32f1xx_hal_cortex.c.obj
 .debug_str     0x00002dd2      0x43e CMakeFiles/i2c_rm3100.elf.dir/Drivers/STM32F1xx_HAL_Driver/Src/stm32f1xx_hal_gpio.c.obj
 .debug_str     0x00002dd2     0x1003 CMakeFiles/i2c_rm3100.elf.dir/Drivers/STM32F1xx_HAL_Driver/Src/stm32f1xx_hal_i2c.c.obj
 .debug_str     0x00002dd2      0x669 CMakeFiles/i2c_rm3100.elf.dir/Drivers/STM32F1xx_HAL_Driver/Src/stm32f1xx_hal_rcc.c.obj
 .debug_str     0x00002dd2      0xd32 CMakeFiles/i2c_rm3100.elf.dir/Drivers/STM32F1xx_HAL_Driver/Src/stm32f1xx_hal_uart.c.obj

.comment        0x00000000       0x45
 .comment       0x00000000       0x45 CMakeFiles/i2c_rm3100.elf.dir/Core/Src/main.c.obj
                                 0x46 (size before relaxing)
 .comment       0x00000045       0x46 CMakeFiles/i2c_rm3100.elf.dir/Core/Src/rm3100.c.obj
 .comment       0x00000045       0x46 CMakeFiles/i2c_rm3100.elf.dir/Core/Src/stm32f1xx_hal_msp.c.obj
 .comment       0x00000045       0x46 CMakeFiles/i2c_rm3100.elf.dir/Core/Src/stm32f1xx_it.c.obj
 .comment       0x00000045       0x46 CMakeFiles/i2c_rm3100.elf.dir/Core/Src/syscalls.c.obj
 .comment       0x00000045       0x46 CMakeFiles/i2c_rm3100.elf.dir/Core/Src/sysmem.c.obj
 .comment       0x00000045       0x46 CMakeFiles/i2c_rm3100.elf.dir/Core/Src/system_stm32f1xx.c.obj
 .comment       0x00000045       0x46 CMakeFiles/i2c_rm3100.elf.dir/Drivers/STM32F1xx_HAL_Driver/Src/stm32f1xx_hal.c.obj
 .comment       0x00000045       0x46 CMakeFiles/i2c_rm3100.elf.dir/Drivers/STM32F1xx_HAL_Driver/Src/stm32f1xx_hal_cortex.c.obj
 .comment       0x00000045       0x46 CMakeFiles/i2c_rm3100.elf.dir/Drivers/STM32F1xx_HAL_Driver/Src/stm32f1xx_hal_gpio.c.obj
 .comment       0x00000045       0x46 CMakeFiles/i2c_rm3100.elf.dir/Drivers/STM32F1xx_HAL_Driver/Src/stm32f1xx_hal_i2c.c.obj
 .comment       0x00000045       0x46 CMakeFiles/i2c_rm3100.elf.dir/Drivers/STM32F1xx_HAL_Driver/Src/stm32f1xx_hal_rcc.c.obj
 .comment       0x00000045       0x46 CMakeFiles/i2c_rm3100.elf.dir/Drivers/STM32F1xx_HAL_Driver/Src/stm32f1xx_hal_uart.c.obj

.debug_frame    0x00000000     0x3218
 .debug_frame   0x00000000       0xc0 CMakeFiles/i2c_rm3100.elf.dir/Core/Src/main.c.obj
 .debug_frame   0x000000c0       0xe0 CMakeFiles/i2c_rm3100.elf.dir/Core/Src/rm3100.c.obj
 .debug_frame   0x000001a0       0x98 CMakeFiles/i2c_rm3100.elf.dir/Core/Src/stm32f1xx_hal_msp.c.obj
 .debug_frame   0x00000238       0xa8 CMakeFiles/i2c_rm3100.elf.dir/Core/Src/stm32f1xx_it.c.obj
 .debug_frame   0x000002e0      0x190 CMakeFiles/i2c_rm3100.elf.dir/Core/Src/syscalls.c.obj
 .debug_frame   0x00000470       0x28 CMakeFiles/i2c_rm3100.elf.dir/Core/Src/sysmem.c.obj
 .debug_frame   0x00000498       0x30 CMakeFiles/i2c_rm3100.elf.dir/Core/Src/system_stm32f1xx.c.obj
 .debug_frame   0x000004c8      0x1cc CMakeFiles/i2c_rm3100.elf.dir/Drivers/STM32F1xx_HAL_Driver/Src/stm32f1xx_hal.c.obj
 .debug_frame   0x00000694      0x19c CMakeFiles/i2c_rm3100.elf.dir/Drivers/STM32F1xx_HAL_Driver/Src/stm32f1xx_hal_cortex.c.obj
 .debug_frame   0x00000830       0xe4 CMakeFiles/i2c_rm3100.elf.dir/Drivers/STM32F1xx_HAL_Driver/Src/stm32f1xx_hal_gpio.c.obj
 .debug_frame   0x00000914      0x984 CMakeFiles/i2c_rm3100.elf.dir/Drivers/STM32F1xx_HAL_Driver/Src/stm32f1xx_hal_i2c.c.obj
 .debug_frame   0x00001298      0x184 CMakeFiles/i2c_rm3100.elf.dir/Drivers/STM32F1xx_HAL_Driver/Src/stm32f1xx_hal_rcc.c.obj
 .debug_frame   0x0000141c      0x5d4 CMakeFiles/i2c_rm3100.elf.dir/Drivers/STM32F1xx_HAL_Driver/Src/stm32f1xx_hal_uart.c.obj
 .debug_frame   0x000019f0      0x13c C:/PROGRA~2/ARMGNU~1/133167~1.3RE/bin/../lib/gcc/arm-none-eabi/13.3.1/thumb/v7-m/nofp\libg.a(libc_a-findfp.o)
 .debug_frame   0x00001b2c       0x34 C:/PROGRA~2/ARMGNU~1/133167~1.3RE/bin/../lib/gcc/arm-none-eabi/13.3.1/thumb/v7-m/nofp\libg.a(libc_a-fwalk.o)
 .debug_frame   0x00001b60       0x74 C:/PROGRA~2/ARMGNU~1/133167~1.3RE/bin/../lib/gcc/arm-none-eabi/13.3.1/thumb/v7-m/nofp\libg.a(libc_a-printf.o)
 .debug_frame   0x00001bd4       0x48 C:/PROGRA~2/ARMGNU~1/133167~1.3RE/bin/../lib/gcc/arm-none-eabi/13.3.1/thumb/v7-m/nofp\libg.a(libc_a-puts.o)
 .debug_frame   0x00001c1c       0x94 C:/PROGRA~2/ARMGNU~1/133167~1.3RE/bin/../lib/gcc/arm-none-eabi/13.3.1/thumb/v7-m/nofp\libg.a(libc_a-snprintf.o)
 .debug_frame   0x00001cb0       0x8c C:/PROGRA~2/ARMGNU~1/133167~1.3RE/bin/../lib/gcc/arm-none-eabi/13.3.1/thumb/v7-m/nofp\libg.a(libc_a-stdio.o)
 .debug_frame   0x00001d3c       0x2c C:/PROGRA~2/ARMGNU~1/133167~1.3RE/bin/../lib/gcc/arm-none-eabi/13.3.1/thumb/v7-m/nofp\libg.a(libc_a-memset.o)
 .debug_frame   0x00001d68       0x2c C:/PROGRA~2/ARMGNU~1/133167~1.3RE/bin/../lib/gcc/arm-none-eabi/13.3.1/thumb/v7-m/nofp\libg.a(libc_a-closer.o)
 .debug_frame   0x00001d94       0x3c C:/PROGRA~2/ARMGNU~1/133167~1.3RE/bin/../lib/gcc/arm-none-eabi/13.3.1/thumb/v7-m/nofp\libg.a(libc_a-reent.o)
 .debug_frame   0x00001dd0       0x2c C:/PROGRA~2/ARMGNU~1/133167~1.3RE/bin/../lib/gcc/arm-none-eabi/13.3.1/thumb/v7-m/nofp\libg.a(libc_a-lseekr.o)
 .debug_frame   0x00001dfc       0x2c C:/PROGRA~2/ARMGNU~1/133167~1.3RE/bin/../lib/gcc/arm-none-eabi/13.3.1/thumb/v7-m/nofp\libg.a(libc_a-readr.o)
 .debug_frame   0x00001e28       0x2c C:/PROGRA~2/ARMGNU~1/133167~1.3RE/bin/../lib/gcc/arm-none-eabi/13.3.1/thumb/v7-m/nofp\libg.a(libc_a-writer.o)
 .debug_frame   0x00001e54       0x20 C:/PROGRA~2/ARMGNU~1/133167~1.3RE/bin/../lib/gcc/arm-none-eabi/13.3.1/thumb/v7-m/nofp\libg.a(libc_a-errno.o)
 .debug_frame   0x00001e74       0x2c C:/PROGRA~2/ARMGNU~1/133167~1.3RE/bin/../lib/gcc/arm-none-eabi/13.3.1/thumb/v7-m/nofp\libg.a(libc_a-init.o)
 .debug_frame   0x00001ea0       0xb0 C:/PROGRA~2/ARMGNU~1/133167~1.3RE/bin/../lib/gcc/arm-none-eabi/13.3.1/thumb/v7-m/nofp\libg.a(libc_a-lock.o)
 .debug_frame   0x00001f50       0x20 C:/PROGRA~2/ARMGNU~1/133167~1.3RE/bin/../lib/gcc/arm-none-eabi/13.3.1/thumb/v7-m/nofp\libg.a(libc_a-strlen-stub.o)
 .debug_frame   0x00001f70       0x5c C:/PROGRA~2/ARMGNU~1/133167~1.3RE/bin/../lib/gcc/arm-none-eabi/13.3.1/thumb/v7-m/nofp\libg.a(libc_a-__call_atexit.o)
 .debug_frame   0x00001fcc       0x20 C:/PROGRA~2/ARMGNU~1/133167~1.3RE/bin/../lib/gcc/arm-none-eabi/13.3.1/thumb/v7-m/nofp\libg.a(libc_a-atexit.o)
 .debug_frame   0x00001fec       0x78 C:/PROGRA~2/ARMGNU~1/133167~1.3RE/bin/../lib/gcc/arm-none-eabi/13.3.1/thumb/v7-m/nofp\libg.a(libc_a-freer.o)
 .debug_frame   0x00002064       0x48 C:/PROGRA~2/ARMGNU~1/133167~1.3RE/bin/../lib/gcc/arm-none-eabi/13.3.1/thumb/v7-m/nofp\libg.a(libc_a-mallocr.o)
 .debug_frame   0x000020ac       0x30 C:/PROGRA~2/ARMGNU~1/133167~1.3RE/bin/../lib/gcc/arm-none-eabi/13.3.1/thumb/v7-m/nofp\libg.a(libc_a-mlock.o)
 .debug_frame   0x000020dc       0x44 C:/PROGRA~2/ARMGNU~1/133167~1.3RE/bin/../lib/gcc/arm-none-eabi/13.3.1/thumb/v7-m/nofp\libg.a(libc_a-svfprintf.o)
 .debug_frame   0x00002120       0x88 C:/PROGRA~2/ARMGNU~1/133167~1.3RE/bin/../lib/gcc/arm-none-eabi/13.3.1/thumb/v7-m/nofp\libg.a(libc_a-vfprintf.o)
 .debug_frame   0x000021a8       0x28 C:/PROGRA~2/ARMGNU~1/133167~1.3RE/bin/../lib/gcc/arm-none-eabi/13.3.1/thumb/v7-m/nofp\libg.a(libc_a-sprint_r.o)
 .debug_frame   0x000021d0       0x30 C:/PROGRA~2/ARMGNU~1/133167~1.3RE/bin/../lib/gcc/arm-none-eabi/13.3.1/thumb/v7-m/nofp\libg.a(libc_a-ssprint_r.o)
 .debug_frame   0x00002200       0x3c C:/PROGRA~2/ARMGNU~1/133167~1.3RE/bin/../lib/gcc/arm-none-eabi/13.3.1/thumb/v7-m/nofp\libg.a(libc_a-fclose.o)
 .debug_frame   0x0000223c       0x70 C:/PROGRA~2/ARMGNU~1/133167~1.3RE/bin/../lib/gcc/arm-none-eabi/13.3.1/thumb/v7-m/nofp\libg.a(libc_a-fflush.o)
 .debug_frame   0x000022ac       0x64 C:/PROGRA~2/ARMGNU~1/133167~1.3RE/bin/../lib/gcc/arm-none-eabi/13.3.1/thumb/v7-m/nofp\libg.a(libc_a-fvwrite.o)
 .debug_frame   0x00002310       0x2c C:/PROGRA~2/ARMGNU~1/133167~1.3RE/bin/../lib/gcc/arm-none-eabi/13.3.1/thumb/v7-m/nofp\libg.a(libc_a-wsetup.o)
 .debug_frame   0x0000233c       0x40 C:/PROGRA~2/ARMGNU~1/133167~1.3RE/bin/../lib/gcc/arm-none-eabi/13.3.1/thumb/v7-m/nofp\libg.a(libc_a-memmove.o)
 .debug_frame   0x0000237c       0x28 C:/PROGRA~2/ARMGNU~1/133167~1.3RE/bin/../lib/gcc/arm-none-eabi/13.3.1/thumb/v7-m/nofp\libg.a(libc_a-strncpy.o)
 .debug_frame   0x000023a4       0xdc C:/PROGRA~2/ARMGNU~1/133167~1.3RE/bin/../lib/gcc/arm-none-eabi/13.3.1/thumb/v7-m/nofp\libg.a(libc_a-locale.o)
 .debug_frame   0x00002480       0x40 C:/PROGRA~2/ARMGNU~1/133167~1.3RE/bin/../lib/gcc/arm-none-eabi/13.3.1/thumb/v7-m/nofp\libg.a(libc_a-localeconv.o)
 .debug_frame   0x000024c0       0x2c C:/PROGRA~2/ARMGNU~1/133167~1.3RE/bin/../lib/gcc/arm-none-eabi/13.3.1/thumb/v7-m/nofp\libg.a(libc_a-sbrkr.o)
 .debug_frame   0x000024ec       0x34 C:/PROGRA~2/ARMGNU~1/133167~1.3RE/bin/../lib/gcc/arm-none-eabi/13.3.1/thumb/v7-m/nofp\libg.a(libc_a-fini.o)
 .debug_frame   0x00002520       0x28 C:/PROGRA~2/ARMGNU~1/133167~1.3RE/bin/../lib/gcc/arm-none-eabi/13.3.1/thumb/v7-m/nofp\libg.a(libc_a-sysconf.o)
 .debug_frame   0x00002548       0x2c C:/PROGRA~2/ARMGNU~1/133167~1.3RE/bin/../lib/gcc/arm-none-eabi/13.3.1/thumb/v7-m/nofp\libg.a(libc_a-memchr-stub.o)
 .debug_frame   0x00002574       0x30 C:/PROGRA~2/ARMGNU~1/133167~1.3RE/bin/../lib/gcc/arm-none-eabi/13.3.1/thumb/v7-m/nofp\libg.a(libm_a-s_frexp.o)
 .debug_frame   0x000025a4       0x34 C:/PROGRA~2/ARMGNU~1/133167~1.3RE/bin/../lib/gcc/arm-none-eabi/13.3.1/thumb/v7-m/nofp\libg.a(libc_a-__atexit.o)
 .debug_frame   0x000025d8       0x84 C:/PROGRA~2/ARMGNU~1/133167~1.3RE/bin/../lib/gcc/arm-none-eabi/13.3.1/thumb/v7-m/nofp\libg.a(libc_a-dtoa.o)
 .debug_frame   0x0000265c      0x130 C:/PROGRA~2/ARMGNU~1/133167~1.3RE/bin/../lib/gcc/arm-none-eabi/13.3.1/thumb/v7-m/nofp\libg.a(libc_a-mbtowc_r.o)
 .debug_frame   0x0000278c      0x270 C:/PROGRA~2/ARMGNU~1/133167~1.3RE/bin/../lib/gcc/arm-none-eabi/13.3.1/thumb/v7-m/nofp\libg.a(libc_a-mprec.o)
 .debug_frame   0x000029fc       0x48 C:/PROGRA~2/ARMGNU~1/133167~1.3RE/bin/../lib/gcc/arm-none-eabi/13.3.1/thumb/v7-m/nofp\libg.a(libc_a-reallocr.o)
 .debug_frame   0x00002a44       0x9c C:/PROGRA~2/ARMGNU~1/133167~1.3RE/bin/../lib/gcc/arm-none-eabi/13.3.1/thumb/v7-m/nofp\libg.a(libc_a-wctomb_r.o)
 .debug_frame   0x00002ae0       0x60 C:/PROGRA~2/ARMGNU~1/133167~1.3RE/bin/../lib/gcc/arm-none-eabi/13.3.1/thumb/v7-m/nofp\libg.a(libc_a-wcrtomb.o)
 .debug_frame   0x00002b40       0x50 C:/PROGRA~2/ARMGNU~1/133167~1.3RE/bin/../lib/gcc/arm-none-eabi/13.3.1/thumb/v7-m/nofp\libg.a(libc_a-wcsrtombs.o)
 .debug_frame   0x00002b90       0x20 C:/PROGRA~2/ARMGNU~1/133167~1.3RE/bin/../lib/gcc/arm-none-eabi/13.3.1/thumb/v7-m/nofp\libg.a(libc_a-ctype_.o)
 .debug_frame   0x00002bb0       0x34 C:/PROGRA~2/ARMGNU~1/133167~1.3RE/bin/../lib/gcc/arm-none-eabi/13.3.1/thumb/v7-m/nofp\libg.a(libc_a-ssputs_r.o)
 .debug_frame   0x00002be4       0x70 C:/PROGRA~2/ARMGNU~1/133167~1.3RE/bin/../lib/gcc/arm-none-eabi/13.3.1/thumb/v7-m/nofp\libg.a(libc_a-makebuf.o)
 .debug_frame   0x00002c54       0x2c C:/PROGRA~2/ARMGNU~1/133167~1.3RE/bin/../lib/gcc/arm-none-eabi/13.3.1/thumb/v7-m/nofp\libg.a(libc_a-fstatr.o)
 .debug_frame   0x00002c80       0x2c C:/PROGRA~2/ARMGNU~1/133167~1.3RE/bin/../lib/gcc/arm-none-eabi/13.3.1/thumb/v7-m/nofp\libg.a(libc_a-isattyr.o)
 .debug_frame   0x00002cac       0x40 C:/PROGRA~2/ARMGNU~1/133167~1.3RE/bin/../lib/gcc/arm-none-eabi/13.3.1/thumb/v7-m/nofp\libg.a(libc_a-assert.o)
 .debug_frame   0x00002cec       0x2c C:/PROGRA~2/ARMGNU~1/133167~1.3RE/bin/../lib/gcc/arm-none-eabi/13.3.1/thumb/v7-m/nofp\libg.a(libc_a-callocr.o)
 .debug_frame   0x00002d18       0x8c C:/PROGRA~2/ARMGNU~1/133167~1.3RE/bin/../lib/gcc/arm-none-eabi/13.3.1/thumb/v7-m/nofp\libg.a(libc_a-wcsnrtombs.o)
 .debug_frame   0x00002da4       0x6c C:/PROGRA~2/ARMGNU~1/133167~1.3RE/bin/../lib/gcc/arm-none-eabi/13.3.1/thumb/v7-m/nofp\libg.a(libc_a-fiprintf.o)
 .debug_frame   0x00002e10       0x88 C:/PROGRA~2/ARMGNU~1/133167~1.3RE/bin/../lib/gcc/arm-none-eabi/13.3.1/thumb/v7-m/nofp\libg.a(libc_a-vfiprintf.o)
 .debug_frame   0x00002e98       0x28 C:/PROGRA~2/ARMGNU~1/133167~1.3RE/bin/../lib/gcc/arm-none-eabi/13.3.1/thumb/v7-m/nofp\libg.a(libc_a-abort.o)
 .debug_frame   0x00002ec0      0x118 C:/PROGRA~2/ARMGNU~1/133167~1.3RE/bin/../lib/gcc/arm-none-eabi/13.3.1/thumb/v7-m/nofp\libg.a(libc_a-signal.o)
 .debug_frame   0x00002fd8       0x3c C:/PROGRA~2/ARMGNU~1/133167~1.3RE/bin/../lib/gcc/arm-none-eabi/13.3.1/thumb/v7-m/nofp\libg.a(libc_a-signalr.o)
 .debug_frame   0x00003014       0xac C:/PROGRA~2/ARMGNU~1/133167~1.3RE/bin/../lib/gcc/arm-none-eabi/13.3.1/thumb/v7-m/nofp\libgcc.a(_arm_addsubdf3.o)
 .debug_frame   0x000030c0       0x50 C:/PROGRA~2/ARMGNU~1/133167~1.3RE/bin/../lib/gcc/arm-none-eabi/13.3.1/thumb/v7-m/nofp\libgcc.a(_arm_muldivdf3.o)
 .debug_frame   0x00003110       0xc4 C:/PROGRA~2/ARMGNU~1/133167~1.3RE/bin/../lib/gcc/arm-none-eabi/13.3.1/thumb/v7-m/nofp\libgcc.a(_arm_cmpdf2.o)