Archive member included to satisfy reference by file (symbol)

C:/PROGRA~2/ARMGNU~1/133167~1.3RE/bin/../lib/gcc/arm-none-eabi/13.3.1/thumb/v7-m/nofp\libg.a(libc_a-exit.o)
                              C:/PROGRA~2/ARMGNU~1/133167~1.3RE/bin/../lib/gcc/arm-none-eabi/13.3.1/thumb/v7-m/nofp/crt0.o (exit)
C:/PROGRA~2/ARMGNU~1/133167~1.3RE/bin/../lib/gcc/arm-none-eabi/13.3.1/thumb/v7-m/nofp\libg.a(libc_a-findfp.o)
                              C:/PROGRA~2/ARMGNU~1/133167~1.3RE/bin/../lib/gcc/arm-none-eabi/13.3.1/thumb/v7-m/nofp\libg.a(libc_a-exit.o) (__stdio_exit_handler)
C:/PROGRA~2/ARMGNU~1/133167~1.3RE/bin/../lib/gcc/arm-none-eabi/13.3.1/thumb/v7-m/nofp\libg.a(libc_a-fwalk.o)
                              C:/PROGRA~2/ARMGNU~1/133167~1.3RE/bin/../lib/gcc/arm-none-eabi/13.3.1/thumb/v7-m/nofp\libg.a(libc_a-findfp.o) (_fwalk_sglue)
C:/PROGRA~2/ARMGNU~1/133167~1.3RE/bin/../lib/gcc/arm-none-eabi/13.3.1/thumb/v7-m/nofp\libg.a(libc_a-printf.o)
                              CMakeFiles/i2c_rm3100.elf.dir/Core/Src/main.c.obj (printf)
C:/PROGRA~2/ARMGNU~1/133167~1.3RE/bin/../lib/gcc/arm-none-eabi/13.3.1/thumb/v7-m/nofp\libg.a(libc_a-puts.o)
                              CMakeFiles/i2c_rm3100.elf.dir/Core/Src/rm3100.c.obj (puts)
C:/PROGRA~2/ARMGNU~1/133167~1.3RE/bin/../lib/gcc/arm-none-eabi/13.3.1/thumb/v7-m/nofp\libg.a(libc_a-snprintf.o)
                              CMakeFiles/i2c_rm3100.elf.dir/Core/Src/main.c.obj (snprintf)
C:/PROGRA~2/ARMGNU~1/133167~1.3RE/bin/../lib/gcc/arm-none-eabi/13.3.1/thumb/v7-m/nofp\libg.a(libc_a-stdio.o)
                              C:/PROGRA~2/ARMGNU~1/133167~1.3RE/bin/../lib/gcc/arm-none-eabi/13.3.1/thumb/v7-m/nofp\libg.a(libc_a-findfp.o) (__sread)
C:/PROGRA~2/ARMGNU~1/133167~1.3RE/bin/../lib/gcc/arm-none-eabi/13.3.1/thumb/v7-m/nofp\libg.a(libc_a-memset.o)
                              C:/PROGRA~2/ARMGNU~1/133167~1.3RE/bin/../lib/gcc/arm-none-eabi/13.3.1/thumb/v7-m/nofp/crt0.o (memset)
C:/PROGRA~2/ARMGNU~1/133167~1.3RE/bin/../lib/gcc/arm-none-eabi/13.3.1/thumb/v7-m/nofp\libg.a(libc_a-closer.o)
                              C:/PROGRA~2/ARMGNU~1/133167~1.3RE/bin/../lib/gcc/arm-none-eabi/13.3.1/thumb/v7-m/nofp\libg.a(libc_a-stdio.o) (_close_r)
C:/PROGRA~2/ARMGNU~1/133167~1.3RE/bin/../lib/gcc/arm-none-eabi/13.3.1/thumb/v7-m/nofp\libg.a(libc_a-reent.o)
                              C:/PROGRA~2/ARMGNU~1/133167~1.3RE/bin/../lib/gcc/arm-none-eabi/13.3.1/thumb/v7-m/nofp\libg.a(libc_a-closer.o) (errno)
C:/PROGRA~2/ARMGNU~1/133167~1.3RE/bin/../lib/gcc/arm-none-eabi/13.3.1/thumb/v7-m/nofp\libg.a(libc_a-impure.o)
                              C:/PROGRA~2/ARMGNU~1/133167~1.3RE/bin/../lib/gcc/arm-none-eabi/13.3.1/thumb/v7-m/nofp\libg.a(libc_a-printf.o) (_impure_ptr)
C:/PROGRA~2/ARMGNU~1/133167~1.3RE/bin/../lib/gcc/arm-none-eabi/13.3.1/thumb/v7-m/nofp\libg.a(libc_a-lseekr.o)
                              C:/PROGRA~2/ARMGNU~1/133167~1.3RE/bin/../lib/gcc/arm-none-eabi/13.3.1/thumb/v7-m/nofp\libg.a(libc_a-stdio.o) (_lseek_r)
C:/PROGRA~2/ARMGNU~1/133167~1.3RE/bin/../lib/gcc/arm-none-eabi/13.3.1/thumb/v7-m/nofp\libg.a(libc_a-readr.o)
                              C:/PROGRA~2/ARMGNU~1/133167~1.3RE/bin/../lib/gcc/arm-none-eabi/13.3.1/thumb/v7-m/nofp\libg.a(libc_a-stdio.o) (_read_r)
C:/PROGRA~2/ARMGNU~1/133167~1.3RE/bin/../lib/gcc/arm-none-eabi/13.3.1/thumb/v7-m/nofp\libg.a(libc_a-writer.o)
                              C:/PROGRA~2/ARMGNU~1/133167~1.3RE/bin/../lib/gcc/arm-none-eabi/13.3.1/thumb/v7-m/nofp\libg.a(libc_a-stdio.o) (_write_r)
C:/PROGRA~2/ARMGNU~1/133167~1.3RE/bin/../lib/gcc/arm-none-eabi/13.3.1/thumb/v7-m/nofp\libg.a(libc_a-errno.o)
                              CMakeFiles/i2c_rm3100.elf.dir/Core/Src/syscalls.c.obj (__errno)
C:/PROGRA~2/ARMGNU~1/133167~1.3RE/bin/../lib/gcc/arm-none-eabi/13.3.1/thumb/v7-m/nofp\libg.a(libc_a-init.o)
                              C:/PROGRA~2/ARMGNU~1/133167~1.3RE/bin/../lib/gcc/arm-none-eabi/13.3.1/thumb/v7-m/nofp/crt0.o (__libc_init_array)
C:/PROGRA~2/ARMGNU~1/133167~1.3RE/bin/../lib/gcc/arm-none-eabi/13.3.1/thumb/v7-m/nofp\libg.a(libc_a-lock.o)
                              C:/PROGRA~2/ARMGNU~1/133167~1.3RE/bin/../lib/gcc/arm-none-eabi/13.3.1/thumb/v7-m/nofp\libg.a(libc_a-findfp.o) (__retarget_lock_init_recursive)
C:/PROGRA~2/ARMGNU~1/133167~1.3RE/bin/../lib/gcc/arm-none-eabi/13.3.1/thumb/v7-m/nofp\libg.a(libc_a-memcpy.o)
                              CMakeFiles/i2c_rm3100.elf.dir/Core/Src/main.c.obj (memcpy)
C:/PROGRA~2/ARMGNU~1/133167~1.3RE/bin/../lib/gcc/arm-none-eabi/13.3.1/thumb/v7-m/nofp\libg.a(libc_a-strlen-stub.o)
                              CMakeFiles/i2c_rm3100.elf.dir/Core/Src/main.c.obj (strlen)
C:/PROGRA~2/ARMGNU~1/133167~1.3RE/bin/../lib/gcc/arm-none-eabi/13.3.1/thumb/v7-m/nofp\libg.a(libc_a-__call_atexit.o)
                              C:/PROGRA~2/ARMGNU~1/133167~1.3RE/bin/../lib/gcc/arm-none-eabi/13.3.1/thumb/v7-m/nofp\libg.a(libc_a-exit.o) (__call_exitprocs)
[...]
Memory Configuration

Name             Origin             Length             Attributes
RAM              0x20000000         0x00005000         xrw
FLASH            0x08000000         0x00010000         xr
*default*        0x00000000         0xffffffff

Linker script and memory map

LOAD C:/PROGRA~2/ARMGNU~1/133167~1.3RE/bin/../lib/gcc/arm-none-eabi/13.3.1/thumb/v7-m/nofp/crti.o
LOAD C:/PROGRA~2/ARMGNU~1/133167~1.3RE/bin/../lib/gcc/arm-none-eabi/13.3.1/thumb/v7-m/nofp/crtbegin.o
LOAD C:/PROGRA~2/ARMGNU~1/133167~1.3RE/bin/../lib/gcc/arm-none-eabi/13.3.1/thumb/v7-m/nofp/crt0.o
LOAD CMakeFiles/i2c_rm3100.elf.dir/Core/Src/main.c.obj
LOAD CMakeFiles/i2c_rm3100.elf.dir/Core/Src/rm3100.c.obj
LOAD CMakeFiles/i2c_rm3100.elf.dir/Core/Src/stm32f1xx_hal_msp.c.obj
LOAD CMakeFiles/i2c_rm3100.elf.dir/Core/Src/stm32f1xx_it.c.obj
LOAD CMakeFiles/i2c_rm3100.elf.dir/Core/Src/syscalls.c.obj
LOAD CMakeFiles/i2c_rm3100.elf.dir/Core/Src/sysmem.c.obj
LOAD CMakeFiles/i2c_rm3100.elf.dir/Core/Src/system_stm32f1xx.c.obj
LOAD CMakeFiles/i2c_rm3100.elf.dir/Core/Startup/startup_stm32f103c8tx.s.obj
LOAD CMakeFiles/i2c_rm3100.elf.dir/Drivers/STM32F1xx_HAL_Driver/Src/stm32f1xx_hal.c.obj
LOAD CMakeFiles/i2c_rm3100.elf.dir/Drivers/STM32F1xx_HAL_Driver/Src/stm32f1xx_hal_cortex.c.obj
LOAD CMakeFiles/i2c_rm3100.elf.dir/Drivers/STM32F1xx_HAL_Driver/Src/stm32f1xx_hal_dma.c.obj
LOAD CMakeFiles/i2c_rm3100.elf.dir/Drivers/STM32F1xx_HAL_Driver/Src/stm32f1xx_hal_exti.c.obj
LOAD CMakeFiles/i2c_rm3100.elf.dir/Drivers/STM32F1xx_HAL_Driver/Src/stm32f1xx_hal_flash.c.obj
LOAD CMakeFiles/i2c_rm3100.elf.dir/Drivers/STM32F1xx_HAL_Driver/Src/stm32f1xx_hal_flash_ex.c.obj
LOAD CMakeFiles/i2c_rm3100.elf.dir/Drivers/STM32F1xx_HAL_Driver/Src/stm32f1xx_hal_gpio.c.obj
LOAD CMakeFiles/i2c_rm3100.elf.dir/Drivers/STM32F1xx_HAL_Driver/Src/stm32f1xx_hal_gpio_ex.c.obj
LOAD CMakeFiles/i2c_rm3100.elf.dir/Drivers/STM32F1xx_HAL_Driver/Src/stm32f1xx_hal_i2c.c.obj
LOAD CMakeFiles/i2c_rm3100.elf.dir/Drivers/STM32F1xx_HAL_Driver/Src/stm32f1xx_hal_pwr.c.obj
LOAD CMakeFiles/i2c_rm3100.elf.dir/Drivers/STM32F1xx_HAL_Driver/Src/stm32f1xx_hal_rcc.c.obj
LOAD CMakeFiles/i2c_rm3100.elf.dir/Drivers/STM32F1xx_HAL_Driver/Src/stm32f1xx_hal_rcc_ex.c.obj
LOAD CMakeFiles/i2c_rm3100.elf.dir/Drivers/STM32F1xx_HAL_Driver/Src/stm32f1xx_hal_tim.c.obj
LOAD CMakeFiles/i2c_rm3100.elf.dir/Drivers/STM32F1xx_HAL_Driver/Src/stm32f1xx_hal_tim_ex.c.obj
LOAD CMakeFiles/i2c_rm3100.elf.dir/Drivers/STM32F1xx_HAL_Driver/Src/stm32f1xx_hal_uart.c.obj
START GROUP
LOAD C:/PROGRA~2/ARMGNU~1/133167~1.3RE/bin/../lib/gcc/arm-none-eabi/13.3.1/thumb/v7-m/nofp\libgcc.a
LOAD C:/PROGRA~2/ARMGNU~1/133167~1.3RE/bin/../lib/gcc/arm-none-eabi/13.3.1/thumb/v7-m/nofp\libg.a
LOAD C:/PROGRA~2/ARMGNU~1/133167~1.3RE/bin/../lib/gcc/arm-none-eabi/13.3.1/thumb/v7-m/nofp\libc.a
END GROUP
LOAD C:/PROGRA~2/ARMGNU~1/133167~1.3RE/bin/../lib/gcc/arm-none-eabi/13.3.1/thumb/v7-m/nofp/crtend.o
LOAD C:/PROGRA~2/ARMGNU~1/133167~1.3RE/bin/../lib/gcc/arm-none-eabi/13.3.1/thumb/v7-m/nofp/crtn.o
                0x20005000                        _estack = (ORIGIN (RAM) + LENGTH (RAM))
                0x00000200                        _Min_Heap_Size = 0x200
                0x00000400                        _Min_Stack_Size = 0x400

.isr_vector     0x08000000      0x10c
                0x08000000                        . = ALIGN (0x4)
 *(.isr_vector)
 .isr_vector    0x08000000      0x10c CMakeFiles/i2c_rm3100.elf.dir/Core/Startup/startup_stm32f103c8tx.s.obj
                0x08000000                g_pfnVectors
                0x0800010c                        . = ALIGN (0x4)

.text           0x08000110     0xafc4
                0x08000110                        . = ALIGN (0x4)
 *(.text)
 .text          0x08000110       0xec C:/PROGRA~2/ARMGNU~1/133167~1.3RE/bin/../lib/gcc/arm-none-eabi/13.3.1/thumb/v7-m/nofp\libg.a(libc_a-memcpy.o)
                0x08000110                memcpy
 .text          0x080001fc      0x378 C:/PROGRA~2/ARMGNU~1/133167~1.3RE/bin/../lib/gcc/arm-none-eabi/13.3.1/thumb/v7-m/nofp\libgcc.a(_arm_addsubdf3.o)
                0x080001fc                __aeabi_drsub
                0x08000204                __aeabi_dsub
                0x08000204                __subdf3
                0x08000208                __aeabi_dadd
                0x08000208                __adddf3
                0x08000480                __floatunsidf
                0x08000480                __aeabi_ui2d
                0x080004a0                __floatsidf
                0x080004a0                __aeabi_i2d
                0x080004c4                __aeabi_f2d
                0x080004c4                __extendsfdf2
                0x08000508                __floatundidf
                0x08000508                __aeabi_ul2d
                0x08000518                __floatdidf
                0x08000518                __aeabi_l2d
 .text          0x08000574      0x424 C:/PROGRA~2/ARMGNU~1/133167~1.3RE/bin/../lib/gcc/arm-none-eabi/13.3.1/thumb/v7-m/nofp\libgcc.a(_arm_muldivdf3.o)
                0x08000574                __aeabi_dmul
                0x08000574                __muldf3
                0x080007c8                __divdf3
                0x080007c8                __aeabi_ddiv
 .text          0x08000998      0x110 C:/PROGRA~2/ARMGNU~1/133167~1.3RE/bin/../lib/gcc/arm-none-eabi/13.3.1/thumb/v7-m/nofp\libgcc.a(_arm_cmpdf2.o)
                0x08000998                __gtdf2
                0x08000998                __gedf2
                0x080009a0                __ltdf2
                0x080009a0                __ledf2
                0x080009a8                __nedf2
                0x080009a8                __eqdf2
                0x080009a8                __cmpdf2
                0x08000a24                __aeabi_cdrcmple
                0x08000a34                __aeabi_cdcmpeq
                0x08000a34                __aeabi_cdcmple
                0x08000a44                __aeabi_dcmpeq
                0x08000a58                __aeabi_dcmplt
                0x08000a6c                __aeabi_dcmple
                0x08000a80                __aeabi_dcmpge
                0x08000a94                __aeabi_dcmpgt
 .text          0x08000aa8       0x2c C:/PROGRA~2/ARMGNU~1/133167~1.3RE/bin/../lib/gcc/arm-none-eabi/13.3.1/thumb/v7-m/nofp\libgcc.a(_arm_unorddf2.o)
                0x08000aa8                __unorddf2
                0x08000aa8                __aeabi_dcmpun
 .text          0x08000ad4       0x50 C:/PROGRA~2/ARMGNU~1/133167~1.3RE/bin/../lib/gcc/arm-none-eabi/13.3.1/thumb/v7-m/nofp\libgcc.a(_arm_fixdfsi.o)
                0x08000ad4                __aeabi_d2iz
                0x08000ad4                __fixdfsi
 *(.text*)
 .text.deregister_tm_clones
                0x08000b24       0x1c C:/PROGRA~2/ARMGNU~1/133167~1.3RE/bin/../lib/gcc/arm-none-eabi/13.3.1/thumb/v7-m/nofp/crtbegin.o
 .text.register_tm_clones
                0x08000b40       0x24 C:/PROGRA~2/ARMGNU~1/133167~1.3RE/bin/../lib/gcc/arm-none-eabi/13.3.1/thumb/v7-m/nofp/crtbegin.o
 .text.__do_global_dtors_aux
                0x08000b64       0x28 C:/PROGRA~2/ARMGNU~1/133167~1.3RE/bin/../lib/gcc/arm-none-eabi/13.3.1/thumb/v7-m/nofp/crtbegin.o
 .text.frame_dummy
                0x08000b8c       0x24 C:/PROGRA~2/ARMGNU~1/133167~1.3RE/bin/../lib/gcc/arm-none-eabi/13.3.1/thumb/v7-m/nofp/crtbegin.o
 .text.MX_GPIO_Init
                0x08000bb0       0x30 CMakeFiles/i2c_rm3100.elf.dir/Core/Src/main.c.obj
 .text.Error_Handler
                0x08000be0        0x4 CMakeFiles/i2c_rm3100.elf.dir/Core/Src/main.c.obj
                0x08000be0                Error_Handler
 .text.MX_I2C1_Init
                0x08000be4       0x38 CMakeFiles/i2c_rm3100.elf.dir/Core/Src/main.c.obj
 .text.MX_USART1_UART_Init
                0x08000c1c       0x34 CMakeFiles/i2c_rm3100.elf.dir/Core/Src/main.c.obj
 .text.MX_I2C2_Init
                0x08000c50       0x38 CMakeFiles/i2c_rm3100.elf.dir/Core/Src/main.c.obj
 .text.SystemClock_Config
                0x08000c88       0x52 CMakeFiles/i2c_rm3100.elf.dir/Core/Src/main.c.obj
                0x08000c88                SystemClock_Config
 *fill*         0x08000cda        0x2 
 .text.main     0x08000cdc      0x160 CMakeFiles/i2c_rm3100.elf.dir/Core/Src/main.c.obj
                0x08000cdc                main
 .text.RM3100_CheckDataReady
                0x08000e3c       0x3c CMakeFiles/i2c_rm3100.elf.dir/Core/Src/rm3100.c.obj
                0x08000e3c                RM3100_CheckDataReady
 .text.RM3100_GetData
                0x08000e78      0x120 CMakeFiles/i2c_rm3100.elf.dir/Core/Src/rm3100.c.obj
                0x08000e78                RM3100_GetData
 .text.PrintI2CError
                0x08000f98       0xb0 CMakeFiles/i2c_rm3100.elf.dir/Core/Src/rm3100.c.obj
                0x08000f98                PrintI2CError
 .text.RM3100ReadID
                0x08001048       0x7c CMakeFiles/i2c_rm3100.elf.dir/Core/Src/rm3100.c.obj
                0x08001048                RM3100ReadID
 .text.RM3100_Init
                0x080010c4       0x90 CMakeFiles/i2c_rm3100.elf.dir/Core/Src/rm3100.c.obj
                0x080010c4                RM3100_Init
 .text.HAL_MspInit
                0x08001154       0x44 CMakeFiles/i2c_rm3100.elf.dir/Core/Src/stm32f1xx_hal_msp.c.obj
                0x08001154                HAL_MspInit
 .text.HAL_I2C_MspInit
                0x08001198       0xac CMakeFiles/i2c_rm3100.elf.dir/Core/Src/stm32f1xx_hal_msp.c.obj
                0x08001198                HAL_I2C_MspInit
 .text.HAL_UART_MspInit
                0x08001244       0x78 CMakeFiles/i2c_rm3100.elf.dir/Core/Src/stm32f1xx_hal_msp.c.obj
                0x08001244                HAL_UART_MspInit
 .text.NMI_Handler
                0x080012bc        0x2 CMakeFiles/i2c_rm3100.elf.dir/Core/Src/stm32f1xx_it.c.obj
                0x080012bc                NMI_Handler
 .text.HardFault_Handler
                0x080012be        0x2 CMakeFiles/i2c_rm3100.elf.dir/Core/Src/stm32f1xx_it.c.obj
                0x080012be                HardFault_Handler
 .text.MemManage_Handler
                0x080012c0        0x2 CMakeFiles/i2c_rm3100.elf.dir/Core/Src/stm32f1xx_it.c.obj
                0x080012c0                MemManage_Handler
 .text.BusFault_Handler
                0x080012c2        0x2 CMakeFiles/i2c_rm3100.elf.dir/Core/Src/stm32f1xx_it.c.obj
                0x080012c2                BusFault_Handler
 .text.UsageFault_Handler
                0x080012c4        0x2 CMakeFiles/i2c_rm3100.elf.dir/Core/Src/stm32f1xx_it.c.obj
                0x080012c4                UsageFault_Handler
 .text.SVC_Handler
                0x080012c6        0x2 CMakeFiles/i2c_rm3100.elf.dir/Core/Src/stm32f1xx_it.c.obj
                0x080012c6                SVC_Handler
 .text.DebugMon_Handler
                0x080012c8        0x2 CMakeFiles/i2c_rm3100.elf.dir/Core/Src/stm32f1xx_it.c.obj
                0x080012c8                DebugMon_Handler
 .text.PendSV_Handler
                0x080012ca        0x2 CMakeFiles/i2c_rm3100.elf.dir/Core/Src/stm32f1xx_it.c.obj
                0x080012ca                PendSV_Handler
 .text.SysTick_Handler
                0x080012cc        0x8 CMakeFiles/i2c_rm3100.elf.dir/Core/Src/stm32f1xx_it.c.obj
                0x080012cc                SysTick_Handler
 .text._getpid  0x080012d4        0x4 CMakeFiles/i2c_rm3100.elf.dir/Core/Src/syscalls.c.obj
                0x080012d4                _getpid
 .text._kill    0x080012d8       0x10 CMakeFiles/i2c_rm3100.elf.dir/Core/Src/syscalls.c.obj
                0x080012d8                _kill
 .text._exit    0x080012e8        0xc CMakeFiles/i2c_rm3100.elf.dir/Core/Src/syscalls.c.obj
                0x080012e8                _exit
 .text._read    0x080012f4       0x20 CMakeFiles/i2c_rm3100.elf.dir/Core/Src/syscalls.c.obj
                0x080012f4                _read
 .text._write   0x08001314       0x1c CMakeFiles/i2c_rm3100.elf.dir/Core/Src/syscalls.c.obj
                0x08001314                _write
 .text._close   0x08001330        0x6 CMakeFiles/i2c_rm3100.elf.dir/Core/Src/syscalls.c.obj
                0x08001330                _close
 .text._fstat   0x08001336        0xa CMakeFiles/i2c_rm3100.elf.dir/Core/Src/syscalls.c.obj
                0x08001336                _fstat
 .text._isatty  0x08001340        0x4 CMakeFiles/i2c_rm3100.elf.dir/Core/Src/syscalls.c.obj
                0x08001340                _isatty
 .text._lseek   0x08001344        0x4 CMakeFiles/i2c_rm3100.elf.dir/Core/Src/syscalls.c.obj
                0x08001344                _lseek
 .text._sbrk    0x08001348       0x48 CMakeFiles/i2c_rm3100.elf.dir/Core/Src/sysmem.c.obj
                0x08001348                _sbrk
 .text.SystemInit
                0x08001390        0x2 CMakeFiles/i2c_rm3100.elf.dir/Core/Src/system_stm32f1xx.c.obj
                0x08001390                SystemInit
 *fill*         0x08001392        0x2 
 .text.Reset_Handler
                0x08001394       0x48 CMakeFiles/i2c_rm3100.elf.dir/Core/Startup/startup_stm32f103c8tx.s.obj
                0x08001394                Reset_Handler
 .text.Default_Handler
                0x080013dc        0x2 CMakeFiles/i2c_rm3100.elf.dir/Core/Startup/startup_stm32f103c8tx.s.obj
                0x080013dc                RTC_Alarm_IRQHandler
                0x080013dc                EXTI2_IRQHandler
                0x080013dc                TIM1_CC_IRQHandler
                0x080013dc                PVD_IRQHandler
                0x080013dc                EXTI3_IRQHandler
                0x080013dc                EXTI0_IRQHandler
                0x080013dc                I2C2_EV_IRQHandler
                0x080013dc                ADC1_2_IRQHandler
                0x080013dc                SPI1_IRQHandler
                0x080013dc                TAMPER_IRQHandler
                0x080013dc                DMA1_Channel4_IRQHandler
                0x080013dc                USART3_IRQHandler
                0x080013dc                RTC_IRQHandler
                0x080013dc                DMA1_Channel7_IRQHandler
                0x080013dc                CAN1_RX1_IRQHandler
                0x080013dc                TIM4_IRQHandler
                0x080013dc                I2C1_EV_IRQHandler
                0x080013dc                DMA1_Channel6_IRQHandler
                0x080013dc                TIM3_IRQHandler
                0x080013dc                RCC_IRQHandler
                0x080013dc                TIM1_TRG_COM_IRQHandler
                0x080013dc                DMA1_Channel1_IRQHandler
                0x080013dc                Default_Handler
                0x080013dc                EXTI15_10_IRQHandler
                0x080013dc                EXTI9_5_IRQHandler
                0x080013dc                SPI2_IRQHandler
                0x080013dc                DMA1_Channel5_IRQHandler
                0x080013dc                EXTI4_IRQHandler
                0x080013dc                USB_LP_CAN1_RX0_IRQHandler
                0x080013dc                USB_HP_CAN1_TX_IRQHandler
                0x080013dc                DMA1_Channel3_IRQHandler
                0x080013dc                TIM1_UP_IRQHandler
                0x080013dc                WWDG_IRQHandler
                0x080013dc                TIM2_IRQHandler
                0x080013dc                TIM1_BRK_IRQHandler
                0x080013dc                EXTI1_IRQHandler
                0x080013dc                USART2_IRQHandler
                0x080013dc                I2C2_ER_IRQHandler
                0x080013dc                DMA1_Channel2_IRQHandler
                0x080013dc                CAN1_SCE_IRQHandler
                0x080013dc                FLASH_IRQHandler
                0x080013dc                USART1_IRQHandler
                0x080013dc                I2C1_ER_IRQHandler
                0x080013dc                USBWakeUp_IRQHandler
 *fill*         0x080013de        0x2 
 .text.HAL_InitTick
                0x080013e0       0x4c CMakeFiles/i2c_rm3100.elf.dir/Drivers/STM32F1xx_HAL_Driver/Src/stm32f1xx_hal.c.obj
                0x080013e0                HAL_InitTick
 .text.HAL_Init
                0x0800142c       0x24 CMakeFiles/i2c_rm3100.elf.dir/Drivers/STM32F1xx_HAL_Driver/Src/stm32f1xx_hal.c.obj
                0x0800142c                HAL_Init
 .text.HAL_IncTick
                0x08001450       0x18 CMakeFiles/i2c_rm3100.elf.dir/Drivers/STM32F1xx_HAL_Driver/Src/stm32f1xx_hal.c.obj
                0x08001450                HAL_IncTick
 .text.HAL_GetTick
                0x08001468        0xc CMakeFiles/i2c_rm3100.elf.dir/Drivers/STM32F1xx_HAL_Driver/Src/stm32f1xx_hal.c.obj
                0x08001468                HAL_GetTick
 .text.HAL_Delay
                0x08001474       0x28 CMakeFiles/i2c_rm3100.elf.dir/Drivers/STM32F1xx_HAL_Driver/Src/stm32f1xx_hal.c.obj
                0x08001474                HAL_Delay
 .text.__NVIC_SetPriority
                0x0800149c       0x28 CMakeFiles/i2c_rm3100.elf.dir/Drivers/STM32F1xx_HAL_Driver/Src/stm32f1xx_hal_cortex.c.obj
 .text.NVIC_EncodePriority
                0x080014c4       0x3e CMakeFiles/i2c_rm3100.elf.dir/Drivers/STM32F1xx_HAL_Driver/Src/stm32f1xx_hal_cortex.c.obj
 *fill*         0x08001502        0x2 
 .text.HAL_NVIC_SetPriorityGrouping
                0x08001504       0x24 CMakeFiles/i2c_rm3100.elf.dir/Drivers/STM32F1xx_HAL_Driver/Src/stm32f1xx_hal_cortex.c.obj
                0x08001504                HAL_NVIC_SetPriorityGrouping
 .text.HAL_NVIC_SetPriority
                0x08001528       0x20 CMakeFiles/i2c_rm3100.elf.dir/Drivers/STM32F1xx_HAL_Driver/Src/stm32f1xx_hal_cortex.c.obj
                0x08001528                HAL_NVIC_SetPriority
 .text.HAL_SYSTICK_Config
                0x08001548       0x28 CMakeFiles/i2c_rm3100.elf.dir/Drivers/STM32F1xx_HAL_Driver/Src/stm32f1xx_hal_cortex.c.obj
                0x08001548                HAL_SYSTICK_Config
 .text.HAL_GPIO_Init
                0x08001570      0x21c CMakeFiles/i2c_rm3100.elf.dir/Drivers/STM32F1xx_HAL_Driver/Src/stm32f1xx_hal_gpio.c.obj
                0x08001570                HAL_GPIO_Init
 .text.I2C_IsAcknowledgeFailed
                0x0800178c       0x32 CMakeFiles/i2c_rm3100.elf.dir/Drivers/STM32F1xx_HAL_Driver/Src/stm32f1xx_hal_i2c.c.obj
 .text.I2C_WaitOnFlagUntilTimeout
                0x080017be       0xaa CMakeFiles/i2c_rm3100.elf.dir/Drivers/STM32F1xx_HAL_Driver/Src/stm32f1xx_hal_i2c.c.obj
 .text.I2C_WaitOnMasterAddressFlagUntilTimeout
                0x08001868       0xd6 CMakeFiles/i2c_rm3100.elf.dir/Drivers/STM32F1xx_HAL_Driver/Src/stm32f1xx_hal_i2c.c.obj
 *fill*         0x0800193e        0x2 
 .text.I2C_MasterRequestWrite
                0x08001940       0xb4 CMakeFiles/i2c_rm3100.elf.dir/Drivers/STM32F1xx_HAL_Driver/Src/stm32f1xx_hal_i2c.c.obj
 .text.I2C_MasterRequestRead
                0x080019f4      0x120 CMakeFiles/i2c_rm3100.elf.dir/Drivers/STM32F1xx_HAL_Driver/Src/stm32f1xx_hal_i2c.c.obj
 .text.I2C_WaitOnTXEFlagUntilTimeout
                0x08001b14       0x5e CMakeFiles/i2c_rm3100.elf.dir/Drivers/STM32F1xx_HAL_Driver/Src/stm32f1xx_hal_i2c.c.obj
 *fill*         0x08001b72        0x2 
 .text.I2C_RequestMemoryWrite
                0x08001b74       0xd8 CMakeFiles/i2c_rm3100.elf.dir/Drivers/STM32F1xx_HAL_Driver/Src/stm32f1xx_hal_i2c.c.obj
 .text.I2C_RequestMemoryRead
                0x08001c4c      0x154 CMakeFiles/i2c_rm3100.elf.dir/Drivers/STM32F1xx_HAL_Driver/Src/stm32f1xx_hal_i2c.c.obj
 .text.I2C_WaitOnBTFFlagUntilTimeout
                0x08001da0       0x5e CMakeFiles/i2c_rm3100.elf.dir/Drivers/STM32F1xx_HAL_Driver/Src/stm32f1xx_hal_i2c.c.obj
 .text.I2C_WaitOnRXNEFlagUntilTimeout
                0x08001dfe       0x78 CMakeFiles/i2c_rm3100.elf.dir/Drivers/STM32F1xx_HAL_Driver/Src/stm32f1xx_hal_i2c.c.obj
 *fill*         0x08001e76        0x2 
 .text.HAL_I2C_Init
                0x08001e78      0x1bc CMakeFiles/i2c_rm3100.elf.dir/Drivers/STM32F1xx_HAL_Driver/Src/stm32f1xx_hal_i2c.c.obj
                0x08001e78                HAL_I2C_Init
 .text.HAL_I2C_Master_Transmit
                0x08002034      0x178 CMakeFiles/i2c_rm3100.elf.dir/Drivers/STM32F1xx_HAL_Driver/Src/stm32f1xx_hal_i2c.c.obj
                0x08002034                HAL_I2C_Master_Transmit
 .text.HAL_I2C_Master_Receive
                0x080021ac      0x358 CMakeFiles/i2c_rm3100.elf.dir/Drivers/STM32F1xx_HAL_Driver/Src/stm32f1xx_hal_i2c.c.obj
                0x080021ac                HAL_I2C_Master_Receive
 .text.HAL_I2C_Mem_Write
                0x08002504      0x164 CMakeFiles/i2c_rm3100.elf.dir/Drivers/STM32F1xx_HAL_Driver/Src/stm32f1xx_hal_i2c.c.obj
                0x08002504                HAL_I2C_Mem_Write
 .text.HAL_I2C_Mem_Read
                0x08002668      0x348 CMakeFiles/i2c_rm3100.elf.dir/Drivers/STM32F1xx_HAL_Driver/Src/stm32f1xx_hal_i2c.c.obj
                0x08002668                HAL_I2C_Mem_Read
 .text.RCC_Delay
                0x080029b0       0x2c CMakeFiles/i2c_rm3100.elf.dir/Drivers/STM32F1xx_HAL_Driver/Src/stm32f1xx_hal_rcc.c.obj
 .text.HAL_RCC_OscConfig
                0x080029dc      0x410 CMakeFiles/i2c_rm3100.elf.dir/Drivers/STM32F1xx_HAL_Driver/Src/stm32f1xx_hal_rcc.c.obj
                0x080029dc                HAL_RCC_OscConfig
 .text.HAL_RCC_GetSysClockFreq
                0x08002dec       0x54 CMakeFiles/i2c_rm3100.elf.dir/Drivers/STM32F1xx_HAL_Driver/Src/stm32f1xx_hal_rcc.c.obj
                0x08002dec                HAL_RCC_GetSysClockFreq
 .text.HAL_RCC_ClockConfig
                0x08002e40      0x16c CMakeFiles/i2c_rm3100.elf.dir/Drivers/STM32F1xx_HAL_Driver/Src/stm32f1xx_hal_rcc.c.obj
                0x08002e40                HAL_RCC_ClockConfig
 .text.HAL_RCC_GetHCLKFreq
                0x08002fac        0xc CMakeFiles/i2c_rm3100.elf.dir/Drivers/STM32F1xx_HAL_Driver/Src/stm32f1xx_hal_rcc.c.obj
                0x08002fac                HAL_RCC_GetHCLKFreq
 .text.HAL_RCC_GetPCLK1Freq
                0x08002fb8       0x20 CMakeFiles/i2c_rm3100.elf.dir/Drivers/STM32F1xx_HAL_Driver/Src/stm32f1xx_hal_rcc.c.obj
                0x08002fb8                HAL_RCC_GetPCLK1Freq
 .text.HAL_RCC_GetPCLK2Freq
                0x08002fd8       0x20 CMakeFiles/i2c_rm3100.elf.dir/Drivers/STM32F1xx_HAL_Driver/Src/stm32f1xx_hal_rcc.c.obj
                0x08002fd8                HAL_RCC_GetPCLK2Freq
 .text.UART_SetConfig
                0x08002ff8       0x94 CMakeFiles/i2c_rm3100.elf.dir/Drivers/STM32F1xx_HAL_Driver/Src/stm32f1xx_hal_uart.c.obj
 .text.UART_WaitOnFlagUntilTimeout
                0x0800308c       0x84 CMakeFiles/i2c_rm3100.elf.dir/Drivers/STM32F1xx_HAL_Driver/Src/stm32f1xx_hal_uart.c.obj
 .text.HAL_UART_Init
                0x08003110       0x60 CMakeFiles/i2c_rm3100.elf.dir/Drivers/STM32F1xx_HAL_Driver/Src/stm32f1xx_hal_uart.c.obj
                0x08003110                HAL_UART_Init
 .text.HAL_UART_Transmit
                0x08003170       0xbe CMakeFiles/i2c_rm3100.elf.dir/Drivers/STM32F1xx_HAL_Driver/Src/stm32f1xx_hal_uart.c.obj
                0x08003170                HAL_UART_Transmit
 *fill*         0x0800322e        0x2 
 .text.stdio_exit_handler
                0x08003230       0x18 C:/PROGRA~2/ARMGNU~1/133167~1.3RE/bin/../lib/gcc/arm-none-eabi/13.3.1/thumb/v7-m/nofp\libg.a(libc_a-findfp.o)
 .text.cleanup_stdio
                0x08003248       0x40 C:/PROGRA~2/ARMGNU~1/133167~1.3RE/bin/../lib/gcc/arm-none-eabi/13.3.1/thumb/v7-m/nofp\libg.a(libc_a-findfp.o)
 .text.global_stdio_init.part.0
                0x08003288       0xf0 C:/PROGRA~2/ARMGNU~1/133167~1.3RE/bin/../lib/gcc/arm-none-eabi/13.3.1/thumb/v7-m/nofp\libg.a(libc_a-findfp.o)
 .text.__sinit  0x08003378       0x3c C:/PROGRA~2/ARMGNU~1/133167~1.3RE/bin/../lib/gcc/arm-none-eabi/13.3.1/thumb/v7-m/nofp\libg.a(libc_a-findfp.o)
                0x08003378                __sinit
 .text.__sfp_lock_acquire
                0x080033b4        0xc C:/PROGRA~2/ARMGNU~1/133167~1.3RE/bin/../lib/gcc/arm-none-eabi/13.3.1/thumb/v7-m/nofp\libg.a(libc_a-findfp.o)
                0x080033b4                __sfp_lock_acquire
 .text.__sfp_lock_release
                0x080033c0        0xc C:/PROGRA~2/ARMGNU~1/133167~1.3RE/bin/../lib/gcc/arm-none-eabi/13.3.1/thumb/v7-m/nofp\libg.a(libc_a-findfp.o)
                0x080033c0                __sfp_lock_release
 .text._fwalk_sglue
                0x080033cc       0x44 C:/PROGRA~2/ARMGNU~1/133167~1.3RE/bin/../lib/gcc/arm-none-eabi/13.3.1/thumb/v7-m/nofp\libg.a(libc_a-fwalk.o)
                0x080033cc                _fwalk_sglue
 .text.printf   0x08003410       0x28 C:/PROGRA~2/ARMGNU~1/133167~1.3RE/bin/../lib/gcc/arm-none-eabi/13.3.1/thumb/v7-m/nofp\libg.a(libc_a-printf.o)
                0x08003410                printf
 .text._puts_r  0x08003438       0xa4 C:/PROGRA~2/ARMGNU~1/133167~1.3RE/bin/../lib/gcc/arm-none-eabi/13.3.1/thumb/v7-m/nofp\libg.a(libc_a-puts.o)
                0x08003438                _puts_r
 .text.puts     0x080034dc       0x10 C:/PROGRA~2/ARMGNU~1/133167~1.3RE/bin/../lib/gcc/arm-none-eabi/13.3.1/thumb/v7-m/nofp\libg.a(libc_a-puts.o)
                0x080034dc                puts
 .text.snprintf
                0x080034ec       0x8c C:/PROGRA~2/ARMGNU~1/133167~1.3RE/bin/../lib/gcc/arm-none-eabi/13.3.1/thumb/v7-m/nofp\libg.a(libc_a-snprintf.o)
                0x080034ec                snprintf
 .text.__sread  0x08003578       0x24 C:/PROGRA~2/ARMGNU~1/133167~1.3RE/bin/../lib/gcc/arm-none-eabi/13.3.1/thumb/v7-m/nofp\libg.a(libc_a-stdio.o)
                0x08003578                __sread
 .text.__swrite
                0x0800359c       0x40 C:/PROGRA~2/ARMGNU~1/133167~1.3RE/bin/../lib/gcc/arm-none-eabi/13.3.1/thumb/v7-m/nofp\libg.a(libc_a-stdio.o)
                0x0800359c                __swrite
 .text.__sseek  0x080035dc       0x24 C:/PROGRA~2/ARMGNU~1/133167~1.3RE/bin/../lib/gcc/arm-none-eabi/13.3.1/thumb/v7-m/nofp\libg.a(libc_a-stdio.o)
                0x080035dc                __sseek
 .text.__sclose
                0x08003600        0x8 C:/PROGRA~2/ARMGNU~1/133167~1.3RE/bin/../lib/gcc/arm-none-eabi/13.3.1/thumb/v7-m/nofp\libg.a(libc_a-stdio.o)
                0x08003600                __sclose
 .text.memset   0x08003608       0xa0 C:/PROGRA~2/ARMGNU~1/133167~1.3RE/bin/../lib/gcc/arm-none-eabi/13.3.1/thumb/v7-m/nofp\libg.a(libc_a-memset.o)
                0x08003608                memset
 .text._close_r
                0x080036a8       0x24 C:/PROGRA~2/ARMGNU~1/133167~1.3RE/bin/../lib/gcc/arm-none-eabi/13.3.1/thumb/v7-m/nofp\libg.a(libc_a-closer.o)
                0x080036a8                _close_r
 .text._lseek_r
                0x080036cc       0x2c C:/PROGRA~2/ARMGNU~1/133167~1.3RE/bin/../lib/gcc/arm-none-eabi/13.3.1/thumb/v7-m/nofp\libg.a(libc_a-lseekr.o)
                0x080036cc                _lseek_r
 .text._read_r  0x080036f8       0x2c C:/PROGRA~2/ARMGNU~1/133167~1.3RE/bin/../lib/gcc/arm-none-eabi/13.3.1/thumb/v7-m/nofp\libg.a(libc_a-readr.o)
                0x080036f8                _read_r
 .text._write_r
                0x08003724       0x2c C:/PROGRA~2/ARMGNU~1/133167~1.3RE/bin/../lib/gcc/arm-none-eabi/13.3.1/thumb/v7-m/nofp\libg.a(libc_a-writer.o)
                0x08003724                _write_r
 .text.__errno  0x08003750        0xc C:/PROGRA~2/ARMGNU~1/133167~1.3RE/bin/../lib/gcc/arm-none-eabi/13.3.1/thumb/v7-m/nofp\libg.a(libc_a-errno.o)
                0x08003750                __errno
 .text.__libc_init_array
                0x0800375c       0x50 C:/PROGRA~2/ARMGNU~1/133167~1.3RE/bin/../lib/gcc/arm-none-eabi/13.3.1/thumb/v7-m/nofp\libg.a(libc_a-init.o)
                0x0800375c                __libc_init_array
 .text.__retarget_lock_init_recursive
                0x080037ac        0x4 C:/PROGRA~2/ARMGNU~1/133167~1.3RE/bin/../lib/gcc/arm-none-eabi/13.3.1/thumb/v7-m/nofp\libg.a(libc_a-lock.o)
                0x080037ac                __retarget_lock_init_recursive
 .text.__retarget_lock_close_recursive
                0x080037b0        0x4 C:/PROGRA~2/ARMGNU~1/133167~1.3RE/bin/../lib/gcc/arm-none-eabi/13.3.1/thumb/v7-m/nofp\libg.a(libc_a-lock.o)
                0x080037b0                __retarget_lock_close_recursive
 .text.__retarget_lock_acquire_recursive
                0x080037b4        0x4 C:/PROGRA~2/ARMGNU~1/133167~1.3RE/bin/../lib/gcc/arm-none-eabi/13.3.1/thumb/v7-m/nofp\libg.a(libc_a-lock.o)
                0x080037b4                __retarget_lock_acquire_recursive
 .text.__retarget_lock_release_recursive
                0x080037b8        0x4 C:/PROGRA~2/ARMGNU~1/133167~1.3RE/bin/../lib/gcc/arm-none-eabi/13.3.1/thumb/v7-m/nofp\libg.a(libc_a-lock.o)
                0x080037b8                __retarget_lock_release_recursive
 .text.strlen   0x080037bc       0x5c C:/PROGRA~2/ARMGNU~1/133167~1.3RE/bin/../lib/gcc/arm-none-eabi/13.3.1/thumb/v7-m/nofp\libg.a(libc_a-strlen-stub.o)
                0x080037bc                strlen
 .text.startup.register_fini
                0x08003818       0x14 C:/PROGRA~2/ARMGNU~1/133167~1.3RE/bin/../lib/gcc/arm-none-eabi/13.3.1/thumb/v7-m/nofp\libg.a(libc_a-__call_atexit.o)
 .text.atexit   0x0800382c        0xc C:/PROGRA~2/ARMGNU~1/133167~1.3RE/bin/../lib/gcc/arm-none-eabi/13.3.1/thumb/v7-m/nofp\libg.a(libc_a-atexit.o)
                0x0800382c                atexit
 .text._malloc_trim_r
                0x08003838       0xb8 C:/PROGRA~2/ARMGNU~1/133167~1.3RE/bin/../lib/gcc/arm-none-eabi/13.3.1/thumb/v7-m/nofp\libg.a(libc_a-freer.o)
                0x08003838                _malloc_trim_r
 .text._free_r  0x080038f0      0x1f8 C:/PROGRA~2/ARMGNU~1/133167~1.3RE/bin/../lib/gcc/arm-none-eabi/13.3.1/thumb/v7-m/nofp\libg.a(libc_a-freer.o)
                0x080038f0                _free_r
 .text._malloc_r
                0x08003ae8      0x568 C:/PROGRA~2/ARMGNU~1/133167~1.3RE/bin/../lib/gcc/arm-none-eabi/13.3.1/thumb/v7-m/nofp\libg.a(libc_a-mallocr.o)
                0x08003ae8                _malloc_r
 .text.__malloc_lock
                0x08004050        0xc C:/PROGRA~2/ARMGNU~1/133167~1.3RE/bin/../lib/gcc/arm-none-eabi/13.3.1/thumb/v7-m/nofp\libg.a(libc_a-mlock.o)
                0x08004050                __malloc_lock
 .text.__malloc_unlock
                0x0800405c        0xc C:/PROGRA~2/ARMGNU~1/133167~1.3RE/bin/../lib/gcc/arm-none-eabi/13.3.1/thumb/v7-m/nofp\libg.a(libc_a-mlock.o)
                0x0800405c                __malloc_unlock
 .text._svfprintf_r
                0x08004068     0x1b2c C:/PROGRA~2/ARMGNU~1/133167~1.3RE/bin/../lib/gcc/arm-none-eabi/13.3.1/thumb/v7-m/nofp\libg.a(libc_a-svfprintf.o)
                0x08004068                _svfprintf_r
 .text._vfprintf_r
                0x08005b94     0x1c04 C:/PROGRA~2/ARMGNU~1/133167~1.3RE/bin/../lib/gcc/arm-none-eabi/13.3.1/thumb/v7-m/nofp\libg.a(libc_a-vfprintf.o)
                0x08005b94                _vfprintf_r
 .text.__sbprintf
                0x08007798       0x80 C:/PROGRA~2/ARMGNU~1/133167~1.3RE/bin/../lib/gcc/arm-none-eabi/13.3.1/thumb/v7-m/nofp\libg.a(libc_a-vfprintf.o)
 .text.__sprint_r
                0x08007818       0x20 C:/PROGRA~2/ARMGNU~1/133167~1.3RE/bin/../lib/gcc/arm-none-eabi/13.3.1/thumb/v7-m/nofp\libg.a(libc_a-sprint_r.o)
                0x08007818                __sprint_r
 .text.__ssprint_r
                0x08007838       0x58 C:/PROGRA~2/ARMGNU~1/133167~1.3RE/bin/../lib/gcc/arm-none-eabi/13.3.1/thumb/v7-m/nofp\libg.a(libc_a-ssprint_r.o)
                0x08007838                __ssprint_r
 .text._fclose_r
                0x08007890       0xc0 C:/PROGRA~2/ARMGNU~1/133167~1.3RE/bin/../lib/gcc/arm-none-eabi/13.3.1/thumb/v7-m/nofp\libg.a(libc_a-fclose.o)
                0x08007890                _fclose_r
 .text.__sflush_r
                0x08007950      0x128 C:/PROGRA~2/ARMGNU~1/133167~1.3RE/bin/../lib/gcc/arm-none-eabi/13.3.1/thumb/v7-m/nofp\libg.a(libc_a-fflush.o)
                0x08007950                __sflush_r
 .text._fflush_r
                0x08007a78       0x54 C:/PROGRA~2/ARMGNU~1/133167~1.3RE/bin/../lib/gcc/arm-none-eabi/13.3.1/thumb/v7-m/nofp\libg.a(libc_a-fflush.o)
                0x08007a78                _fflush_r
 .text.__sfvwrite_r
                0x08007acc      0x2ec C:/PROGRA~2/ARMGNU~1/133167~1.3RE/bin/../lib/gcc/arm-none-eabi/13.3.1/thumb/v7-m/nofp\libg.a(libc_a-fvwrite.o)
                0x08007acc                __sfvwrite_r
 .text.__swsetup_r
                0x08007db8       0xc4 C:/PROGRA~2/ARMGNU~1/133167~1.3RE/bin/../lib/gcc/arm-none-eabi/13.3.1/thumb/v7-m/nofp\libg.a(libc_a-wsetup.o)
                0x08007db8                __swsetup_r
 .text.memmove  0x08007e7c       0xfc C:/PROGRA~2/ARMGNU~1/133167~1.3RE/bin/../lib/gcc/arm-none-eabi/13.3.1/thumb/v7-m/nofp\libg.a(libc_a-memmove.o)
                0x08007e7c                memmove
 .text.strncpy  0x08007f78       0x6c C:/PROGRA~2/ARMGNU~1/133167~1.3RE/bin/../lib/gcc/arm-none-eabi/13.3.1/thumb/v7-m/nofp\libg.a(libc_a-strncpy.o)
                0x08007f78                strncpy
 .text.__locale_mb_cur_max
                0x08007fe4        0xc C:/PROGRA~2/ARMGNU~1/133167~1.3RE/bin/../lib/gcc/arm-none-eabi/13.3.1/thumb/v7-m/nofp\libg.a(libc_a-locale.o)
                0x08007fe4                __locale_mb_cur_max
 .text._localeconv_r
                0x08007ff0        0x8 C:/PROGRA~2/ARMGNU~1/133167~1.3RE/bin/../lib/gcc/arm-none-eabi/13.3.1/thumb/v7-m/nofp\libg.a(libc_a-localeconv.o)
                0x08007ff0                _localeconv_r
 .text._sbrk_r  0x08007ff8       0x24 C:/PROGRA~2/ARMGNU~1/133167~1.3RE/bin/../lib/gcc/arm-none-eabi/13.3.1/thumb/v7-m/nofp\libg.a(libc_a-sbrkr.o)
                0x08007ff8                _sbrk_r
 .text.__libc_fini_array
                0x0800801c       0x28 C:/PROGRA~2/ARMGNU~1/133167~1.3RE/bin/../lib/gcc/arm-none-eabi/13.3.1/thumb/v7-m/nofp\libg.a(libc_a-fini.o)
                0x0800801c                __libc_fini_array
 .text.sysconf  0x08008044       0x1c C:/PROGRA~2/ARMGNU~1/133167~1.3RE/bin/../lib/gcc/arm-none-eabi/13.3.1/thumb/v7-m/nofp\libg.a(libc_a-sysconf.o)
                0x08008044                sysconf
 .text.memchr   0x08008060       0x98 C:/PROGRA~2/ARMGNU~1/133167~1.3RE/bin/../lib/gcc/arm-none-eabi/13.3.1/thumb/v7-m/nofp\libg.a(libc_a-memchr-stub.o)
                0x08008060                memchr
 .text.frexp    0x080080f8       0x6c C:/PROGRA~2/ARMGNU~1/133167~1.3RE/bin/../lib/gcc/arm-none-eabi/13.3.1/thumb/v7-m/nofp\libg.a(libm_a-s_frexp.o)
                0x080080f8                frexp
 .text.__register_exitproc
                0x08008164       0x80 C:/PROGRA~2/ARMGNU~1/133167~1.3RE/bin/../lib/gcc/arm-none-eabi/13.3.1/thumb/v7-m/nofp\libg.a(libc_a-__atexit.o)
                0x08008164                __register_exitproc
 .text.quorem   0x080081e4      0x13c C:/PROGRA~2/ARMGNU~1/133167~1.3RE/bin/../lib/gcc/arm-none-eabi/13.3.1/thumb/v7-m/nofp\libg.a(libc_a-dtoa.o)
 .text._dtoa_r  0x08008320      0xe94 C:/PROGRA~2/ARMGNU~1/133167~1.3RE/bin/../lib/gcc/arm-none-eabi/13.3.1/thumb/v7-m/nofp\libg.a(libc_a-dtoa.o)
                0x08008320                _dtoa_r
 .text.__ascii_mbtowc
                0x080091b4       0x2c C:/PROGRA~2/ARMGNU~1/133167~1.3RE/bin/../lib/gcc/arm-none-eabi/13.3.1/thumb/v7-m/nofp\libg.a(libc_a-mbtowc_r.o)
                0x080091b4                __ascii_mbtowc
 .text._Balloc  0x080091e0       0x4c C:/PROGRA~2/ARMGNU~1/133167~1.3RE/bin/../lib/gcc/arm-none-eabi/13.3.1/thumb/v7-m/nofp\libg.a(libc_a-mprec.o)
                0x080091e0                _Balloc
 .text._Bfree   0x0800922c       0x14 C:/PROGRA~2/ARMGNU~1/133167~1.3RE/bin/../lib/gcc/arm-none-eabi/13.3.1/thumb/v7-m/nofp\libg.a(libc_a-mprec.o)
                0x0800922c                _Bfree
 .text.__multadd
                0x08009240       0xa4 C:/PROGRA~2/ARMGNU~1/133167~1.3RE/bin/../lib/gcc/arm-none-eabi/13.3.1/thumb/v7-m/nofp\libg.a(libc_a-mprec.o)
                0x08009240                __multadd
 .text.__hi0bits
                0x080092e4       0x44 C:/PROGRA~2/ARMGNU~1/133167~1.3RE/bin/../lib/gcc/arm-none-eabi/13.3.1/thumb/v7-m/nofp\libg.a(libc_a-mprec.o)
                0x080092e4                __hi0bits
 .text.__lo0bits
                0x08009328       0x5c C:/PROGRA~2/ARMGNU~1/133167~1.3RE/bin/../lib/gcc/arm-none-eabi/13.3.1/thumb/v7-m/nofp\libg.a(libc_a-mprec.o)
                0x08009328                __lo0bits
 .text.__i2b    0x08009384       0x5c C:/PROGRA~2/ARMGNU~1/133167~1.3RE/bin/../lib/gcc/arm-none-eabi/13.3.1/thumb/v7-m/nofp\libg.a(libc_a-mprec.o)
                0x08009384                __i2b
 .text.__multiply
                0x080093e0      0x164 C:/PROGRA~2/ARMGNU~1/133167~1.3RE/bin/../lib/gcc/arm-none-eabi/13.3.1/thumb/v7-m/nofp\libg.a(libc_a-mprec.o)
                0x080093e0                __multiply
 .text.__pow5mult
                0x08009544       0xb4 C:/PROGRA~2/ARMGNU~1/133167~1.3RE/bin/../lib/gcc/arm-none-eabi/13.3.1/thumb/v7-m/nofp\libg.a(libc_a-mprec.o)
                0x08009544                __pow5mult
 .text.__lshift
                0x080095f8       0xec C:/PROGRA~2/ARMGNU~1/133167~1.3RE/bin/../lib/gcc/arm-none-eabi/13.3.1/thumb/v7-m/nofp\libg.a(libc_a-mprec.o)
                0x080095f8                __lshift
 .text.__mcmp   0x080096e4       0x40 C:/PROGRA~2/ARMGNU~1/133167~1.3RE/bin/../lib/gcc/arm-none-eabi/13.3.1/thumb/v7-m/nofp\libg.a(libc_a-mprec.o)
                0x080096e4                __mcmp
 .text.__mdiff  0x08009724      0x178 C:/PROGRA~2/ARMGNU~1/133167~1.3RE/bin/../lib/gcc/arm-none-eabi/13.3.1/thumb/v7-m/nofp\libg.a(libc_a-mprec.o)
                0x08009724                __mdiff
 .text.__d2b    0x0800989c       0xbc C:/PROGRA~2/ARMGNU~1/133167~1.3RE/bin/../lib/gcc/arm-none-eabi/13.3.1/thumb/v7-m/nofp\libg.a(libc_a-mprec.o)
                0x0800989c                __d2b
 .text._realloc_r
                0x08009958      0x34c C:/PROGRA~2/ARMGNU~1/133167~1.3RE/bin/../lib/gcc/arm-none-eabi/13.3.1/thumb/v7-m/nofp\libg.a(libc_a-reallocr.o)
                0x08009958                _realloc_r
 .text.__ascii_wctomb
                0x08009ca4       0x1c C:/PROGRA~2/ARMGNU~1/133167~1.3RE/bin/../lib/gcc/arm-none-eabi/13.3.1/thumb/v7-m/nofp\libg.a(libc_a-wctomb_r.o)
                0x08009ca4                __ascii_wctomb
 .text._wcrtomb_r
                0x08009cc0       0x4c C:/PROGRA~2/ARMGNU~1/133167~1.3RE/bin/../lib/gcc/arm-none-eabi/13.3.1/thumb/v7-m/nofp\libg.a(libc_a-wcrtomb.o)
                0x08009cc0                _wcrtomb_r
 .text._wcsrtombs_r
                0x08009d0c       0x18 C:/PROGRA~2/ARMGNU~1/133167~1.3RE/bin/../lib/gcc/arm-none-eabi/13.3.1/thumb/v7-m/nofp\libg.a(libc_a-wcsrtombs.o)
                0x08009d0c                _wcsrtombs_r
 .text.__ssputs_r
                0x08009d24       0xc0 C:/PROGRA~2/ARMGNU~1/133167~1.3RE/bin/../lib/gcc/arm-none-eabi/13.3.1/thumb/v7-m/nofp\libg.a(libc_a-ssputs_r.o)
                0x08009d24                __ssputs_r
 .text.__smakebuf_r
                0x08009de4       0xdc C:/PROGRA~2/ARMGNU~1/133167~1.3RE/bin/../lib/gcc/arm-none-eabi/13.3.1/thumb/v7-m/nofp\libg.a(libc_a-makebuf.o)
                0x08009de4                __smakebuf_r
 .text._fstat_r
                0x08009ec0       0x28 C:/PROGRA~2/ARMGNU~1/133167~1.3RE/bin/../lib/gcc/arm-none-eabi/13.3.1/thumb/v7-m/nofp\libg.a(libc_a-fstatr.o)
                0x08009ec0                _fstat_r
 .text._isatty_r
                0x08009ee8       0x24 C:/PROGRA~2/ARMGNU~1/133167~1.3RE/bin/../lib/gcc/arm-none-eabi/13.3.1/thumb/v7-m/nofp\libg.a(libc_a-isattyr.o)
                0x08009ee8                _isatty_r
 .text.__assert_func
                0x08009f0c       0x40 C:/PROGRA~2/ARMGNU~1/133167~1.3RE/bin/../lib/gcc/arm-none-eabi/13.3.1/thumb/v7-m/nofp\libg.a(libc_a-assert.o)
                0x08009f0c                __assert_func
 .text._calloc_r
                0x08009f4c       0x6c C:/PROGRA~2/ARMGNU~1/133167~1.3RE/bin/../lib/gcc/arm-none-eabi/13.3.1/thumb/v7-m/nofp\libg.a(libc_a-callocr.o)
                0x08009f4c                _calloc_r
 .text._wcsnrtombs_l
                0x08009fb8       0xec C:/PROGRA~2/ARMGNU~1/133167~1.3RE/bin/../lib/gcc/arm-none-eabi/13.3.1/thumb/v7-m/nofp\libg.a(libc_a-wcsnrtombs.o)
                0x08009fb8                _wcsnrtombs_l
 .text._wcsnrtombs_r
                0x0800a0a4       0x24 C:/PROGRA~2/ARMGNU~1/133167~1.3RE/bin/../lib/gcc/arm-none-eabi/13.3.1/thumb/v7-m/nofp\libg.a(libc_a-wcsnrtombs.o)
                0x0800a0a4                _wcsnrtombs_r
 .text.fiprintf
                0x0800a0c8       0x28 C:/PROGRA~2/ARMGNU~1/133167~1.3RE/bin/../lib/gcc/arm-none-eabi/13.3.1/thumb/v7-m/nofp\libg.a(libc_a-fiprintf.o)
                0x0800a0c8                fiprintf
 .text._vfiprintf_r
                0x0800a0f0      0xeb8 C:/PROGRA~2/ARMGNU~1/133167~1.3RE/bin/../lib/gcc/arm-none-eabi/13.3.1/thumb/v7-m/nofp\libg.a(libc_a-vfiprintf.o)
                0x0800a0f0                _vfiprintf_r
 .text.__sbprintf
                0x0800afa8       0x80 C:/PROGRA~2/ARMGNU~1/133167~1.3RE/bin/../lib/gcc/arm-none-eabi/13.3.1/thumb/v7-m/nofp\libg.a(libc_a-vfiprintf.o)
 .text.abort    0x0800b028       0x10 C:/PROGRA~2/ARMGNU~1/133167~1.3RE/bin/../lib/gcc/arm-none-eabi/13.3.1/thumb/v7-m/nofp\libg.a(libc_a-abort.o)
                0x0800b028                abort
 .text.raise    0x0800b038       0x58 C:/PROGRA~2/ARMGNU~1/133167~1.3RE/bin/../lib/gcc/arm-none-eabi/13.3.1/thumb/v7-m/nofp\libg.a(libc_a-signal.o)
                0x0800b038                raise
 .text._kill_r  0x0800b090       0x28 C:/PROGRA~2/ARMGNU~1/133167~1.3RE/bin/../lib/gcc/arm-none-eabi/13.3.1/thumb/v7-m/nofp\libg.a(libc_a-signalr.o)
                0x0800b090                _kill_r
 .text._getpid_r
                0x0800b0b8        0x4 C:/PROGRA~2/ARMGNU~1/133167~1.3RE/bin/../lib/gcc/arm-none-eabi/13.3.1/thumb/v7-m/nofp\libg.a(libc_a-signalr.o)
                0x0800b0b8                _getpid_r
 *(.glue_7)
 .glue_7        0x0800b0bc        0x0 linker stubs
 *(.glue_7t)
 .glue_7t       0x0800b0bc        0x0 linker stubs
 *(.eh_frame)
 .eh_frame      0x0800b0bc        0x0 C:/PROGRA~2/ARMGNU~1/133167~1.3RE/bin/../lib/gcc/arm-none-eabi/13.3.1/thumb/v7-m/nofp/crtbegin.o
 *(.init)
 .init          0x0800b0bc        0x4 C:/PROGRA~2/ARMGNU~1/133167~1.3RE/bin/../lib/gcc/arm-none-eabi/13.3.1/thumb/v7-m/nofp/crti.o
                0x0800b0bc                _init
 .init          0x0800b0c0        0x8 C:/PROGRA~2/ARMGNU~1/133167~1.3RE/bin/../lib/gcc/arm-none-eabi/13.3.1/thumb/v7-m/nofp/crtn.o
 *(.fini)
 .fini          0x0800b0c8        0x4 C:/PROGRA~2/ARMGNU~1/133167~1.3RE/bin/../lib/gcc/arm-none-eabi/13.3.1/thumb/v7-m/nofp/crti.o
                0x0800b0c8                _fini
 .fini          0x0800b0cc        0x8 C:/PROGRA~2/ARMGNU~1/133167~1.3RE/bin/../lib/gcc/arm-none-eabi/13.3.1/thumb/v7-m/nofp/crtn.o
                0x0800b0d4                        . = ALIGN (0x4)
                0x0800b0d4                        _etext = .

.vfp11_veneer   0x0800b0d4        0x0
 .vfp11_veneer  0x0800b0d4        0x0 linker stubs

.v4_bx          0x0800b0d4        0x0
 .v4_bx         0x0800b0d4        0x0 linker stubs

.iplt           0x0800b0d4        0x0
 .iplt          0x0800b0d4        0x0 C:/PROGRA~2/ARMGNU~1/133167~1.3RE/bin/../lib/gcc/arm-none-eabi/13.3.1/thumb/v7-m/nofp/crtbegin.o

.rodata         0x0800b0d8      0x60c
                0x0800b0d8                        . = ALIGN (0x4)
 *(.rodata)
 .rodata        0x0800b0d8        0x6 CMakeFiles/i2c_rm3100.elf.dir/Core/Src/rm3100.c.obj
 *(.rodata*)
 *fill*         0x0800b0de        0x2 
 .rodata.main.str1.4
                0x0800b0e0      0x377 CMakeFiles/i2c_rm3100.elf.dir/Core/Src/main.c.obj
                                 0x9e (size before relaxing)
 .rodata.RM3100_GetData.str1.4
                0x0800b457       0x31 CMakeFiles/i2c_rm3100.elf.dir/Core/Src/rm3100.c.obj
 .rodata.PrintI2CError.str1.4
                0x0800b457       0xca CMakeFiles/i2c_rm3100.elf.dir/Core/Src/rm3100.c.obj
 .rodata.RM3100ReadID.str1.4
                0x0800b457       0x32 CMakeFiles/i2c_rm3100.elf.dir/Core/Src/rm3100.c.obj
 *fill*         0x0800b457        0x1 
 .rodata.APBPrescTable
                0x0800b458        0x8 CMakeFiles/i2c_rm3100.elf.dir/Core/Src/system_stm32f1xx.c.obj
                0x0800b458                APBPrescTable
 .rodata.AHBPrescTable
                0x0800b460       0x10 CMakeFiles/i2c_rm3100.elf.dir/Core/Src/system_stm32f1xx.c.obj
                0x0800b460                AHBPrescTable
 .rodata.aPredivFactorTable.0
                0x0800b470        0x2 CMakeFiles/i2c_rm3100.elf.dir/Drivers/STM32F1xx_HAL_Driver/Src/stm32f1xx_hal_rcc.c.obj
 *fill*         0x0800b472        0x2 
 .rodata.aPLLMULFactorTable.1
                0x0800b474       0x10 CMakeFiles/i2c_rm3100.elf.dir/Drivers/STM32F1xx_HAL_Driver/Src/stm32f1xx_hal_rcc.c.obj
 .rodata._puts_r.str1.4
                0x0800b484        0x2 C:/PROGRA~2/ARMGNU~1/133167~1.3RE/bin/../lib/gcc/arm-none-eabi/13.3.1/thumb/v7-m/nofp\libg.a(libc_a-puts.o)
 .rodata._svfprintf_r.str1.4
                0x0800b484       0x42 C:/PROGRA~2/ARMGNU~1/133167~1.3RE/bin/../lib/gcc/arm-none-eabi/13.3.1/thumb/v7-m/nofp\libg.a(libc_a-svfprintf.o)
 .rodata.zeroes.0
                0x0800b484       0x10 C:/PROGRA~2/ARMGNU~1/133167~1.3RE/bin/../lib/gcc/arm-none-eabi/13.3.1/thumb/v7-m/nofp\libg.a(libc_a-svfprintf.o)
 .rodata.blanks.1
                0x0800b494       0x10 C:/PROGRA~2/ARMGNU~1/133167~1.3RE/bin/../lib/gcc/arm-none-eabi/13.3.1/thumb/v7-m/nofp\libg.a(libc_a-svfprintf.o)
 .rodata._vfprintf_r.str1.4
                0x0800b4a4       0x42 C:/PROGRA~2/ARMGNU~1/133167~1.3RE/bin/../lib/gcc/arm-none-eabi/13.3.1/thumb/v7-m/nofp\libg.a(libc_a-vfprintf.o)
 .rodata.zeroes.0
                0x0800b4a4       0x10 C:/PROGRA~2/ARMGNU~1/133167~1.3RE/bin/../lib/gcc/arm-none-eabi/13.3.1/thumb/v7-m/nofp\libg.a(libc_a-vfprintf.o)
 .rodata.blanks.1
                0x0800b4b4       0x10 C:/PROGRA~2/ARMGNU~1/133167~1.3RE/bin/../lib/gcc/arm-none-eabi/13.3.1/thumb/v7-m/nofp\libg.a(libc_a-vfprintf.o)
 .rodata.str1.4
                0x0800b4c4       0x4c C:/PROGRA~2/ARMGNU~1/133167~1.3RE/bin/../lib/gcc/arm-none-eabi/13.3.1/thumb/v7-m/nofp\libg.a(libc_a-locale.o)
 .rodata._dtoa_r.str1.4
                0x0800b4c4       0x81 C:/PROGRA~2/ARMGNU~1/133167~1.3RE/bin/../lib/gcc/arm-none-eabi/13.3.1/thumb/v7-m/nofp\libg.a(libc_a-dtoa.o)
 .rodata.__multadd.str1.4
                0x0800b4c4       0x6e C:/PROGRA~2/ARMGNU~1/133167~1.3RE/bin/../lib/gcc/arm-none-eabi/13.3.1/thumb/v7-m/nofp\libg.a(libc_a-mprec.o)
 .rodata.p05.0  0x0800b4c4        0xc C:/PROGRA~2/ARMGNU~1/133167~1.3RE/bin/../lib/gcc/arm-none-eabi/13.3.1/thumb/v7-m/nofp\libg.a(libc_a-mprec.o)
 .rodata.__mprec_bigtens
                0x0800b4d0       0x28 C:/PROGRA~2/ARMGNU~1/133167~1.3RE/bin/../lib/gcc/arm-none-eabi/13.3.1/thumb/v7-m/nofp\libg.a(libc_a-mprec.o)
                0x0800b4d0                __mprec_bigtens
 .rodata.__mprec_tens
                0x0800b4f8       0xc8 C:/PROGRA~2/ARMGNU~1/133167~1.3RE/bin/../lib/gcc/arm-none-eabi/13.3.1/thumb/v7-m/nofp\libg.a(libc_a-mprec.o)
                0x0800b4f8                __mprec_tens
 .rodata._ctype_
                0x0800b5c0      0x101 C:/PROGRA~2/ARMGNU~1/133167~1.3RE/bin/../lib/gcc/arm-none-eabi/13.3.1/thumb/v7-m/nofp\libg.a(libc_a-ctype_.o)
                0x0800b5c0                _ctype_
 .rodata.__assert_func.str1.4
                0x0800b6c1       0x43 C:/PROGRA~2/ARMGNU~1/133167~1.3RE/bin/../lib/gcc/arm-none-eabi/13.3.1/thumb/v7-m/nofp\libg.a(libc_a-assert.o)
 .rodata._vfiprintf_r.str1.4
                0x0800b6c1       0x2f C:/PROGRA~2/ARMGNU~1/133167~1.3RE/bin/../lib/gcc/arm-none-eabi/13.3.1/thumb/v7-m/nofp\libg.a(libc_a-vfiprintf.o)
 *fill*         0x0800b6c1        0x3 
 .rodata.zeroes.0
                0x0800b6c4       0x10 C:/PROGRA~2/ARMGNU~1/133167~1.3RE/bin/../lib/gcc/arm-none-eabi/13.3.1/thumb/v7-m/nofp\libg.a(libc_a-vfiprintf.o)
 .rodata.blanks.1
                0x0800b6d4       0x10 C:/PROGRA~2/ARMGNU~1/133167~1.3RE/bin/../lib/gcc/arm-none-eabi/13.3.1/thumb/v7-m/nofp\libg.a(libc_a-vfiprintf.o)
                0x0800b6e4                        . = ALIGN (0x4)

.ARM.extab      0x0800b6e4        0x0
                0x0800b6e4                        . = ALIGN (0x4)
 *(.ARM.extab* .gnu.linkonce.armextab.*)
                0x0800b6e4                        . = ALIGN (0x4)

.ARM            0x0800b6e4        0x8
                0x0800b6e4                        . = ALIGN (0x4)
                0x0800b6e4                        __exidx_start = .
 *(.ARM.exidx*)
 .ARM.exidx     0x0800b6e4        0x8 C:/PROGRA~2/ARMGNU~1/133167~1.3RE/bin/../lib/gcc/arm-none-eabi/13.3.1/thumb/v7-m/nofp\libg.a(libc_a-memcpy.o)
                0x0800b6ec                        __exidx_end = .
                0x0800b6ec                        . = ALIGN (0x4)

.preinit_array  0x0800b6ec        0x0
                0x0800b6ec                        . = ALIGN (0x4)
                0x0800b6ec                        PROVIDE (__preinit_array_start = .)
 *(.preinit_array*)
                0x0800b6ec                        PROVIDE (__preinit_array_end = .)
                0x0800b6ec                        . = ALIGN (0x4)

.init_array     0x0800b6ec        0x8
                0x0800b6ec                        . = ALIGN (0x4)
                0x0800b6ec                        PROVIDE (__init_array_start = .)
 *(SORT_BY_NAME(.init_array.*))
 .init_array.00000
                0x0800b6ec        0x4 C:/PROGRA~2/ARMGNU~1/133167~1.3RE/bin/../lib/gcc/arm-none-eabi/13.3.1/thumb/v7-m/nofp\libg.a(libc_a-__call_atexit.o)
 *(.init_array*)
 .init_array    0x0800b6f0        0x4 C:/PROGRA~2/ARMGNU~1/133167~1.3RE/bin/../lib/gcc/arm-none-eabi/13.3.1/thumb/v7-m/nofp/crtbegin.o
                0x0800b6f4                        PROVIDE (__init_array_end = .)
                0x0800b6f4                        . = ALIGN (0x4)

.fini_array     0x0800b6f4        0x4
                0x0800b6f4                        . = ALIGN (0x4)
                0x0800b6f4                        PROVIDE (__fini_array_start = .)
 *(SORT_BY_NAME(.fini_array.*))
 *(.fini_array*)
 .fini_array    0x0800b6f4        0x4 C:/PROGRA~2/ARMGNU~1/133167~1.3RE/bin/../lib/gcc/arm-none-eabi/13.3.1/thumb/v7-m/nofp/crtbegin.o
                0x0800b6f8                        PROVIDE (__fini_array_end = .)
                0x0800b6f8                        . = ALIGN (0x4)
                0x0800b6f8                        _sidata = LOADADDR (.data)

.rel.dyn        0x0800b6f8        0x0
 .rel.iplt      0x0800b6f8        0x0 C:/PROGRA~2/ARMGNU~1/133167~1.3RE/bin/../lib/gcc/arm-none-eabi/13.3.1/thumb/v7-m/nofp/crtbegin.o

.data           0x20000000      0x6e4 load address 0x0800b6f8
                0x20000000                        . = ALIGN (0x4)
                0x20000000                        _sdata = .
 *(.data)
 *(.data*)
 .data.SystemCoreClock
                0x20000000        0x4 CMakeFiles/i2c_rm3100.elf.dir/Core/Src/system_stm32f1xx.c.obj
                0x20000000                SystemCoreClock
 .data.uwTickFreq
                0x20000004        0x1 CMakeFiles/i2c_rm3100.elf.dir/Drivers/STM32F1xx_HAL_Driver/Src/stm32f1xx_hal.c.obj
                0x20000004                uwTickFreq
 *fill*         0x20000005        0x3 
 .data.uwTickPrio
                0x20000008        0x4 CMakeFiles/i2c_rm3100.elf.dir/Drivers/STM32F1xx_HAL_Driver/Src/stm32f1xx_hal.c.obj
                0x20000008                uwTickPrio
 .data.__sglue  0x2000000c        0xc C:/PROGRA~2/ARMGNU~1/133167~1.3RE/bin/../lib/gcc/arm-none-eabi/13.3.1/thumb/v7-m/nofp\libg.a(libc_a-findfp.o)
                0x2000000c                __sglue
 .data._impure_ptr
                0x20000018        0x4 C:/PROGRA~2/ARMGNU~1/133167~1.3RE/bin/../lib/gcc/arm-none-eabi/13.3.1/thumb/v7-m/nofp\libg.a(libc_a-impure.o)
                0x20000018                _impure_ptr
 *fill*         0x2000001c        0x4 
 .data._impure_data
                0x20000020      0x140 C:/PROGRA~2/ARMGNU~1/133167~1.3RE/bin/../lib/gcc/arm-none-eabi/13.3.1/thumb/v7-m/nofp\libg.a(libc_a-impure.o)
                0x20000020                _impure_data
 .data.__atexit_recursive_mutex
                0x20000160        0x4 C:/PROGRA~2/ARMGNU~1/133167~1.3RE/bin/../lib/gcc/arm-none-eabi/13.3.1/thumb/v7-m/nofp\libg.a(libc_a-__call_atexit.o)
                0x20000160                __atexit_recursive_mutex
 .data.__malloc_sbrk_base
                0x20000164        0x4 C:/PROGRA~2/ARMGNU~1/133167~1.3RE/bin/../lib/gcc/arm-none-eabi/13.3.1/thumb/v7-m/nofp\libg.a(libc_a-mallocr.o)
                0x20000164                __malloc_sbrk_base
 .data.__malloc_trim_threshold
                0x20000168        0x4 C:/PROGRA~2/ARMGNU~1/133167~1.3RE/bin/../lib/gcc/arm-none-eabi/13.3.1/thumb/v7-m/nofp\libg.a(libc_a-mallocr.o)
                0x20000168                __malloc_trim_threshold
 *fill*         0x2000016c        0x4 
 .data.__malloc_av_
                0x20000170      0x408 C:/PROGRA~2/ARMGNU~1/133167~1.3RE/bin/../lib/gcc/arm-none-eabi/13.3.1/thumb/v7-m/nofp\libg.a(libc_a-mallocr.o)
                0x20000170                __malloc_av_
 .data.__global_locale
                0x20000578      0x16c C:/PROGRA~2/ARMGNU~1/133167~1.3RE/bin/../lib/gcc/arm-none-eabi/13.3.1/thumb/v7-m/nofp\libg.a(libc_a-locale.o)
                0x20000578                __global_locale
 *(.RamFunc)
 *(.RamFunc*)
                0x200006e4                        . = ALIGN (0x4)
                0x200006e4                        _edata = .

.tm_clone_table
                0x200006e4        0x0 load address 0x0800bddc
 .tm_clone_table
                0x200006e4        0x0 C:/PROGRA~2/ARMGNU~1/133167~1.3RE/bin/../lib/gcc/arm-none-eabi/13.3.1/thumb/v7-m/nofp/crtbegin.o
 .tm_clone_table
                0x200006e4        0x0 C:/PROGRA~2/ARMGNU~1/133167~1.3RE/bin/../lib/gcc/arm-none-eabi/13.3.1/thumb/v7-m/nofp/crtend.o

.igot.plt       0x200006e4        0x0 load address 0x0800bddc
 .igot.plt      0x200006e4        0x0 C:/PROGRA~2/ARMGNU~1/133167~1.3RE/bin/../lib/gcc/arm-none-eabi/13.3.1/thumb/v7-m/nofp/crtbegin.o
                0x200006e4                        . = ALIGN (0x4)

.bss            0x200006e4      0x434 load address 0x0800bddc
                0x200006e4                        _sbss = .
                0x200006e4                        __bss_start__ = _sbss
 *(.bss)
 *(.bss*)
 .bss.completed.1
                0x200006e4        0x1 C:/PROGRA~2/ARMGNU~1/133167~1.3RE/bin/../lib/gcc/arm-none-eabi/13.3.1/thumb/v7-m/nofp/crtbegin.o
 *fill*         0x200006e5        0x3 
 .bss.object.0  0x200006e8       0x18 C:/PROGRA~2/ARMGNU~1/133167~1.3RE/bin/../lib/gcc/arm-none-eabi/13.3.1/thumb/v7-m/nofp/crtbegin.o
 .bss.huart1    0x20000700       0x48 CMakeFiles/i2c_rm3100.elf.dir/Core/Src/main.c.obj
                0x20000700                huart1
 .bss.hi2c2     0x20000748       0x54 CMakeFiles/i2c_rm3100.elf.dir/Core/Src/main.c.obj
                0x20000748                hi2c2
 .bss.hi2c1     0x2000079c       0x54 CMakeFiles/i2c_rm3100.elf.dir/Core/Src/main.c.obj
                0x2000079c                hi2c1
 .bss.Mag_Data.0
                0x200007f0        0xc CMakeFiles/i2c_rm3100.elf.dir/Core/Src/rm3100.c.obj
 .bss.__sbrk_heap_end
                0x200007fc        0x4 CMakeFiles/i2c_rm3100.elf.dir/Core/Src/sysmem.c.obj
 .bss.uwTick    0x20000800        0x4 CMakeFiles/i2c_rm3100.elf.dir/Drivers/STM32F1xx_HAL_Driver/Src/stm32f1xx_hal.c.obj
                0x20000800                uwTick
 .bss.__sf      0x20000804      0x138 C:/PROGRA~2/ARMGNU~1/133167~1.3RE/bin/../lib/gcc/arm-none-eabi/13.3.1/thumb/v7-m/nofp\libg.a(libc_a-findfp.o)
                0x20000804                __sf
 .bss.__stdio_exit_handler
                0x2000093c        0x4 C:/PROGRA~2/ARMGNU~1/133167~1.3RE/bin/../lib/gcc/arm-none-eabi/13.3.1/thumb/v7-m/nofp\libg.a(libc_a-findfp.o)
                0x2000093c                __stdio_exit_handler
 .bss.errno     0x20000940        0x4 C:/PROGRA~2/ARMGNU~1/133167~1.3RE/bin/../lib/gcc/arm-none-eabi/13.3.1/thumb/v7-m/nofp\libg.a(libc_a-reent.o)
                0x20000940                errno
 .bss.__lock___malloc_recursive_mutex
                0x20000944        0x1 C:/PROGRA~2/ARMGNU~1/133167~1.3RE/bin/../lib/gcc/arm-none-eabi/13.3.1/thumb/v7-m/nofp\libg.a(libc_a-lock.o)
                0x20000944                __lock___malloc_recursive_mutex
 *fill*         0x20000945        0x3 
 .bss.__lock___atexit_recursive_mutex
                0x20000948        0x1 C:/PROGRA~2/ARMGNU~1/133167~1.3RE/bin/../lib/gcc/arm-none-eabi/13.3.1/thumb/v7-m/nofp\libg.a(libc_a-lock.o)
                0x20000948                __lock___atexit_recursive_mutex
 *fill*         0x20000949        0x3 
 .bss.__lock___sfp_recursive_mutex
                0x2000094c        0x1 C:/PROGRA~2/ARMGNU~1/133167~1.3RE/bin/../lib/gcc/arm-none-eabi/13.3.1/thumb/v7-m/nofp\libg.a(libc_a-lock.o)
                0x2000094c                __lock___sfp_recursive_mutex
 *fill*         0x2000094d        0x3 
 .bss.__atexit  0x20000950        0x4 C:/PROGRA~2/ARMGNU~1/133167~1.3RE/bin/../lib/gcc/arm-none-eabi/13.3.1/thumb/v7-m/nofp\libg.a(libc_a-__call_atexit.o)
                0x20000950                __atexit
 .bss.__malloc_current_mallinfo
                0x20000954       0x28 C:/PROGRA~2/ARMGNU~1/133167~1.3RE/bin/../lib/gcc/arm-none-eabi/13.3.1/thumb/v7-m/nofp\libg.a(libc_a-mallocr.o)
                0x20000954                __malloc_current_mallinfo
 .bss.__malloc_max_total_mem
                0x2000097c        0x4 C:/PROGRA~2/ARMGNU~1/133167~1.3RE/bin/../lib/gcc/arm-none-eabi/13.3.1/thumb/v7-m/nofp\libg.a(libc_a-mallocr.o)
                0x2000097c                __malloc_max_total_mem
 .bss.__malloc_max_sbrked_mem
                0x20000980        0x4 C:/PROGRA~2/ARMGNU~1/133167~1.3RE/bin/../lib/gcc/arm-none-eabi/13.3.1/thumb/v7-m/nofp\libg.a(libc_a-mallocr.o)
                0x20000980                __malloc_max_sbrked_mem
 .bss.__malloc_top_pad
                0x20000984        0x4 C:/PROGRA~2/ARMGNU~1/133167~1.3RE/bin/../lib/gcc/arm-none-eabi/13.3.1/thumb/v7-m/nofp\libg.a(libc_a-mallocr.o)
                0x20000984                __malloc_top_pad
 .bss.__atexit0
                0x20000988      0x190 C:/PROGRA~2/ARMGNU~1/133167~1.3RE/bin/../lib/gcc/arm-none-eabi/13.3.1/thumb/v7-m/nofp\libg.a(libc_a-__atexit.o)
                0x20000988                __atexit0
 *(COMMON)
                0x20000b18                        . = ALIGN (0x4)
                0x20000b18                        _ebss = .
                0x20000b18                        __bss_end__ = _ebss

._user_heap_stack
                0x20000b18      0x600 load address 0x0800bddc
                0x20000b18                        . = ALIGN (0x8)
                [!provide]                        PROVIDE (end = .)
                0x20000b18                        PROVIDE (_end = .)
                0x20000d18                        . = (. + _Min_Heap_Size)
 *fill*         0x20000b18      0x200 
                0x20001118                        . = (. + _Min_Stack_Size)
 *fill*         0x20000d18      0x400 
                0x20001118                        . = ALIGN (0x8)

/DISCARD/
 libc.a(*)
 libm.a(*)
 libgcc.a(*)

.ARM.attributes
                0x00000000       0x29
 *(.ARM.attributes)
 .ARM.attributes
                0x00000000       0x1d C:/PROGRA~2/ARMGNU~1/133167~1.3RE/bin/../lib/gcc/arm-none-eabi/13.3.1/thumb/v7-m/nofp/crti.o
 .ARM.attributes
                0x0000001d       0x2d C:/PROGRA~2/ARMGNU~1/133167~1.3RE/bin/../lib/gcc/arm-none-eabi/13.3.1/thumb/v7-m/nofp/crtbegin.o
 .ARM.attributes
                0x0000004a       0x2d CMakeFiles/i2c_rm3100.elf.dir/Core/Src/main.c.obj
 .ARM.attributes
                0x00000077       0x2d CMakeFiles/i2c_rm3100.elf.dir/Core/Src/rm3100.c.obj
 .ARM.attributes
                0x000000a4       0x2d CMakeFiles/i2c_rm3100.elf.dir/Core/Src/stm32f1xx_hal_msp.c.obj
 .ARM.attributes
                0x000000d1       0x2d CMakeFiles/i2c_rm3100.elf.dir/Core/Src/stm32f1xx_it.c.obj
 .ARM.attributes
                0x000000fe       0x2d CMakeFiles/i2c_rm3100.elf.dir/Core/Src/syscalls.c.obj
 .ARM.attributes
                0x0000012b       0x2d CMakeFiles/i2c_rm3100.elf.dir/Core/Src/sysmem.c.obj
 .ARM.attributes
                0x00000158       0x2d CMakeFiles/i2c_rm3100.elf.dir/Core/Src/system_stm32f1xx.c.obj
 .ARM.attributes
                0x00000185       0x21 CMakeFiles/i2c_rm3100.elf.dir/Core/Startup/startup_stm32f103c8tx.s.obj
 .ARM.attributes
                0x000001a6       0x2d CMakeFiles/i2c_rm3100.elf.dir/Drivers/STM32F1xx_HAL_Driver/Src/stm32f1xx_hal.c.obj
 .ARM.attributes
                0x000001d3       0x2d CMakeFiles/i2c_rm3100.elf.dir/Drivers/STM32F1xx_HAL_Driver/Src/stm32f1xx_hal_cortex.c.obj
 .ARM.attributes
                0x00000200       0x2d CMakeFiles/i2c_rm3100.elf.dir/Drivers/STM32F1xx_HAL_Driver/Src/stm32f1xx_hal_gpio.c.obj
 .ARM.attributes
                0x0000022d       0x2d CMakeFiles/i2c_rm3100.elf.dir/Drivers/STM32F1xx_HAL_Driver/Src/stm32f1xx_hal_i2c.c.obj
 .ARM.attributes
                0x0000025a       0x2d CMakeFiles/i2c_rm3100.elf.dir/Drivers/STM32F1xx_HAL_Driver/Src/stm32f1xx_hal_rcc.c.obj
 .ARM.attributes
                0x00000287       0x2d CMakeFiles/i2c_rm3100.elf.dir/Drivers/STM32F1xx_HAL_Driver/Src/stm32f1xx_hal_uart.c.obj
 .ARM.attributes
                0x000002b4       0x2d C:/PROGRA~2/ARMGNU~1/133167~1.3RE/bin/../lib/gcc/arm-none-eabi/13.3.1/thumb/v7-m/nofp\libg.a(libc_a-findfp.o)
 .ARM.attributes
                0x000002e1       0x2d C:/PROGRA~2/ARMGNU~1/133167~1.3RE/bin/../lib/gcc/arm-none-eabi/13.3.1/thumb/v7-m/nofp\libg.a(libc_a-fwalk.o)
 .ARM.attributes
                0x0000030e       0x2d C:/PROGRA~2/ARMGNU~1/133167~1.3RE/bin/../lib/gcc/arm-none-eabi/13.3.1/thumb/v7-m/nofp\libg.a(libc_a-printf.o)
 .ARM.attributes
                0x0000033b       0x2d C:/PROGRA~2/ARMGNU~1/133167~1.3RE/bin/../lib/gcc/arm-none-eabi/13.3.1/thumb/v7-m/nofp\libg.a(libc_a-puts.o)
 .ARM.attributes
                0x00000368       0x2d C:/PROGRA~2/ARMGNU~1/133167~1.3RE/bin/../lib/gcc/arm-none-eabi/13.3.1/thumb/v7-m/nofp\libg.a(libc_a-snprintf.o)
 .ARM.attributes
                0x00000395       0x2d C:/PROGRA~2/ARMGNU~1/133167~1.3RE/bin/../lib/gcc/arm-none-eabi/13.3.1/thumb/v7-m/nofp\libg.a(libc_a-stdio.o)
 .ARM.attributes
                0x000003c2       0x2d C:/PROGRA~2/ARMGNU~1/133167~1.3RE/bin/../lib/gcc/arm-none-eabi/13.3.1/thumb/v7-m/nofp\libg.a(libc_a-memset.o)
 .ARM.attributes
                0x000003ef       0x2d C:/PROGRA~2/ARMGNU~1/133167~1.3RE/bin/../lib/gcc/arm-none-eabi/13.3.1/thumb/v7-m/nofp\libg.a(libc_a-closer.o)
 .ARM.attributes
                0x0000041c       0x2d C:/PROGRA~2/ARMGNU~1/133167~1.3RE/bin/../lib/gcc/arm-none-eabi/13.3.1/thumb/v7-m/nofp\libg.a(libc_a-reent.o)
 .ARM.attributes
                0x00000449       0x2d C:/PROGRA~2/ARMGNU~1/133167~1.3RE/bin/../lib/gcc/arm-none-eabi/13.3.1/thumb/v7-m/nofp\libg.a(libc_a-impure.o)
 .ARM.attributes
                0x00000476       0x2d C:/PROGRA~2/ARMGNU~1/133167~1.3RE/bin/../lib/gcc/arm-none-eabi/13.3.1/thumb/v7-m/nofp\libg.a(libc_a-lseekr.o)
 .ARM.attributes
                0x000004a3       0x2d C:/PROGRA~2/ARMGNU~1/133167~1.3RE/bin/../lib/gcc/arm-none-eabi/13.3.1/thumb/v7-m/nofp\libg.a(libc_a-readr.o)
 .ARM.attributes
                0x000004d0       0x2d C:/PROGRA~2/ARMGNU~1/133167~1.3RE/bin/../lib/gcc/arm-none-eabi/13.3.1/thumb/v7-m/nofp\libg.a(libc_a-writer.o)
 .ARM.attributes
                0x000004fd       0x2d C:/PROGRA~2/ARMGNU~1/133167~1.3RE/bin/../lib/gcc/arm-none-eabi/13.3.1/thumb/v7-m/nofp\libg.a(libc_a-errno.o)
 .ARM.attributes
                0x0000052a       0x2d C:/PROGRA~2/ARMGNU~1/133167~1.3RE/bin/../lib/gcc/arm-none-eabi/13.3.1/thumb/v7-m/nofp\libg.a(libc_a-init.o)
 .ARM.attributes
                0x00000557       0x2d C:/PROGRA~2/ARMGNU~1/133167~1.3RE/bin/../lib/gcc/arm-none-eabi/13.3.1/thumb/v7-m/nofp\libg.a(libc_a-lock.o)
 .ARM.attributes
                0x00000584       0x1b C:/PROGRA~2/ARMGNU~1/133167~1.3RE/bin/../lib/gcc/arm-none-eabi/13.3.1/thumb/v7-m/nofp\libg.a(libc_a-memcpy.o)
 .ARM.attributes
                0x0000059f       0x2d C:/PROGRA~2/ARMGNU~1/133167~1.3RE/bin/../lib/gcc/arm-none-eabi/13.3.1/thumb/v7-m/nofp\libg.a(libc_a-strlen-stub.o)
 .ARM.attributes
                0x000005cc       0x2d C:/PROGRA~2/ARMGNU~1/133167~1.3RE/bin/../lib/gcc/arm-none-eabi/13.3.1/thumb/v7-m/nofp\libg.a(libc_a-__call_atexit.o)
 .ARM.attributes
                0x000005f9       0x2d C:/PROGRA~2/ARMGNU~1/133167~1.3RE/bin/../lib/gcc/arm-none-eabi/13.3.1/thumb/v7-m/nofp\libg.a(libc_a-atexit.o)
 .ARM.attributes
                0x00000626       0x2d C:/PROGRA~2/ARMGNU~1/133167~1.3RE/bin/../lib/gcc/arm-none-eabi/13.3.1/thumb/v7-m/nofp\libg.a(libc_a-freer.o)
 .ARM.attributes
                0x00000653       0x2d C:/PROGRA~2/ARMGNU~1/133167~1.3RE/bin/../lib/gcc/arm-none-eabi/13.3.1/thumb/v7-m/nofp\libg.a(libc_a-mallocr.o)
 .ARM.attributes
                0x00000680       0x2d C:/PROGRA~2/ARMGNU~1/133167~1.3RE/bin/../lib/gcc/arm-none-eabi/13.3.1/thumb/v7-m/nofp\libg.a(libc_a-mlock.o)
 .ARM.attributes
                0x000006ad       0x2d C:/PROGRA~2/ARMGNU~1/133167~1.3RE/bin/../lib/gcc/arm-none-eabi/13.3.1/thumb/v7-m/nofp\libg.a(libc_a-svfprintf.o)
 .ARM.attributes
                0x000006da       0x2d C:/PROGRA~2/ARMGNU~1/133167~1.3RE/bin/../lib/gcc/arm-none-eabi/13.3.1/thumb/v7-m/nofp\libg.a(libc_a-vfprintf.o)
 .ARM.attributes
                0x00000707       0x2d C:/PROGRA~2/ARMGNU~1/133167~1.3RE/bin/../lib/gcc/arm-none-eabi/13.3.1/thumb/v7-m/nofp\libg.a(libc_a-sprint_r.o)
 .ARM.attributes
                0x00000734       0x2d C:/PROGRA~2/ARMGNU~1/133167~1.3RE/bin/../lib/gcc/arm-none-eabi/13.3.1/thumb/v7-m/nofp\libg.a(libc_a-ssprint_r.o)
 .ARM.attributes
                0x00000761       0x2d C:/PROGRA~2/ARMGNU~1/133167~1.3RE/bin/../lib/gcc/arm-none-eabi/13.3.1/thumb/v7-m/nofp\libg.a(libc_a-fclose.o)
 .ARM.attributes
                0x0000078e       0x2d C:/PROGRA~2/ARMGNU~1/133167~1.3RE/bin/../lib/gcc/arm-none-eabi/13.3.1/thumb/v7-m/nofp\libg.a(libc_a-fflush.o)
 .ARM.attributes
                0x000007bb       0x2d C:/PROGRA~2/ARMGNU~1/133167~1.3RE/bin/../lib/gcc/arm-none-eabi/13.3.1/thumb/v7-m/nofp\libg.a(libc_a-fvwrite.o)
 .ARM.attributes
                0x000007e8       0x2d C:/PROGRA~2/ARMGNU~1/133167~1.3RE/bin/../lib/gcc/arm-none-eabi/13.3.1/thumb/v7-m/nofp\libg.a(libc_a-wsetup.o)
 .ARM.attributes
                0x00000815       0x2d C:/PROGRA~2/ARMGNU~1/133167~1.3RE/bin/../lib/gcc/arm-none-eabi/13.3.1/thumb/v7-m/nofp\libg.a(libc_a-memmove.o)
 .ARM.attributes
                0x00000842       0x2d C:/PROGRA~2/ARMGNU~1/133167~1.3RE/bin/../lib/gcc/arm-none-eabi/13.3.1/thumb/v7-m/nofp\libg.a(libc_a-strncpy.o)
 .ARM.attributes
                0x0000086f       0x2d C:/PROGRA~2/ARMGNU~1/133167~1.3RE/bin/../lib/gcc/arm-none-eabi/13.3.1/thumb/v7-m/nofp\libg.a(libc_a-locale.o)
 .ARM.attributes
                0x0000089c       0x2d C:/PROGRA~2/ARMGNU~1/133167~1.3RE/bin/../lib/gcc/arm-none-eabi/13.3.1/thumb/v7-m/nofp\libg.a(libc_a-localeconv.o)
 .ARM.attributes
                0x000008c9       0x2d C:/PROGRA~2/ARMGNU~1/133167~1.3RE/bin/../lib/gcc/arm-none-eabi/13.3.1/thumb/v7-m/nofp\libg.a(libc_a-sbrkr.o)
 .ARM.attributes
                0x000008f6       0x2d C:/PROGRA~2/ARMGNU~1/133167~1.3RE/bin/../lib/gcc/arm-none-eabi/13.3.1/thumb/v7-m/nofp\libg.a(libc_a-fini.o)
 .ARM.attributes
                0x00000923       0x2d C:/PROGRA~2/ARMGNU~1/133167~1.3RE/bin/../lib/gcc/arm-none-eabi/13.3.1/thumb/v7-m/nofp\libg.a(libc_a-sysconf.o)
 .ARM.attributes
                0x00000950       0x2d C:/PROGRA~2/ARMGNU~1/133167~1.3RE/bin/../lib/gcc/arm-none-eabi/13.3.1/thumb/v7-m/nofp\libg.a(libc_a-memchr-stub.o)
 .ARM.attributes
                0x0000097d       0x2d C:/PROGRA~2/ARMGNU~1/133167~1.3RE/bin/../lib/gcc/arm-none-eabi/13.3.1/thumb/v7-m/nofp\libg.a(libm_a-s_frexp.o)
 .ARM.attributes
                0x000009aa       0x2d C:/PROGRA~2/ARMGNU~1/133167~1.3RE/bin/../lib/gcc/arm-none-eabi/13.3.1/thumb/v7-m/nofp\libg.a(libc_a-__atexit.o)
 .ARM.attributes
                0x000009d7       0x2d C:/PROGRA~2/ARMGNU~1/133167~1.3RE/bin/../lib/gcc/arm-none-eabi/13.3.1/thumb/v7-m/nofp\libg.a(libc_a-dtoa.o)
 .ARM.attributes
                0x00000a04       0x2d C:/PROGRA~2/ARMGNU~1/133167~1.3RE/bin/../lib/gcc/arm-none-eabi/13.3.1/thumb/v7-m/nofp\libg.a(libc_a-mbtowc_r.o)
 .ARM.attributes
                0x00000a31       0x2d C:/PROGRA~2/ARMGNU~1/133167~1.3RE/bin/../lib/gcc/arm-none-eabi/13.3.1/thumb/v7-m/nofp\libg.a(libc_a-mprec.o)
 .ARM.attributes
                0x00000a5e       0x2d C:/PROGRA~2/ARMGNU~1/133167~1.3RE/bin/../lib/gcc/arm-none-eabi/13.3.1/thumb/v7-m/nofp\libg.a(libc_a-reallocr.o)
 .ARM.attributes
                0x00000a8b       0x2d C:/PROGRA~2/ARMGNU~1/133167~1.3RE/bin/../lib/gcc/arm-none-eabi/13.3.1/thumb/v7-m/nofp\libg.a(libc_a-wctomb_r.o)
 .ARM.attributes
                0x00000ab8       0x2d C:/PROGRA~2/ARMGNU~1/133167~1.3RE/bin/../lib/gcc/arm-none-eabi/13.3.1/thumb/v7-m/nofp\libg.a(libc_a-wcrtomb.o)
 .ARM.attributes
                0x00000ae5       0x2d C:/PROGRA~2/ARMGNU~1/133167~1.3RE/bin/../lib/gcc/arm-none-eabi/13.3.1/thumb/v7-m/nofp\libg.a(libc_a-wcsrtombs.o)
 .ARM.attributes
                0x00000b12       0x2d C:/PROGRA~2/ARMGNU~1/133167~1.3RE/bin/../lib/gcc/arm-none-eabi/13.3.1/thumb/v7-m/nofp\libg.a(libc_a-ctype_.o)
 .ARM.attributes
                0x00000b3f       0x2d C:/PROGRA~2/ARMGNU~1/133167~1.3RE/bin/../lib/gcc/arm-none-eabi/13.3.1/thumb/v7-m/nofp\libg.a(libc_a-ssputs_r.o)
 .ARM.attributes
                0x00000b6c       0x2d C:/PROGRA~2/ARMGNU~1/133167~1.3RE/bin/../lib/gcc/arm-none-eabi/13.3.1/thumb/v7-m/nofp\libg.a(libc_a-makebuf.o)
 .ARM.attributes
                0x00000b99       0x2d C:/PROGRA~2/ARMGNU~1/133167~1.3RE/bin/../lib/gcc/arm-none-eabi/13.3.1/thumb/v7-m/nofp\libg.a(libc_a-fstatr.o)
 .ARM.attributes
                0x00000bc6       0x2d C:/PROGRA~2/ARMGNU~1/133167~1.3RE/bin/../lib/gcc/arm-none-eabi/13.3.1/thumb/v7-m/nofp\libg.a(libc_a-isattyr.o)
 .ARM.attributes
                0x00000bf3       0x2d C:/PROGRA~2/ARMGNU~1/133167~1.3RE/bin/../lib/gcc/arm-none-eabi/13.3.1/thumb/v7-m/nofp\libg.a(libc_a-assert.o)
 .ARM.attributes
                0x00000c20       0x2d C:/PROGRA~2/ARMGNU~1/133167~1.3RE/bin/../lib/gcc/arm-none-eabi/13.3.1/thumb/v7-m/nofp\libg.a(libc_a-callocr.o)
 .ARM.attributes
                0x00000c4d       0x2d C:/PROGRA~2/ARMGNU~1/133167~1.3RE/bin/../lib/gcc/arm-none-eabi/13.3.1/thumb/v7-m/nofp\libg.a(libc_a-wcsnrtombs.o)
 .ARM.attributes
                0x00000c7a       0x2d C:/PROGRA~2/ARMGNU~1/133167~1.3RE/bin/../lib/gcc/arm-none-eabi/13.3.1/thumb/v7-m/nofp\libg.a(libc_a-fiprintf.o)
 .ARM.attributes
                0x00000ca7       0x2d C:/PROGRA~2/ARMGNU~1/133167~1.3RE/bin/../lib/gcc/arm-none-eabi/13.3.1/thumb/v7-m/nofp\libg.a(libc_a-vfiprintf.o)
 .ARM.attributes
                0x00000cd4       0x2d C:/PROGRA~2/ARMGNU~1/133167~1.3RE/bin/../lib/gcc/arm-none-eabi/13.3.1/thumb/v7-m/nofp\libg.a(libc_a-abort.o)
 .ARM.attributes
                0x00000d01       0x2d C:/PROGRA~2/ARMGNU~1/133167~1.3RE/bin/../lib/gcc/arm-none-eabi/13.3.1/thumb/v7-m/nofp\libg.a(libc_a-signal.o)
 .ARM.attributes
                0x00000d2e       0x2d C:/PROGRA~2/ARMGNU~1/133167~1.3RE/bin/../lib/gcc/arm-none-eabi/13.3.1/thumb/v7-m/nofp\libg.a(libc_a-signalr.o)
 .ARM.attributes
                0x00000d5b       0x1d C:/PROGRA~2/ARMGNU~1/133167~1.3RE/bin/../lib/gcc/arm-none-eabi/13.3.1/thumb/v7-m/nofp\libgcc.a(_arm_addsubdf3.o)
 .ARM.attributes
                0x00000d78       0x1d C:/PROGRA~2/ARMGNU~1/133167~1.3RE/bin/../lib/gcc/arm-none-eabi/13.3.1/thumb/v7-m/nofp\libgcc.a(_arm_muldivdf3.o)
 .ARM.attributes
                0x00000d95       0x1d C:/PROGRA~2/ARMGNU~1/133167~1.3RE/bin/../lib/gcc/arm-none-eabi/13.3.1/thumb/v7-m/nofp\libgcc.a(_arm_cmpdf2.o)
 .ARM.attributes
                0x00000db2       0x1d C:/PROGRA~2/ARMGNU~1/133167~1.3RE/bin/../lib/gcc/arm-none-eabi/13.3.1/thumb/v7-m/nofp\libgcc.a(_arm_unorddf2.o)
 .ARM.attributes
                0x00000dcf       0x1d C:/PROGRA~2/ARMGNU~1/133167~1.3RE/bin/../lib/gcc/arm-none-eabi/13.3.1/thumb/v7-m/nofp\libgcc.a(_arm_fixdfsi.o)
 .ARM.attributes
                0x00000dec       0x2d C:/PROGRA~2/ARMGNU~1/133167~1.3RE/bin/../lib/gcc/arm-none-eabi/13.3.1/thumb/v7-m/nofp/crtend.o
 .ARM.attributes
                0x00000e19       0x1d C:/PROGRA~2/ARMGNU~1/133167~1.3RE/bin/../lib/gcc/arm-none-eabi/13.3.1/thumb/v7-m/nofp/crtn.o
OUTPUT(i2c_rm3100.elf elf32-littlearm)
LOAD linker stubs
LOAD C:/PROGRA~2/ARMGNU~1/133167~1.3RE/bin/../lib/gcc/arm-none-eabi/13.3.1/thumb/v7-m/nofp\libc.a
LOAD C:/PROGRA~2/ARMGNU~1/133167~1.3RE/bin/../lib/gcc/arm-none-eabi/13.3.1/thumb/v7-m/nofp\libm.a
LOAD C:/PROGRA~2/ARMGNU~1/133167~1.3RE/bin/../lib/gcc/arm-none-eabi/13.3.1/thumb/v7-m/nofp\libgcc.a

.debug_info     0x00000000     0xd2ca
 .debug_info    0x00000000      0xfe2 CMakeFiles/i2c_rm3100.elf.dir/Core/Src/main.c.obj
 .debug_info    0x00000fe2      0xc61 CMakeFiles/i2c_rm3100.elf.dir/Core/Src/rm3100.c.obj
 .debug_info    0x00001c43      0xc4b CMakeFiles/i2c_rm3100.elf.dir/Core/Src/stm32f1xx_hal_msp.c.obj
 .debug_info    0x0000288e      0x11d CMakeFiles/i2c_rm3100.elf.dir/Core/Src/stm32f1xx_it.c.obj
 .debug_info    0x000029ab      0x789 CMakeFiles/i2c_rm3100.elf.dir/Core/Src/syscalls.c.obj
 .debug_info    0x00003134      0x171 CMakeFiles/i2c_rm3100.elf.dir/Core/Src/sysmem.c.obj
 .debug_info    0x000032a5      0x22d CMakeFiles/i2c_rm3100.elf.dir/Core/Src/system_stm32f1xx.c.obj
 .debug_info    0x000034d2       0x30 CMakeFiles/i2c_rm3100.elf.dir/Core/Startup/startup_stm32f103c8tx.s.obj
 .debug_info    0x00003502      0x7a2 CMakeFiles/i2c_rm3100.elf.dir/Drivers/STM32F1xx_HAL_Driver/Src/stm32f1xx_hal.c.obj
 .debug_info    0x00003ca4      0xcd9 CMakeFiles/i2c_rm3100.elf.dir/Drivers/STM32F1xx_HAL_Driver/Src/stm32f1xx_hal_cortex.c.obj
 .debug_info    0x0000497d      0x604 CMakeFiles/i2c_rm3100.elf.dir/Drivers/STM32F1xx_HAL_Driver/Src/stm32f1xx_hal_gpio.c.obj
 .debug_info    0x00004f81     0x3905 CMakeFiles/i2c_rm3100.elf.dir/Drivers/STM32F1xx_HAL_Driver/Src/stm32f1xx_hal_i2c.c.obj
 .debug_info    0x00008886      0x9c7 CMakeFiles/i2c_rm3100.elf.dir/Drivers/STM32F1xx_HAL_Driver/Src/stm32f1xx_hal_rcc.c.obj
 .debug_info    0x0000924d     0x407d CMakeFiles/i2c_rm3100.elf.dir/Drivers/STM32F1xx_HAL_Driver/Src/stm32f1xx_hal_uart.c.obj

.debug_abbrev   0x00000000     0x1b7e
 .debug_abbrev  0x00000000      0x2c7 CMakeFiles/i2c_rm3100.elf.dir/Core/Src/main.c.obj
 .debug_abbrev  0x000002c7      0x241 CMakeFiles/i2c_rm3100.elf.dir/Core/Src/rm3100.c.obj
 .debug_abbrev  0x00000508      0x1dd CMakeFiles/i2c_rm3100.elf.dir/Core/Src/stm32f1xx_hal_msp.c.obj
 .debug_abbrev  0x000006e5       0x7c CMakeFiles/i2c_rm3100.elf.dir/Core/Src/stm32f1xx_it.c.obj
 .debug_abbrev  0x00000761      0x1c1 CMakeFiles/i2c_rm3100.elf.dir/Core/Src/syscalls.c.obj
 .debug_abbrev  0x00000922       0xea CMakeFiles/i2c_rm3100.elf.dir/Core/Src/sysmem.c.obj
 .debug_abbrev  0x00000a0c      0x143 CMakeFiles/i2c_rm3100.elf.dir/Core/Src/system_stm32f1xx.c.obj
 .debug_abbrev  0x00000b4f       0x24 CMakeFiles/i2c_rm3100.elf.dir/Core/Startup/startup_stm32f103c8tx.s.obj
 .debug_abbrev  0x00000b73      0x22d CMakeFiles/i2c_rm3100.elf.dir/Drivers/STM32F1xx_HAL_Driver/Src/stm32f1xx_hal.c.obj
 .debug_abbrev  0x00000da0      0x36d CMakeFiles/i2c_rm3100.elf.dir/Drivers/STM32F1xx_HAL_Driver/Src/stm32f1xx_hal_cortex.c.obj
 .debug_abbrev  0x0000110d      0x1f7 CMakeFiles/i2c_rm3100.elf.dir/Drivers/STM32F1xx_HAL_Driver/Src/stm32f1xx_hal_gpio.c.obj
 .debug_abbrev  0x00001304      0x2be CMakeFiles/i2c_rm3100.elf.dir/Drivers/STM32F1xx_HAL_Driver/Src/stm32f1xx_hal_i2c.c.obj
 .debug_abbrev  0x000015c2      0x2a0 CMakeFiles/i2c_rm3100.elf.dir/Drivers/STM32F1xx_HAL_Driver/Src/stm32f1xx_hal_rcc.c.obj
 .debug_abbrev  0x00001862      0x31c CMakeFiles/i2c_rm3100.elf.dir/Drivers/STM32F1xx_HAL_Driver/Src/stm32f1xx_hal_uart.c.obj

.debug_aranges  0x00000000      0x980
 .debug_aranges
                0x00000000       0x50 CMakeFiles/i2c_rm3100.elf.dir/Core/Src/main.c.obj
 .debug_aranges
                0x00000050       0x40 CMakeFiles/i2c_rm3100.elf.dir/Core/Src/rm3100.c.obj
 .debug_aranges
                0x00000090       0x40 CMakeFiles/i2c_rm3100.elf.dir/Core/Src/stm32f1xx_hal_msp.c.obj
 .debug_aranges
                0x000000d0       0x60 CMakeFiles/i2c_rm3100.elf.dir/Core/Src/stm32f1xx_it.c.obj
 .debug_aranges
                0x00000130       0xa8 CMakeFiles/i2c_rm3100.elf.dir/Core/Src/syscalls.c.obj
 .debug_aranges
                0x000001d8       0x20 CMakeFiles/i2c_rm3100.elf.dir/Core/Src/sysmem.c.obj
 .debug_aranges
                0x000001f8       0x28 CMakeFiles/i2c_rm3100.elf.dir/Core/Src/system_stm32f1xx.c.obj
 .debug_aranges
                0x00000220       0x28 CMakeFiles/i2c_rm3100.elf.dir/Core/Startup/startup_stm32f103c8tx.s.obj
 .debug_aranges
                0x00000248       0xe0 CMakeFiles/i2c_rm3100.elf.dir/Drivers/STM32F1xx_HAL_Driver/Src/stm32f1xx_hal.c.obj
 .debug_aranges
                0x00000328       0xc0 CMakeFiles/i2c_rm3100.elf.dir/Drivers/STM32F1xx_HAL_Driver/Src/stm32f1xx_hal_cortex.c.obj
 .debug_aranges
                0x000003e8       0x58 CMakeFiles/i2c_rm3100.elf.dir/Drivers/STM32F1xx_HAL_Driver/Src/stm32f1xx_hal_gpio.c.obj
 .debug_aranges
                0x00000440      0x2a8 CMakeFiles/i2c_rm3100.elf.dir/Drivers/STM32F1xx_HAL_Driver/Src/stm32f1xx_hal_i2c.c.obj
 .debug_aranges
                0x000006e8       0x90 CMakeFiles/i2c_rm3100.elf.dir/Drivers/STM32F1xx_HAL_Driver/Src/stm32f1xx_hal_rcc.c.obj
 .debug_aranges
                0x00000778      0x208 CMakeFiles/i2c_rm3100.elf.dir/Drivers/STM32F1xx_HAL_Driver/Src/stm32f1xx_hal_uart.c.obj

.debug_rnglists
                0x00000000      0x755
 .debug_rnglists
                0x00000000       0x38 CMakeFiles/i2c_rm3100.elf.dir/Core/Src/main.c.obj
 .debug_rnglists
                0x00000038       0x2e CMakeFiles/i2c_rm3100.elf.dir/Core/Src/rm3100.c.obj
 .debug_rnglists
                0x00000066       0x2c CMakeFiles/i2c_rm3100.elf.dir/Core/Src/stm32f1xx_hal_msp.c.obj
 .debug_rnglists
                0x00000092       0x43 CMakeFiles/i2c_rm3100.elf.dir/Core/Src/stm32f1xx_it.c.obj
 .debug_rnglists
                0x000000d5       0x79 CMakeFiles/i2c_rm3100.elf.dir/Core/Src/syscalls.c.obj
 .debug_rnglists
                0x0000014e       0x13 CMakeFiles/i2c_rm3100.elf.dir/Core/Src/sysmem.c.obj
 .debug_rnglists
                0x00000161       0x1a CMakeFiles/i2c_rm3100.elf.dir/Core/Src/system_stm32f1xx.c.obj
 .debug_rnglists
                0x0000017b       0x19 CMakeFiles/i2c_rm3100.elf.dir/Core/Startup/startup_stm32f103c8tx.s.obj
 .debug_rnglists
                0x00000194       0xa3 CMakeFiles/i2c_rm3100.elf.dir/Drivers/STM32F1xx_HAL_Driver/Src/stm32f1xx_hal.c.obj
 .debug_rnglists
                0x00000237       0x8b CMakeFiles/i2c_rm3100.elf.dir/Drivers/STM32F1xx_HAL_Driver/Src/stm32f1xx_hal_cortex.c.obj
 .debug_rnglists
                0x000002c2       0x3f CMakeFiles/i2c_rm3100.elf.dir/Drivers/STM32F1xx_HAL_Driver/Src/stm32f1xx_hal_gpio.c.obj
 .debug_rnglists
                0x00000301      0x236 CMakeFiles/i2c_rm3100.elf.dir/Drivers/STM32F1xx_HAL_Driver/Src/stm32f1xx_hal_i2c.c.obj
 .debug_rnglists
                0x00000537       0x7d CMakeFiles/i2c_rm3100.elf.dir/Drivers/STM32F1xx_HAL_Driver/Src/stm32f1xx_hal_rcc.c.obj
 .debug_rnglists
                0x000005b4      0x1a1 CMakeFiles/i2c_rm3100.elf.dir/Drivers/STM32F1xx_HAL_Driver/Src/stm32f1xx_hal_uart.c.obj

.debug_line     0x00000000     0xc3e1
 .debug_line    0x00000000      0x60f CMakeFiles/i2c_rm3100.elf.dir/Core/Src/main.c.obj
 .debug_line    0x0000060f      0x4ed CMakeFiles/i2c_rm3100.elf.dir/Core/Src/rm3100.c.obj
 .debug_line    0x00000afc      0x3cd CMakeFiles/i2c_rm3100.elf.dir/Core/Src/stm32f1xx_hal_msp.c.obj
 .debug_line    0x00000ec9      0x18d CMakeFiles/i2c_rm3100.elf.dir/Core/Src/stm32f1xx_it.c.obj
 .debug_line    0x00001056      0x3e2 CMakeFiles/i2c_rm3100.elf.dir/Core/Src/syscalls.c.obj
 .debug_line    0x00001438      0x1bb CMakeFiles/i2c_rm3100.elf.dir/Core/Src/sysmem.c.obj
 .debug_line    0x000015f3      0x257 CMakeFiles/i2c_rm3100.elf.dir/Core/Src/system_stm32f1xx.c.obj
 .debug_line    0x0000184a       0x78 CMakeFiles/i2c_rm3100.elf.dir/Core/Startup/startup_stm32f103c8tx.s.obj
 .debug_line    0x000018c2      0x590 CMakeFiles/i2c_rm3100.elf.dir/Drivers/STM32F1xx_HAL_Driver/Src/stm32f1xx_hal.c.obj
 .debug_line    0x00001e52      0x6e1 CMakeFiles/i2c_rm3100.elf.dir/Drivers/STM32F1xx_HAL_Driver/Src/stm32f1xx_hal_cortex.c.obj
 .debug_line    0x00002533      0x60a CMakeFiles/i2c_rm3100.elf.dir/Drivers/STM32F1xx_HAL_Driver/Src/stm32f1xx_hal_gpio.c.obj
 .debug_line    0x00002b3d     0x5643 CMakeFiles/i2c_rm3100.elf.dir/Drivers/STM32F1xx_HAL_Driver/Src/stm32f1xx_hal_i2c.c.obj
 .debug_line    0x00008180      0xce4 CMakeFiles/i2c_rm3100.elf.dir/Drivers/STM32F1xx_HAL_Driver/Src/stm32f1xx_hal_rcc.c.obj
 .debug_line    0x00008e64     0x357d CMakeFiles/i2c_rm3100.elf.dir/Drivers/STM32F1xx_HAL_Driver/Src/stm32f1xx_hal_uart.c.obj

.debug_str      0x00000000     0x2dab
 .debug_str     0x00000000     0x2dab CMakeFiles/i2c_rm3100.elf.dir/Core/Src/main.c.obj
                                0xb39 (size before relaxing)
 .debug_str     0x00002dab      0x7b7 CMakeFiles/i2c_rm3100.elf.dir/Core/Src/rm3100.c.obj
 .debug_str     0x00002dab      0x97a CMakeFiles/i2c_rm3100.elf.dir/Core/Src/stm32f1xx_hal_msp.c.obj
 .debug_str     0x00002dab      0x260 CMakeFiles/i2c_rm3100.elf.dir/Core/Src/stm32f1xx_it.c.obj
 .debug_str     0x00002dab      0x42a CMakeFiles/i2c_rm3100.elf.dir/Core/Src/syscalls.c.obj
 .debug_str     0x00002dab      0x256 CMakeFiles/i2c_rm3100.elf.dir/Core/Src/sysmem.c.obj
 .debug_str     0x00002dab      0x292 CMakeFiles/i2c_rm3100.elf.dir/Core/Src/system_stm32f1xx.c.obj
 .debug_str     0x00002dab       0xa3 CMakeFiles/i2c_rm3100.elf.dir/Core/Startup/startup_stm32f103c8tx.s.obj
 .debug_str     0x00002dab      0x86c CMakeFiles/i2c_rm3100.elf.dir/Drivers/STM32F1xx_HAL_Driver/Src/stm32f1xx_hal.c.obj
 .debug_str     0x00002dab      0x911 CMakeFiles/i2c_rm3100.elf.dir/Drivers/STM32F1xx_HAL_Driver/Src/stm32f1xx_hal_cortex.c.obj
 .debug_str     0x00002dab      0x43e CMakeFiles/i2c_rm3100.elf.dir/Drivers/STM32F1xx_HAL_Driver/Src/stm32f1xx_hal_gpio.c.obj
 .debug_str     0x00002dab     0x1003 CMakeFiles/i2c_rm3100.elf.dir/Drivers/STM32F1xx_HAL_Driver/Src/stm32f1xx_hal_i2c.c.obj
 .debug_str     0x00002dab      0x669 CMakeFiles/i2c_rm3100.elf.dir/Drivers/STM32F1xx_HAL_Driver/Src/stm32f1xx_hal_rcc.c.obj
 .debug_str     0x00002dab      0xd32 CMakeFiles/i2c_rm3100.elf.dir/Drivers/STM32F1xx_HAL_Driver/Src/stm32f1xx_hal_uart.c.obj

.comment        0x00000000       0x45
 .comment       0x00000000       0x45 CMakeFiles/i2c_rm3100.elf.dir/Core/Src/main.c.obj
                                 0x46 (size before relaxing)
 .comment       0x00000045       0x46 CMakeFiles/i2c_rm3100.elf.dir/Core/Src/rm3100.c.obj
 .comment       0x00000045       0x46 CMakeFiles/i2c_rm3100.elf.dir/Core/Src/stm32f1xx_hal_msp.c.obj
 .comment       0x00000045       0x46 CMakeFiles/i2c_rm3100.elf.dir/Core/Src/stm32f1xx_it.c.obj
 .comment       0x00000045       0x46 CMakeFiles/i2c_rm3100.elf.dir/Core/Src/syscalls.c.obj
 .comment       0x00000045       0x46 CMakeFiles/i2c_rm3100.elf.dir/Core/Src/sysmem.c.obj
 .comment       0x00000045       0x46 CMakeFiles/i2c_rm3100.elf.dir/Core/Src/system_stm32f1xx.c.obj
 .comment       0x00000045       0x46 CMakeFiles/i2c_rm3100.elf.dir/Drivers/STM32F1xx_HAL_Driver/Src/stm32f1xx_hal.c.obj
 .comment       0x00000045       0x46 CMakeFiles/i2c_rm3100.elf.dir/Drivers/STM32F1xx_HAL_Driver/Src/stm32f1xx_hal_cortex.c.obj
 .comment       0x00000045       0x46 CMakeFiles/i2c_rm3100.elf.dir/Drivers/STM32F1xx_HAL_Driver/Src/stm32f1xx_hal_gpio.c.obj
 .comment       0x00000045       0x46 CMakeFiles/i2c_rm3100.elf.dir/Drivers/STM32F1xx_HAL_Driver/Src/stm32f1xx_hal_i2c.c.obj
 .comment       0x00000045       0x46 CMakeFiles/i2c_rm3100.elf.dir/Drivers/STM32F1xx_HAL_Driver/Src/stm32f1xx_hal_rcc.c.obj
 .comment       0x00000045       0x46 CMakeFiles/i2c_rm3100.elf.dir/Drivers/STM32F1xx_HAL_Driver/Src/stm32f1xx_hal_uart.c.obj

.debug_frame    0x00000000     0x3214
 .debug_frame   0x00000000       0xbc CMakeFiles/i2c_rm3100.elf.dir/Core/Src/main.c.obj
 .debug_frame   0x000000bc       0xe0 CMakeFiles/i2c_rm3100.elf.dir/Core/Src/rm3100.c.obj
 .debug_frame   0x0000019c       0x98 CMakeFiles/i2c_rm3100.elf.dir/Core/Src/stm32f1xx_hal_msp.c.obj
 .debug_frame   0x00000234       0xa8 CMakeFiles/i2c_rm3100.elf.dir/Core/Src/stm32f1xx_it.c.obj
 .debug_frame   0x000002dc      0x190 CMakeFiles/i2c_rm3100.elf.dir/Core/Src/syscalls.c.obj
 .debug_frame   0x0000046c       0x28 CMakeFiles/i2c_rm3100.elf.dir/Core/Src/sysmem.c.obj
 .debug_frame   0x00000494       0x30 CMakeFiles/i2c_rm3100.elf.dir/Core/Src/system_stm32f1xx.c.obj
 .debug_frame   0x000004c4      0x1cc CMakeFiles/i2c_rm3100.elf.dir/Drivers/STM32F1xx_HAL_Driver/Src/stm32f1xx_hal.c.obj
 .debug_frame   0x00000690      0x19c CMakeFiles/i2c_rm3100.elf.dir/Drivers/STM32F1xx_HAL_Driver/Src/stm32f1xx_hal_cortex.c.obj
 .debug_frame   0x0000082c       0xe4 CMakeFiles/i2c_rm3100.elf.dir/Drivers/STM32F1xx_HAL_Driver/Src/stm32f1xx_hal_gpio.c.obj
 .debug_frame   0x00000910      0x984 CMakeFiles/i2c_rm3100.elf.dir/Drivers/STM32F1xx_HAL_Driver/Src/stm32f1xx_hal_i2c.c.obj
 .debug_frame   0x00001294      0x184 CMakeFiles/i2c_rm3100.elf.dir/Drivers/STM32F1xx_HAL_Driver/Src/stm32f1xx_hal_rcc.c.obj
 .debug_frame   0x00001418      0x5d4 CMakeFiles/i2c_rm3100.elf.dir/Drivers/STM32F1xx_HAL_Driver/Src/stm32f1xx_hal_uart.c.obj
 .debug_frame   0x000019ec      0x13c C:/PROGRA~2/ARMGNU~1/133167~1.3RE/bin/../lib/gcc/arm-none-eabi/13.3.1/thumb/v7-m/nofp\libg.a(libc_a-findfp.o)
 .debug_frame   0x00001b28       0x34 C:/PROGRA~2/ARMGNU~1/133167~1.3RE/bin/../lib/gcc/arm-none-eabi/13.3.1/thumb/v7-m/nofp\libg.a(libc_a-fwalk.o)
 .debug_frame   0x00001b5c       0x74 C:/PROGRA~2/ARMGNU~1/133167~1.3RE/bin/../lib/gcc/arm-none-eabi/13.3.1/thumb/v7-m/nofp\libg.a(libc_a-printf.o)
 .debug_frame   0x00001bd0       0x48 C:/PROGRA~2/ARMGNU~1/133167~1.3RE/bin/../lib/gcc/arm-none-eabi/13.3.1/thumb/v7-m/nofp\libg.a(libc_a-puts.o)
 .debug_frame   0x00001c18       0x94 C:/PROGRA~2/ARMGNU~1/133167~1.3RE/bin/../lib/gcc/arm-none-eabi/13.3.1/thumb/v7-m/nofp\libg.a(libc_a-snprintf.o)
 .debug_frame   0x00001cac       0x8c C:/PROGRA~2/ARMGNU~1/133167~1.3RE/bin/../lib/gcc/arm-none-eabi/13.3.1/thumb/v7-m/nofp\libg.a(libc_a-stdio.o)
 .debug_frame   0x00001d38       0x2c C:/PROGRA~2/ARMGNU~1/133167~1.3RE/bin/../lib/gcc/arm-none-eabi/13.3.1/thumb/v7-m/nofp\libg.a(libc_a-memset.o)
 .debug_frame   0x00001d64       0x2c C:/PROGRA~2/ARMGNU~1/133167~1.3RE/bin/../lib/gcc/arm-none-eabi/13.3.1/thumb/v7-m/nofp\libg.a(libc_a-closer.o)
 .debug_frame   0x00001d90       0x3c C:/PROGRA~2/ARMGNU~1/133167~1.3RE/bin/../lib/gcc/arm-none-eabi/13.3.1/thumb/v7-m/nofp\libg.a(libc_a-reent.o)
 .debug_frame   0x00001dcc       0x2c C:/PROGRA~2/ARMGNU~1/133167~1.3RE/bin/../lib/gcc/arm-none-eabi/13.3.1/thumb/v7-m/nofp\libg.a(libc_a-lseekr.o)
 .debug_frame   0x00001df8       0x2c C:/PROGRA~2/ARMGNU~1/133167~1.3RE/bin/../lib/gcc/arm-none-eabi/13.3.1/thumb/v7-m/nofp\libg.a(libc_a-readr.o)
 .debug_frame   0x00001e24       0x2c C:/PROGRA~2/ARMGNU~1/133167~1.3RE/bin/../lib/gcc/arm-none-eabi/13.3.1/thumb/v7-m/nofp\libg.a(libc_a-writer.o)
 .debug_frame   0x00001e50       0x20 C:/PROGRA~2/ARMGNU~1/133167~1.3RE/bin/../lib/gcc/arm-none-eabi/13.3.1/thumb/v7-m/nofp\libg.a(libc_a-errno.o)
 .debug_frame   0x00001e70       0x2c C:/PROGRA~2/ARMGNU~1/133167~1.3RE/bin/../lib/gcc/arm-none-eabi/13.3.1/thumb/v7-m/nofp\libg.a(libc_a-init.o)
 .debug_frame   0x00001e9c       0xb0 C:/PROGRA~2/ARMGNU~1/133167~1.3RE/bin/../lib/gcc/arm-none-eabi/13.3.1/thumb/v7-m/nofp\libg.a(libc_a-lock.o)
 .debug_frame   0x00001f4c       0x20 C:/PROGRA~2/ARMGNU~1/133167~1.3RE/bin/../lib/gcc/arm-none-eabi/13.3.1/thumb/v7-m/nofp\libg.a(libc_a-strlen-stub.o)
 .debug_frame   0x00001f6c       0x5c C:/PROGRA~2/ARMGNU~1/133167~1.3RE/bin/../lib/gcc/arm-none-eabi/13.3.1/thumb/v7-m/nofp\libg.a(libc_a-__call_atexit.o)
 .debug_frame   0x00001fc8       0x20 C:/PROGRA~2/ARMGNU~1/133167~1.3RE/bin/../lib/gcc/arm-none-eabi/13.3.1/thumb/v7-m/nofp\libg.a(libc_a-atexit.o)
 .debug_frame   0x00001fe8       0x78 C:/PROGRA~2/ARMGNU~1/133167~1.3RE/bin/../lib/gcc/arm-none-eabi/13.3.1/thumb/v7-m/nofp\libg.a(libc_a-freer.o)
 .debug_frame   0x00002060       0x48 C:/PROGRA~2/ARMGNU~1/133167~1.3RE/bin/../lib/gcc/arm-none-eabi/13.3.1/thumb/v7-m/nofp\libg.a(libc_a-mallocr.o)
 .debug_frame   0x000020a8       0x30 C:/PROGRA~2/ARMGNU~1/133167~1.3RE/bin/../lib/gcc/arm-none-eabi/13.3.1/thumb/v7-m/nofp\libg.a(libc_a-mlock.o)
 .debug_frame   0x000020d8       0x44 C:/PROGRA~2/ARMGNU~1/133167~1.3RE/bin/../lib/gcc/arm-none-eabi/13.3.1/thumb/v7-m/nofp\libg.a(libc_a-svfprintf.o)
 .debug_frame   0x0000211c       0x88 C:/PROGRA~2/ARMGNU~1/133167~1.3RE/bin/../lib/gcc/arm-none-eabi/13.3.1/thumb/v7-m/nofp\libg.a(libc_a-vfprintf.o)
 .debug_frame   0x000021a4       0x28 C:/PROGRA~2/ARMGNU~1/133167~1.3RE/bin/../lib/gcc/arm-none-eabi/13.3.1/thumb/v7-m/nofp\libg.a(libc_a-sprint_r.o)
 .debug_frame   0x000021cc       0x30 C:/PROGRA~2/ARMGNU~1/133167~1.3RE/bin/../lib/gcc/arm-none-eabi/13.3.1/thumb/v7-m/nofp\libg.a(libc_a-ssprint_r.o)
 .debug_frame   0x000021fc       0x3c C:/PROGRA~2/ARMGNU~1/133167~1.3RE/bin/../lib/gcc/arm-none-eabi/13.3.1/thumb/v7-m/nofp\libg.a(libc_a-fclose.o)
 .debug_frame   0x00002238       0x70 C:/PROGRA~2/ARMGNU~1/133167~1.3RE/bin/../lib/gcc/arm-none-eabi/13.3.1/thumb/v7-m/nofp\libg.a(libc_a-fflush.o)
 .debug_frame   0x000022a8       0x64 C:/PROGRA~2/ARMGNU~1/133167~1.3RE/bin/../lib/gcc/arm-none-eabi/13.3.1/thumb/v7-m/nofp\libg.a(libc_a-fvwrite.o)
 .debug_frame   0x0000230c       0x2c C:/PROGRA~2/ARMGNU~1/133167~1.3RE/bin/../lib/gcc/arm-none-eabi/13.3.1/thumb/v7-m/nofp\libg.a(libc_a-wsetup.o)
 .debug_frame   0x00002338       0x40 C:/PROGRA~2/ARMGNU~1/133167~1.3RE/bin/../lib/gcc/arm-none-eabi/13.3.1/thumb/v7-m/nofp\libg.a(libc_a-memmove.o)
 .debug_frame   0x00002378       0x28 C:/PROGRA~2/ARMGNU~1/133167~1.3RE/bin/../lib/gcc/arm-none-eabi/13.3.1/thumb/v7-m/nofp\libg.a(libc_a-strncpy.o)
 .debug_frame   0x000023a0       0xdc C:/PROGRA~2/ARMGNU~1/133167~1.3RE/bin/../lib/gcc/arm-none-eabi/13.3.1/thumb/v7-m/nofp\libg.a(libc_a-locale.o)
 .debug_frame   0x0000247c       0x40 C:/PROGRA~2/ARMGNU~1/133167~1.3RE/bin/../lib/gcc/arm-none-eabi/13.3.1/thumb/v7-m/nofp\libg.a(libc_a-localeconv.o)
 .debug_frame   0x000024bc       0x2c C:/PROGRA~2/ARMGNU~1/133167~1.3RE/bin/../lib/gcc/arm-none-eabi/13.3.1/thumb/v7-m/nofp\libg.a(libc_a-sbrkr.o)
 .debug_frame   0x000024e8       0x34 C:/PROGRA~2/ARMGNU~1/133167~1.3RE/bin/../lib/gcc/arm-none-eabi/13.3.1/thumb/v7-m/nofp\libg.a(libc_a-fini.o)
 .debug_frame   0x0000251c       0x28 C:/PROGRA~2/ARMGNU~1/133167~1.3RE/bin/../lib/gcc/arm-none-eabi/13.3.1/thumb/v7-m/nofp\libg.a(libc_a-sysconf.o)
 .debug_frame   0x00002544       0x2c C:/PROGRA~2/ARMGNU~1/133167~1.3RE/bin/../lib/gcc/arm-none-eabi/13.3.1/thumb/v7-m/nofp\libg.a(libc_a-memchr-stub.o)
 .debug_frame   0x00002570       0x30 C:/PROGRA~2/ARMGNU~1/133167~1.3RE/bin/../lib/gcc/arm-none-eabi/13.3.1/thumb/v7-m/nofp\libg.a(libm_a-s_frexp.o)
 .debug_frame   0x000025a0       0x34 C:/PROGRA~2/ARMGNU~1/133167~1.3RE/bin/../lib/gcc/arm-none-eabi/13.3.1/thumb/v7-m/nofp\libg.a(libc_a-__atexit.o)
 .debug_frame   0x000025d4       0x84 C:/PROGRA~2/ARMGNU~1/133167~1.3RE/bin/../lib/gcc/arm-none-eabi/13.3.1/thumb/v7-m/nofp\libg.a(libc_a-dtoa.o)
 .debug_frame   0x00002658      0x130 C:/PROGRA~2/ARMGNU~1/133167~1.3RE/bin/../lib/gcc/arm-none-eabi/13.3.1/thumb/v7-m/nofp\libg.a(libc_a-mbtowc_r.o)
 .debug_frame   0x00002788      0x270 C:/PROGRA~2/ARMGNU~1/133167~1.3RE/bin/../lib/gcc/arm-none-eabi/13.3.1/thumb/v7-m/nofp\libg.a(libc_a-mprec.o)
 .debug_frame   0x000029f8       0x48 C:/PROGRA~2/ARMGNU~1/133167~1.3RE/bin/../lib/gcc/arm-none-eabi/13.3.1/thumb/v7-m/nofp\libg.a(libc_a-reallocr.o)
 .debug_frame   0x00002a40       0x9c C:/PROGRA~2/ARMGNU~1/133167~1.3RE/bin/../lib/gcc/arm-none-eabi/13.3.1/thumb/v7-m/nofp\libg.a(libc_a-wctomb_r.o)
 .debug_frame   0x00002adc       0x60 C:/PROGRA~2/ARMGNU~1/133167~1.3RE/bin/../lib/gcc/arm-none-eabi/13.3.1/thumb/v7-m/nofp\libg.a(libc_a-wcrtomb.o)
 .debug_frame   0x00002b3c       0x50 C:/PROGRA~2/ARMGNU~1/133167~1.3RE/bin/../lib/gcc/arm-none-eabi/13.3.1/thumb/v7-m/nofp\libg.a(libc_a-wcsrtombs.o)
 .debug_frame   0x00002b8c       0x20 C:/PROGRA~2/ARMGNU~1/133167~1.3RE/bin/../lib/gcc/arm-none-eabi/13.3.1/thumb/v7-m/nofp\libg.a(libc_a-ctype_.o)
 .debug_frame   0x00002bac       0x34 C:/PROGRA~2/ARMGNU~1/133167~1.3RE/bin/../lib/gcc/arm-none-eabi/13.3.1/thumb/v7-m/nofp\libg.a(libc_a-ssputs_r.o)
 .debug_frame   0x00002be0       0x70 C:/PROGRA~2/ARMGNU~1/133167~1.3RE/bin/../lib/gcc/arm-none-eabi/13.3.1/thumb/v7-m/nofp\libg.a(libc_a-makebuf.o)
 .debug_frame   0x00002c50       0x2c C:/PROGRA~2/ARMGNU~1/133167~1.3RE/bin/../lib/gcc/arm-none-eabi/13.3.1/thumb/v7-m/nofp\libg.a(libc_a-fstatr.o)
 .debug_frame   0x00002c7c       0x2c C:/PROGRA~2/ARMGNU~1/133167~1.3RE/bin/../lib/gcc/arm-none-eabi/13.3.1/thumb/v7-m/nofp\libg.a(libc_a-isattyr.o)
 .debug_frame   0x00002ca8       0x40 C:/PROGRA~2/ARMGNU~1/133167~1.3RE/bin/../lib/gcc/arm-none-eabi/13.3.1/thumb/v7-m/nofp\libg.a(libc_a-assert.o)
 .debug_frame   0x00002ce8       0x2c C:/PROGRA~2/ARMGNU~1/133167~1.3RE/bin/../lib/gcc/arm-none-eabi/13.3.1/thumb/v7-m/nofp\libg.a(libc_a-callocr.o)
 .debug_frame   0x00002d14       0x8c C:/PROGRA~2/ARMGNU~1/133167~1.3RE/bin/../lib/gcc/arm-none-eabi/13.3.1/thumb/v7-m/nofp\libg.a(libc_a-wcsnrtombs.o)
 .debug_frame   0x00002da0       0x6c C:/PROGRA~2/ARMGNU~1/133167~1.3RE/bin/../lib/gcc/arm-none-eabi/13.3.1/thumb/v7-m/nofp\libg.a(libc_a-fiprintf.o)
 .debug_frame   0x00002e0c       0x88 C:/PROGRA~2/ARMGNU~1/133167~1.3RE/bin/../lib/gcc/arm-none-eabi/13.3.1/thumb/v7-m/nofp\libg.a(libc_a-vfiprintf.o)
 .debug_frame   0x00002e94       0x28 C:/PROGRA~2/ARMGNU~1/133167~1.3RE/bin/../lib/gcc/arm-none-eabi/13.3.1/thumb/v7-m/nofp\libg.a(libc_a-abort.o)
 .debug_frame   0x00002ebc      0x118 C:/PROGRA~2/ARMGNU~1/133167~1.3RE/bin/../lib/gcc/arm-none-eabi/13.3.1/thumb/v7-m/nofp\libg.a(libc_a-signal.o)
 .debug_frame   0x00002fd4       0x3c C:/PROGRA~2/ARMGNU~1/133167~1.3RE/bin/../lib/gcc/arm-none-eabi/13.3.1/thumb/v7-m/nofp\libg.a(libc_a-signalr.o)
 .debug_frame   0x00003010       0xac C:/PROGRA~2/ARMGNU~1/133167~1.3RE/bin/../lib/gcc/arm-none-eabi/13.3.1/thumb/v7-m/nofp\libgcc.a(_arm_addsubdf3.o)
 .debug_frame   0x000030bc       0x50 C:/PROGRA~2/ARMGNU~1/133167~1.3RE/bin/../lib/gcc/arm-none-eabi/13.3.1/thumb/v7-m/nofp\libgcc.a(_arm_muldivdf3.o)
 .debug_frame   0x0000310c       0xc4 C:/PROGRA~2/ARMGNU~1/133167~1.3RE/bin/../lib/gcc/arm-none-eabi/13.3.1/thumb/v7-m/nofp\libgcc.a(_arm_cmpdf2.o)